C:/ncs/v2.5.0/zephyr/include/zephyr/rtio/rtio_mpsc.h:147:38:rtio_mpsc_pop	4	static
C:/ncs/v2.5.0/zephyr/include/zephyr/rtio/rtio.h:644:20:rtio_cqe_pool_free	0	static
C:/ncs/v2.5.0/zephyr/include/zephyr/rtio/rtio.h:960:32:rtio_cqe_consume_block	8	static
C:/ncs/v2.5.0/zephyr/drivers/sensor/default_rtio_sensor.c:41:19:compute_num_samples	0	static
C:/ncs/v2.5.0/zephyr/drivers/sensor/default_rtio_sensor.c:257:12:get_frame_count	0	static
C:/ncs/v2.5.0/zephyr/drivers/sensor/default_rtio_sensor.c:271:12:get_timestamp	0	static
C:/ncs/v2.5.0/zephyr/drivers/sensor/default_rtio_sensor.c:286:12:get_shift	0	static
C:/ncs/v2.5.0/zephyr/drivers/sensor/default_rtio_sensor.c:311:12:decode	20	static
C:/ncs/v2.5.0/zephyr/drivers/sensor/default_rtio_sensor.c:72:19:check_header_contains_channel	8	static
C:/ncs/v2.5.0/zephyr/include/zephyr/rtio/rtio.h:1034:19:z_impl_rtio_cqe_get_mempool_buffer	16	static
C:/ncs/v2.5.0/zephyr/include/zephyr/rtio/rtio.h:651:19:rtio_block_pool_alloc	24	static
C:/ncs/v2.5.0/zephyr/include/zephyr/rtio/rtio.h:1161:19:rtio_sqe_rx_buf	24	static
C:/ncs/v2.5.0/zephyr/drivers/sensor/default_rtio_sensor.c:91:13:sensor_submit_fallback	160	dynamic,bounded
C:/ncs/v2.5.0/zephyr/drivers/sensor/default_rtio_sensor.c:17:13:sensor_iodev_submit	8	static
C:/ncs/v2.5.0/zephyr/include/zephyr/rtio/rtio.h:1218:20:z_impl_rtio_release_buffer	8	static
C:/ncs/v2.5.0/zephyr/drivers/sensor/default_rtio_sensor.c:223:6:sensor_processing_with_callback	32	static
