C:/ncs/v2.5.0/zephyr/include/zephyr/rtio/rtio_mpsc.h:147:38:rtio_mpsc_pop	4	static
C:/ncs/v2.5.0/zephyr/include/zephyr/rtio/rtio.h:605:38:rtio_sqe_pool_alloc	8	static
C:/ncs/v2.5.0/zephyr/include/zephyr/rtio/rtio.h:865:32:rtio_sqe_acquire	8	static
zephyr/include/generated/syscalls/sensor.h:26:19:sensor_attr_set	8	static
zephyr/include/generated/syscalls/sensor.h:52:19:sensor_attr_get	8	static
C:/ncs/v2.5.0/zephyr/drivers/sensor/sensor_shell.c:487:13:attribute_name_get	4	static
C:/ncs/v2.5.0/zephyr/drivers/sensor/sensor_shell.c:508:13:channel_name_get	4	static
C:/ncs/v2.5.0/zephyr/drivers/sensor/sensor_shell.c:561:13:trigger_name_get	4	static
C:/ncs/v2.5.0/zephyr/drivers/sensor/sensor_shell.c:583:13:trigger_on_off_get	0	static
C:/ncs/v2.5.0/zephyr/drivers/sensor/sensor_shell.c:538:13:device_name_get	8	static
C:/ncs/v2.5.0/zephyr/drivers/sensor/sensor_shell.c:549:13:device_name_get_for_attr	8	static
C:/ncs/v2.5.0/zephyr/drivers/sensor/sensor_shell.c:604:13:device_name_get_for_trigger	8	static
C:/ncs/v2.5.0/zephyr/include/zephyr/drivers/sensor.h:815:19:z_impl_sensor_get_decoder	8	static
C:/ncs/v2.5.0/zephyr/drivers/sensor/sensor_shell.c:652:13:data_ready_trigger_handler	128	dynamic,bounded
C:/ncs/v2.5.0/zephyr/drivers/sensor/sensor_shell.c:242:13:sensor_shell_processing_callback	88	static
C:/ncs/v2.5.0/zephyr/drivers/sensor/sensor_shell.c:703:12:cmd_trig_sensor	40	static
C:/ncs/v2.5.0/zephyr/drivers/sensor/sensor_shell.c:175:12:parse_named_int	32	static
C:/ncs/v2.5.0/zephyr/drivers/sensor/sensor_shell.c:417:13:cmd_sensor_attr_get_handler	56	static
C:/ncs/v2.5.0/zephyr/drivers/sensor/sensor_shell.c:453:12:cmd_sensor_attr_get	32	static
C:/ncs/v2.5.0/zephyr/drivers/sensor/sensor_shell.c:197:12:parse_sensor_value	32	static
C:/ncs/v2.5.0/zephyr/drivers/sensor/sensor_shell.c:374:12:cmd_sensor_attr_set	64	static
C:/ncs/v2.5.0/zephyr/include/zephyr/rtio/rtio.h:478:20:rtio_sqe_prep_read	0	static
C:/ncs/v2.5.0/zephyr/include/zephyr/rtio/rtio.h:1397:19:z_impl_rtio_submit	16	static
C:/ncs/v2.5.0/zephyr/include/zephyr/drivers/sensor.h:883:19:sensor_read	32	static
C:/ncs/v2.5.0/zephyr/drivers/sensor/sensor_shell.c:310:12:cmd_get_sensor	40	static
