C:/ncs/v2.5.0/zephyr/drivers/sdhc/sdhc_spi.c:97:12:sdhc_spi_rx	40	static
C:/ncs/v2.5.0/zephyr/drivers/sdhc/sdhc_spi.c:127:12:sdhc_spi_init_card	16	static
C:/ncs/v2.5.0/zephyr/drivers/sdhc/sdhc_spi.c:156:12:sdhc_spi_card_busy	16	static
C:/ncs/v2.5.0/zephyr/drivers/sdhc/sdhc_spi.c:399:12:sdhc_skip	32	static
C:/ncs/v2.5.0/zephyr/drivers/sdhc/sdhc_spi.c:707:12:sdhc_spi_get_card_present	0	static
C:/ncs/v2.5.0/zephyr/drivers/sdhc/sdhc_spi.c:728:12:sdhc_spi_reset	0	static
C:/ncs/v2.5.0/zephyr/drivers/sdhc/sdhc_spi.c:713:12:sdhc_spi_get_host_props	16	static
C:/ncs/v2.5.0/zephyr/include/zephyr/drivers/gpio.h:1567:19:gpio_pin_set_raw	8	static
C:/ncs/v2.5.0/zephyr/include/zephyr/drivers/gpio.h:1607:19:gpio_pin_set	16	static
C:/ncs/v2.5.0/zephyr/include/zephyr/drivers/gpio.h:956:19:z_impl_gpio_pin_configure	24	static
C:/ncs/v2.5.0/zephyr/include/zephyr/drivers/gpio.h:1019:19:gpio_pin_configure_dt	8	static
C:/ncs/v2.5.0/zephyr/drivers/sdhc/sdhc_spi.c:644:12:sdhc_spi_set_io	56	static
C:/ncs/v2.5.0/zephyr/drivers/sdhc/sdhc_spi.c:422:12:sdhc_spi_read_data	152	static
C:/ncs/v2.5.0/zephyr/include/zephyr/kernel.h:501:23:k_msleep	8	static
C:/ncs/v2.5.0/zephyr/drivers/sdhc/sdhc_spi.c:177:12:sdhc_spi_wait_unbusy	32	static
C:/ncs/v2.5.0/zephyr/drivers/sdhc/sdhc_spi.c:509:12:sdhc_spi_write_data	72	static
C:/ncs/v2.5.0/zephyr/drivers/sdhc/sdhc_spi.c:202:12:sdhc_spi_response_get	32	static
C:/ncs/v2.5.0/zephyr/drivers/sdhc/sdhc_spi.c:323:12:sdhc_spi_send_cmd	40	static
C:/ncs/v2.5.0/zephyr/drivers/sdhc/sdhc_spi.c:597:12:sdhc_spi_request	72	static
C:/ncs/v2.5.0/zephyr/drivers/sdhc/sdhc_spi.c:737:12:sdhc_spi_init	64	dynamic,bounded
