C:/ncs/v2.5.0/zephyr/subsys/zbus/zbus.c:14:5:_zbus_init	8	static
C:/ncs/v2.5.0/zephyr/subsys/zbus/zbus.c:46:19:_zbus_notify_observer	24	static
C:/ncs/v2.5.0/zephyr/subsys/zbus/zbus.c:62:19:_zbus_vded_exec	32	static
C:/ncs/v2.5.0/zephyr/subsys/zbus/zbus.c:122:5:zbus_chan_pub	40	static
C:/ncs/v2.5.0/zephyr/subsys/zbus/zbus.c:150:5:zbus_chan_read	24	static
C:/ncs/v2.5.0/zephyr/subsys/zbus/zbus.c:168:5:zbus_chan_notify	32	static
C:/ncs/v2.5.0/zephyr/subsys/zbus/zbus.c:189:5:zbus_chan_claim	16	static
C:/ncs/v2.5.0/zephyr/subsys/zbus/zbus.c:203:5:zbus_chan_finish	8	static
C:/ncs/v2.5.0/zephyr/subsys/zbus/zbus.c:213:5:zbus_sub_wait	24	static
C:/ncs/v2.5.0/zephyr/subsys/zbus/zbus.c:227:5:zbus_obs_set_chan_notification_mask	8	static
C:/ncs/v2.5.0/zephyr/subsys/zbus/zbus.c:251:5:zbus_obs_is_chan_notification_masked	8	static
