../src/bluetooth/bt_stream/unicast/unicast_server.c:111:13:csip_lock_changed_cb	0	static
../src/bluetooth/bt_stream/unicast/unicast_server.c:118:16:sirk_read_req_cb	0	static
../src/bluetooth/bt_stream/unicast/unicast_server.c:272:12:lc3_reconfig_cb	0	static
../src/bluetooth/bt_stream/unicast/unicast_server.c:291:12:lc3_enable_cb	0	static
../src/bluetooth/bt_stream/unicast/unicast_server.c:299:12:lc3_start_cb	0	static
../src/bluetooth/bt_stream/unicast/unicast_server.c:305:12:lc3_metadata_cb	0	static
../src/bluetooth/bt_stream/unicast/unicast_server.c:436:12:adv_buf_put	4	static
../src/bluetooth/bt_stream/unicast/unicast_server.c:352:13:stream_recv_cb	72	static
../src/bluetooth/bt_stream/unicast/unicast_server.c:416:13:stream_released_cb	56	dynamic,bounded
../src/bluetooth/bt_stream/unicast/unicast_server.c:393:13:stream_disabled_cb	56	dynamic,bounded
../src/bluetooth/bt_stream/unicast/unicast_server.c:98:13:le_audio_event_publish	64	dynamic,bounded
../src/bluetooth/bt_stream/unicast/unicast_server.c:405:13:stream_stopped_cb	8	static
../src/bluetooth/bt_stream/unicast/unicast_server.c:398:13:stream_started_cb	64	dynamic,bounded
../src/bluetooth/bt_stream/unicast/unicast_server.c:330:12:lc3_release_cb	8	static
../src/bluetooth/bt_stream/unicast/unicast_server.c:321:12:lc3_stop_cb	8	static
../src/bluetooth/bt_stream/unicast/unicast_server.c:312:12:lc3_disable_cb	8	static
../src/bluetooth/bt_stream/unicast/unicast_server.c:281:12:lc3_qos_cb	8	static
../src/bluetooth/bt_stream/unicast/unicast_server.c:378:13:stream_enabled_cb	56	dynamic,bounded
../src/bluetooth/bt_stream/unicast/unicast_server.c:186:13:print_codec	296	dynamic,bounded
../src/bluetooth/bt_stream/unicast/unicast_server.c:218:12:lc3_config_cb	128	static
../src/bluetooth/bt_stream/unicast/unicast_server.c:451:5:unicast_server_config_get	104	static
../src/bluetooth/bt_stream/unicast/unicast_server.c:490:5:unicast_server_uuid_populate	40	static
../src/bluetooth/bt_stream/unicast/unicast_server.c:504:5:unicast_server_adv_populate	32	static
../src/bluetooth/bt_stream/unicast/unicast_server.c:544:5:unicast_server_send	16	static
../src/bluetooth/bt_stream/unicast/unicast_server.c:610:5:unicast_server_disable	0	static
../src/bluetooth/bt_stream/unicast/unicast_server.c:615:5:unicast_server_enable	296	dynamic,bounded
