C:/ncs/v2.5.0/zephyr/include/zephyr/logging/log_msg.h:604:24:log_msg_generic_get_wlen	0	static
C:/ncs/v2.5.0/zephyr/subsys/logging/log_core.c:145:24:dummy_timestamp	0	static
C:/ncs/v2.5.0/zephyr/include/zephyr/logging/log_backend.h:304:20:log_backend_is_active	8	static
C:/ncs/v2.5.0/zephyr/include/zephyr/logging/log_backend.h:137:20:log_backend_init	8	static
C:/ncs/v2.5.0/zephyr/include/zephyr/logging/log_backend.h:156:19:log_backend_is_ready	8	static
C:/ncs/v2.5.0/zephyr/include/zephyr/logging/log_backend.h:206:20:log_backend_panic	8	static
C:/ncs/v2.5.0/zephyr/include/zephyr/logging/log_backend.h:191:20:log_backend_dropped	8	static
C:/ncs/v2.5.0/zephyr/include/zephyr/logging/log_backend.h:175:20:log_backend_msg_process	8	static
C:/ncs/v2.5.0/zephyr/include/zephyr/logging/log_backend.h:350:20:log_backend_notify	8	static
C:/ncs/v2.5.0/zephyr/subsys/logging/log_core.c:845:13:log_backend_notify_all	16	static
C:/ncs/v2.5.0/zephyr/subsys/logging/log_core.c:211:24:default_get_timestamp	8	static
C:/ncs/v2.5.0/zephyr/subsys/logging/log_core.c:253:17:activate_foreach_backend	24	static
C:/ncs/v2.5.0/zephyr/include/zephyr/kernel.h:501:23:k_msleep	8	static
C:/ncs/v2.5.0/zephyr/subsys/logging/log_core.c:273:17:z_log_init	24	static
C:/ncs/v2.5.0/zephyr/subsys/logging/log_core.c:331:13:thread_set	8	static
C:/ncs/v2.5.0/zephyr/subsys/logging/log_core.c:853:13:log_process_thread_timer_expiry_fn	8	static
C:/ncs/v2.5.0/zephyr/subsys/logging/log_core.c:416:13:msg_filter_check	8	static
C:/ncs/v2.5.0/zephyr/subsys/logging/log_core.c:451:13:msg_process	16	static
C:/ncs/v2.5.0/zephyr/subsys/logging/log_core.c:593:24:msg_alloc	8	static
C:/ncs/v2.5.0/zephyr/subsys/logging/log_core.c:721:13:msg_free	8	static
C:/ncs/v2.5.0/zephyr/subsys/logging/log_core.c:733:13:msg_pending	8	static
C:/ncs/v2.5.0/zephyr/subsys/logging/log_core.c:908:12:enable_logger	48	static
C:/ncs/v2.5.0/zephyr/subsys/logging/log_core.c:84:19:log_format_func_t_get	0	static
C:/ncs/v2.5.0/zephyr/subsys/logging/log_core.c:89:8:log_format_table_size	0	static
C:/ncs/v2.5.0/zephyr/include/zephyr/logging/log_backend.h:320:19:log_backend_format_set	16	static
C:/ncs/v2.5.0/zephyr/subsys/logging/log_core.c:150:17:z_log_timestamp	8	static
C:/ncs/v2.5.0/zephyr/subsys/logging/log_core.c:183:27:log_format_set_all_active_backends	16	static
C:/ncs/v2.5.0/zephyr/subsys/logging/log_core.c:199:6:z_log_vprintk	24	static
C:/ncs/v2.5.0/zephyr/subsys/logging/log_core.c:326:6:log_init	8	static
C:/ncs/v2.5.0/zephyr/subsys/logging/log_core.c:346:6:log_thread_set	8	static
C:/ncs/v2.5.0/zephyr/subsys/logging/log_core.c:355:5:log_set_timestamp_func	8	static
C:/ncs/v2.5.0/zephyr/subsys/logging/log_core.c:472:6:unordered_notify	56	dynamic,bounded
C:/ncs/v2.5.0/zephyr/subsys/logging/log_core.c:479:6:z_log_notify_backend_enabled	8	static
C:/ncs/v2.5.0/zephyr/subsys/logging/log_core.c:554:10:z_impl_log_buffered_cnt	0	static
C:/ncs/v2.5.0/zephyr/subsys/logging/log_core.c:567:6:z_log_dropped	0	static
C:/ncs/v2.5.0/zephyr/include/zephyr/logging/log_internal.h:135:20:z_log_notify_drop	8	static
C:/ncs/v2.5.0/zephyr/subsys/logging/log_core.c:575:10:z_log_dropped_read_and_clear	0	static
C:/ncs/v2.5.0/zephyr/subsys/logging/log_core.c:461:6:dropped_notify	16	static
C:/ncs/v2.5.0/zephyr/subsys/logging/log_core.c:580:6:z_log_dropped_pending	0	static
C:/ncs/v2.5.0/zephyr/subsys/logging/log_core.c:585:6:z_log_msg_init	8	static
C:/ncs/v2.5.0/zephyr/subsys/logging/log_core.c:223:6:log_core_init	8	static
C:/ncs/v2.5.0/zephyr/subsys/logging/log_core.c:603:17:z_log_msg_alloc	8	static
C:/ncs/v2.5.0/zephyr/subsys/logging/log_core.c:630:24:z_log_msg_local_claim	8	static
C:/ncs/v2.5.0/zephyr/subsys/logging/log_core.c:641:24:z_log_msg_claim_oldest	24	static
C:/ncs/v2.5.0/zephyr/subsys/logging/log_core.c:707:24:z_log_msg_claim	8	static
C:/ncs/v2.5.0/zephyr/subsys/logging/log_core.c:728:6:z_log_msg_free	8	static
C:/ncs/v2.5.0/zephyr/subsys/logging/log_core.c:742:6:z_log_msg_pending	8	static
C:/ncs/v2.5.0/zephyr/subsys/logging/log_core.c:496:6:z_impl_log_process	16	static
C:/ncs/v2.5.0/zephyr/subsys/logging/log_core.c:374:6:z_impl_log_panic	8	static
C:/ncs/v2.5.0/zephyr/subsys/logging/log_core.c:155:13:z_log_msg_post_finalize	24	static
C:/ncs/v2.5.0/zephyr/subsys/logging/log_core.c:608:13:msg_commit	8	static
C:/ncs/v2.5.0/zephyr/subsys/logging/log_core.c:624:6:z_log_msg_commit	8	static
C:/ncs/v2.5.0/zephyr/subsys/logging/log_core.c:858:13:log_process_thread_func	24	static
C:/ncs/v2.5.0/zephyr/subsys/logging/log_core.c:772:6:z_log_msg_enqueue	24	static
C:/ncs/v2.5.0/zephyr/subsys/logging/log_core.c:791:13:z_log_get_tag	0	static
C:/ncs/v2.5.0/zephyr/subsys/logging/log_core.c:796:5:log_set_tag	24	static
C:/ncs/v2.5.0/zephyr/subsys/logging/log_core.c:820:5:log_mem_get_usage	8	static
C:/ncs/v2.5.0/zephyr/subsys/logging/log_core.c:834:5:log_mem_get_max_usage	8	static
