C:/ncs/v2.5.0/zephyr/subsys/logging/log_cmds.c:277:13:severity_lvl_get	0	static
C:/ncs/v2.5.0/zephyr/subsys/logging/log_cmds.c:401:13:backend_name_get	0	static
C:/ncs/v2.5.0/zephyr/subsys/logging/log_cmds.c:268:13:module_name_get	8	static
C:/ncs/v2.5.0/zephyr/include/zephyr/logging/log_backend.h:304:20:log_backend_is_active	8	static
C:/ncs/v2.5.0/zephyr/include/zephyr/logging/log_backend.h:290:20:log_backend_deactivate	8	static
C:/ncs/v2.5.0/zephyr/subsys/logging/log_cmds.c:288:12:log_halt	8	static
C:/ncs/v2.5.0/zephyr/include/zephyr/logging/log_backend.h:277:20:log_backend_activate	8	static
C:/ncs/v2.5.0/zephyr/subsys/logging/log_cmds.c:314:12:log_go	8	static
C:/ncs/v2.5.0/zephyr/subsys/logging/log_cmds.c:56:13:shell_state_precheck	8	static
C:/ncs/v2.5.0/zephyr/subsys/logging/log_cmds.c:298:12:cmd_log_self_halt	16	static
C:/ncs/v2.5.0/zephyr/subsys/logging/log_cmds.c:324:12:cmd_log_self_go	16	static
C:/ncs/v2.5.0/zephyr/subsys/logging/log_cmds.c:341:12:cmd_log_backends_list	24	static
C:/ncs/v2.5.0/zephyr/subsys/logging/log_cmds.c:91:12:log_status	40	static
C:/ncs/v2.5.0/zephyr/subsys/logging/log_cmds.c:123:12:cmd_log_self_status	16	static
C:/ncs/v2.5.0/zephyr/subsys/logging/log_cmds.c:43:34:backend_find	16	static
C:/ncs/v2.5.0/zephyr/subsys/logging/log_cmds.c:70:12:shell_backend_cmd_execute	24	static
C:/ncs/v2.5.0/zephyr/subsys/logging/log_cmds.c:134:12:cmd_log_backend_status	8	static
C:/ncs/v2.5.0/zephyr/subsys/logging/log_cmds.c:308:12:cmd_log_backend_halt	8	static
C:/ncs/v2.5.0/zephyr/subsys/logging/log_cmds.c:334:12:cmd_log_backend_go	8	static
C:/ncs/v2.5.0/zephyr/subsys/logging/log_cmds.c:233:12:cmd_log_backend_enable	8	static
C:/ncs/v2.5.0/zephyr/subsys/logging/log_cmds.c:258:12:cmd_log_backend_disable	8	static
C:/ncs/v2.5.0/zephyr/subsys/logging/log_cmds.c:192:12:severity_level_get	16	static
C:/ncs/v2.5.0/zephyr/subsys/logging/log_cmds.c:141:12:module_id_get	16	static
C:/ncs/v2.5.0/zephyr/subsys/logging/log_cmds.c:157:13:filters_set	48	static
C:/ncs/v2.5.0/zephyr/subsys/logging/log_cmds.c:204:12:log_enable	32	static
C:/ncs/v2.5.0/zephyr/subsys/logging/log_cmds.c:223:12:cmd_log_self_enable	16	static
C:/ncs/v2.5.0/zephyr/subsys/logging/log_cmds.c:239:12:log_disable	16	static
C:/ncs/v2.5.0/zephyr/subsys/logging/log_cmds.c:248:12:cmd_log_self_disable	16	static
C:/ncs/v2.5.0/zephyr/subsys/logging/log_cmds.c:357:12:cmd_log_mem	24	static
