C:/ncs/v2.5.0/modules/hal/nordic/nrfx/hal/nrf_ipc.h:485:35:nrf_ipc_receive_event_get	8	static
C:/ncs/v2.5.0/modules/hal/nordic/nrfx/drivers/src/nrfx_ipc.c:50:12:nrfx_ipc_init	16	static
C:/ncs/v2.5.0/modules/hal/nordic/nrfx/drivers/src/nrfx_ipc.c:68:6:nrfx_ipc_config_load	8	static
C:/ncs/v2.5.0/modules/hal/nordic/nrfx/drivers/src/nrfx_ipc.c:87:6:nrfx_ipc_uninit	8	static
C:/ncs/v2.5.0/modules/hal/nordic/nrfx/drivers/src/nrfx_ipc.c:106:6:nrfx_ipc_receive_event_enable	8	static
C:/ncs/v2.5.0/modules/hal/nordic/nrfx/drivers/src/nrfx_ipc.c:112:6:nrfx_ipc_receive_event_disable	8	static
C:/ncs/v2.5.0/modules/hal/nordic/nrfx/drivers/src/nrfx_ipc.c:118:6:nrfx_ipc_receive_event_group_enable	8	static
C:/ncs/v2.5.0/modules/hal/nordic/nrfx/drivers/src/nrfx_ipc.c:124:6:nrfx_ipc_receive_event_group_disable	8	static
C:/ncs/v2.5.0/modules/hal/nordic/nrfx/drivers/src/nrfx_ipc.c:130:6:nrfx_ipc_receive_event_channel_assign	8	static
C:/ncs/v2.5.0/modules/hal/nordic/nrfx/drivers/src/nrfx_ipc.c:138:6:nrfx_ipc_send_task_channel_assign	8	static
C:/ncs/v2.5.0/modules/hal/nordic/nrfx/drivers/src/nrfx_ipc.c:146:6:nrfx_ipc_irq_handler	16	static
