C:/ncs/v2.5.0/modules/hal/nordic/nrfx/hal/nrf_i2s.h:658:24:nrf_i2s_configure	0	static
C:/ncs/v2.5.0/modules/hal/nordic/nrfx/haly/nrfy_i2s.h:107:25:nrfy_i2s_periph_configure	16	static
C:/ncs/v2.5.0/modules/hal/nordic/nrfx/haly/nrfy_i2s.h:528:29:__nrfy_internal_i2s_events_process	0	static
C:/ncs/v2.5.0/modules/hal/nordic/nrfx/hal/nrf_gpio.h:1292:24:nrf_gpio_pin_present_check	0	static
C:/ncs/v2.5.0/modules/hal/nordic/nrfx/drivers/src/nrfx_i2s.c:165:20:validate_config	0	static
C:/ncs/v2.5.0/modules/hal/nordic/nrfx/drivers/src/nrfx_i2s.c:480:13:irq_handler	32	static
C:/ncs/v2.5.0/modules/hal/nordic/nrfx/hal/nrf_gpio.h:813:35:nrf_gpio_pin_port_decode	16	static
C:/ncs/v2.5.0/modules/hal/nordic/nrfx/hal/nrf_gpio.h:850:24:nrf_gpio_cfg	32	static
C:/ncs/v2.5.0/modules/hal/nordic/nrfx/hal/nrf_gpio.h:933:24:nrf_gpio_cfg_input	16	static
C:/ncs/v2.5.0/modules/hal/nordic/nrfx/hal/nrf_gpio.h:921:24:nrf_gpio_cfg_output	16	static
C:/ncs/v2.5.0/modules/hal/nordic/nrfx/drivers/src/nrfx_i2s.c:92:13:configure_pins	8	static
C:/ncs/v2.5.0/modules/hal/nordic/nrfx/hal/nrf_gpio.h:945:24:nrf_gpio_cfg_default	16	static
C:/ncs/v2.5.0/modules/hal/nordic/nrfx/drivers/src/nrfx_i2s.c:129:13:deconfigure_pins	48	static
C:/ncs/v2.5.0/modules/hal/nordic/nrfx/drivers/src/nrfx_i2s.c:209:12:nrfx_i2s_init	72	static
C:/ncs/v2.5.0/modules/hal/nordic/nrfx/drivers/src/nrfx_i2s.c:322:12:nrfx_i2s_start	24	static
C:/ncs/v2.5.0/modules/hal/nordic/nrfx/drivers/src/nrfx_i2s.c:400:12:nrfx_i2s_next_buffers_set	32	static
C:/ncs/v2.5.0/modules/hal/nordic/nrfx/drivers/src/nrfx_i2s.c:459:6:nrfx_i2s_stop	8	static
C:/ncs/v2.5.0/modules/hal/nordic/nrfx/drivers/src/nrfx_i2s.c:286:6:nrfx_i2s_uninit	16	static
C:/ncs/v2.5.0/modules/hal/nordic/nrfx/drivers/src/nrfx_i2s.c:578:1:nrfx_i2s_0_irq_handler	8	static
