C:/ncs/v2.5.0/modules/hal/nordic/nrfx/drivers/src/nrfx_dppi.c:74:6:nrfx_dppi_free	4	static
C:/ncs/v2.5.0/modules/hal/nordic/nrfx/drivers/src/nrfx_dppi.c:101:12:nrfx_dppi_channel_alloc	8	static
C:/ncs/v2.5.0/modules/hal/nordic/nrfx/drivers/src/nrfx_dppi.c:106:12:nrfx_dppi_channel_free	8	static
C:/ncs/v2.5.0/modules/hal/nordic/nrfx/drivers/src/nrfx_dppi.c:112:12:nrfx_dppi_channel_enable	8	static
C:/ncs/v2.5.0/modules/hal/nordic/nrfx/drivers/src/nrfx_dppi.c:128:12:nrfx_dppi_channel_disable	8	static
C:/ncs/v2.5.0/modules/hal/nordic/nrfx/drivers/src/nrfx_dppi.c:145:12:nrfx_dppi_group_alloc	8	static
C:/ncs/v2.5.0/modules/hal/nordic/nrfx/drivers/src/nrfx_dppi.c:150:12:nrfx_dppi_group_free	8	static
C:/ncs/v2.5.0/modules/hal/nordic/nrfx/drivers/src/nrfx_dppi.c:156:12:nrfx_dppi_channel_include_in_group	16	static
C:/ncs/v2.5.0/modules/hal/nordic/nrfx/drivers/src/nrfx_dppi.c:176:12:nrfx_dppi_channel_remove_from_group	16	static
C:/ncs/v2.5.0/modules/hal/nordic/nrfx/drivers/src/nrfx_dppi.c:196:12:nrfx_dppi_group_clear	8	static
C:/ncs/v2.5.0/modules/hal/nordic/nrfx/drivers/src/nrfx_dppi.c:212:12:nrfx_dppi_group_enable	8	static
C:/ncs/v2.5.0/modules/hal/nordic/nrfx/drivers/src/nrfx_dppi.c:228:12:nrfx_dppi_group_disable	8	static
