C:/ncs/v2.5.0/modules/hal/nordic/nrfx/hal/nrf_gpiote.h:577:24:nrf_gpiote_event_configure	4	static
C:/ncs/v2.5.0/modules/hal/nordic/nrfx/hal/nrf_gpiote.h:622:24:nrf_gpiote_task_configure	4	static
C:/ncs/v2.5.0/modules/hal/nordic/nrfx/haly/nrfy_gpiote.h:372:25:__nrfy_internal_gpiote_event_handle	4	static
C:/ncs/v2.5.0/modules/hal/nordic/nrfx/hal/nrf_gpio.h:1225:24:nrf_gpio_latches_read_and_clear	16	static
C:/ncs/v2.5.0/modules/hal/nordic/nrfx/hal/nrf_gpio.h:1292:24:nrf_gpio_pin_present_check	0	static
C:/ncs/v2.5.0/modules/hal/nordic/nrfx/drivers/src/nrfx_gpiote.c:194:16:get_pin_idx	0	static
C:/ncs/v2.5.0/modules/hal/nordic/nrfx/drivers/src/nrfx_gpiote.c:230:13:pin_in_use	8	static
C:/ncs/v2.5.0/modules/hal/nordic/nrfx/drivers/src/nrfx_gpiote.c:243:13:pin_in_use_by_te	8	static
C:/ncs/v2.5.0/modules/hal/nordic/nrfx/drivers/src/nrfx_gpiote.c:254:13:pin_has_trigger	8	static
C:/ncs/v2.5.0/modules/hal/nordic/nrfx/drivers/src/nrfx_gpiote.c:267:13:pin_is_output	8	static
C:/ncs/v2.5.0/modules/hal/nordic/nrfx/drivers/src/nrfx_gpiote.c:278:13:pin_is_task_output	8	static
C:/ncs/v2.5.0/modules/hal/nordic/nrfx/drivers/src/nrfx_gpiote.c:289:13:pin_is_input	8	static
C:/ncs/v2.5.0/modules/hal/nordic/nrfx/drivers/src/nrfx_gpiote.c:295:30:gpiote_polarity_to_trigger	0	static
C:/ncs/v2.5.0/modules/hal/nordic/nrfx/drivers/src/nrfx_gpiote.c:301:30:gpiote_trigger_to_polarity	0	static
C:/ncs/v2.5.0/modules/hal/nordic/nrfx/drivers/src/nrfx_gpiote.c:307:16:pin_te_get	8	static
C:/ncs/v2.5.0/modules/hal/nordic/nrfx/drivers/src/nrfx_gpiote.c:312:13:is_level	0	static
C:/ncs/v2.5.0/modules/hal/nordic/nrfx/drivers/src/nrfx_gpiote.c:317:13:handler_in_use	0	static
C:/ncs/v2.5.0/modules/hal/nordic/nrfx/drivers/src/nrfx_gpiote.c:390:16:find_handler	0	static
C:/ncs/v2.5.0/modules/hal/nordic/nrfx/drivers/src/nrfx_gpiote.c:627:45:channel_handler_get	8	static
C:/ncs/v2.5.0/modules/hal/nordic/nrfx/drivers/src/nrfx_gpiote.c:931:13:call_handler	16	static
C:/ncs/v2.5.0/modules/hal/nordic/nrfx/drivers/src/nrfx_gpiote.c:983:13:latch_pending_read_and_check	8	static
C:/ncs/v2.5.0/modules/hal/nordic/nrfx/drivers/src/nrfx_gpiote.c:331:13:release_handler	8	static
C:/ncs/v2.5.0/modules/hal/nordic/nrfx/drivers/src/nrfx_gpiote.c:358:13:pin_handler_trigger_uninit	8	static
C:/ncs/v2.5.0/modules/hal/nordic/nrfx/hal/nrf_gpio.h:813:35:nrf_gpio_pin_port_decode	16	static
C:/ncs/v2.5.0/modules/hal/nordic/nrfx/hal/nrf_gpio.h:945:24:nrf_gpio_cfg_default	16	static
C:/ncs/v2.5.0/modules/hal/nordic/nrfx/hal/nrf_gpio.h:887:24:nrf_gpio_reconfigure	32	static
C:/ncs/v2.5.0/modules/hal/nordic/nrfx/hal/nrf_gpio.h:987:24:nrf_gpio_cfg_sense_set	24	static
C:/ncs/v2.5.0/modules/hal/nordic/nrfx/hal/nrf_gpio.h:1013:24:nrf_gpio_pin_set	16	static
C:/ncs/v2.5.0/modules/hal/nordic/nrfx/hal/nrf_gpio.h:1021:24:nrf_gpio_pin_clear	16	static
C:/ncs/v2.5.0/modules/hal/nordic/nrfx/hal/nrf_gpio.h:1029:24:nrf_gpio_pin_toggle	16	static
C:/ncs/v2.5.0/modules/hal/nordic/nrfx/hal/nrf_gpio.h:1052:28:nrf_gpio_pin_read	16	static
C:/ncs/v2.5.0/modules/hal/nordic/nrfx/drivers/src/nrfx_gpiote.c:438:36:get_initial_sense	8	static
C:/ncs/v2.5.0/modules/hal/nordic/nrfx/hal/nrf_gpio.h:1068:40:nrf_gpio_pin_sense_get	16	static
C:/ncs/v2.5.0/modules/hal/nordic/nrfx/drivers/src/nrfx_gpiote.c:945:13:next_sense_cond_call_handler	16	static
C:/ncs/v2.5.0/modules/hal/nordic/nrfx/hal/nrf_gpio.h:1251:24:nrf_gpio_pin_latch_clear	16	static
C:/ncs/v2.5.0/modules/hal/nordic/nrfx/hal/nrf_gpiote.h:680:38:nrf_gpiote_in_event_get	8	static
C:/ncs/v2.5.0/modules/hal/nordic/nrfx/haly/nrfy_gpiote.h:389:29:__nrfy_internal_gpiote_events_process	24	static
C:/ncs/v2.5.0/modules/hal/nordic/nrfx/hal/nrf_gpiote.h:658:37:nrf_gpiote_out_task_get	8	static
C:/ncs/v2.5.0/modules/hal/nordic/nrfx/hal/nrf_gpiote.h:665:37:nrf_gpiote_set_task_get	8	static
C:/ncs/v2.5.0/modules/hal/nordic/nrfx/hal/nrf_gpiote.h:673:37:nrf_gpiote_clr_task_get	8	static
C:/ncs/v2.5.0/modules/hal/nordic/nrfx/drivers/src/nrfx_gpiote.c:404:19:pin_handler_set	32	static
C:/ncs/v2.5.0/modules/hal/nordic/nrfx/haly/nrfy_gpiote.h:78:25:nrfy_gpiote_int_init	24	static
C:/ncs/v2.5.0/modules/hal/nordic/nrfx/drivers/src/nrfx_gpiote.c:1000:13:port_event_handle	32	static
C:/ncs/v2.5.0/modules/hal/nordic/nrfx/drivers/src/nrfx_gpiote.c:1147:13:gpiote_evt_handle	16	static
C:/ncs/v2.5.0/modules/hal/nordic/nrfx/drivers/src/nrfx_gpiote.c:460:12:nrfx_gpiote_input_configure	48	static
C:/ncs/v2.5.0/modules/hal/nordic/nrfx/drivers/src/nrfx_gpiote.c:553:12:nrfx_gpiote_output_configure	40	static
C:/ncs/v2.5.0/modules/hal/nordic/nrfx/drivers/src/nrfx_gpiote.c:605:6:nrfx_gpiote_global_callback_set	0	static
C:/ncs/v2.5.0/modules/hal/nordic/nrfx/drivers/src/nrfx_gpiote.c:611:12:nrfx_gpiote_channel_get	16	static
C:/ncs/v2.5.0/modules/hal/nordic/nrfx/drivers/src/nrfx_gpiote.c:639:12:nrfx_gpiote_init	16	static
C:/ncs/v2.5.0/modules/hal/nordic/nrfx/drivers/src/nrfx_gpiote.c:665:6:nrfx_gpiote_is_init	0	static
C:/ncs/v2.5.0/modules/hal/nordic/nrfx/drivers/src/nrfx_gpiote.c:710:12:nrfx_gpiote_channel_free	8	static
C:/ncs/v2.5.0/modules/hal/nordic/nrfx/drivers/src/nrfx_gpiote.c:715:12:nrfx_gpiote_channel_alloc	8	static
C:/ncs/v2.5.0/modules/hal/nordic/nrfx/drivers/src/nrfx_gpiote.c:720:6:nrfx_gpiote_out_set	8	static
C:/ncs/v2.5.0/modules/hal/nordic/nrfx/drivers/src/nrfx_gpiote.c:729:6:nrfx_gpiote_out_clear	8	static
C:/ncs/v2.5.0/modules/hal/nordic/nrfx/drivers/src/nrfx_gpiote.c:738:6:nrfx_gpiote_out_toggle	8	static
C:/ncs/v2.5.0/modules/hal/nordic/nrfx/drivers/src/nrfx_gpiote.c:746:6:nrfx_gpiote_out_task_enable	8	static
C:/ncs/v2.5.0/modules/hal/nordic/nrfx/drivers/src/nrfx_gpiote.c:756:6:nrfx_gpiote_out_task_disable	8	static
C:/ncs/v2.5.0/modules/hal/nordic/nrfx/drivers/src/nrfx_gpiote.c:765:19:nrfx_gpiote_out_task_get	8	static
C:/ncs/v2.5.0/modules/hal/nordic/nrfx/drivers/src/nrfx_gpiote.c:774:10:nrfx_gpiote_out_task_address_get	8	static
C:/ncs/v2.5.0/modules/hal/nordic/nrfx/drivers/src/nrfx_gpiote.c:782:19:nrfx_gpiote_set_task_get	8	static
C:/ncs/v2.5.0/modules/hal/nordic/nrfx/drivers/src/nrfx_gpiote.c:791:10:nrfx_gpiote_set_task_address_get	8	static
C:/ncs/v2.5.0/modules/hal/nordic/nrfx/drivers/src/nrfx_gpiote.c:800:19:nrfx_gpiote_clr_task_get	8	static
C:/ncs/v2.5.0/modules/hal/nordic/nrfx/drivers/src/nrfx_gpiote.c:809:10:nrfx_gpiote_clr_task_address_get	8	static
C:/ncs/v2.5.0/modules/hal/nordic/nrfx/drivers/src/nrfx_gpiote.c:817:6:nrfx_gpiote_out_task_force	16	static
C:/ncs/v2.5.0/modules/hal/nordic/nrfx/drivers/src/nrfx_gpiote.c:828:6:nrfx_gpiote_out_task_trigger	8	static
C:/ncs/v2.5.0/modules/hal/nordic/nrfx/drivers/src/nrfx_gpiote.c:839:6:nrfx_gpiote_set_task_trigger	8	static
C:/ncs/v2.5.0/modules/hal/nordic/nrfx/drivers/src/nrfx_gpiote.c:853:6:nrfx_gpiote_clr_task_trigger	8	static
C:/ncs/v2.5.0/modules/hal/nordic/nrfx/drivers/src/nrfx_gpiote.c:866:6:nrfx_gpiote_trigger_enable	16	static
C:/ncs/v2.5.0/modules/hal/nordic/nrfx/drivers/src/nrfx_gpiote.c:888:6:nrfx_gpiote_trigger_disable	8	static
C:/ncs/v2.5.0/modules/hal/nordic/nrfx/drivers/src/nrfx_gpiote.c:376:12:nrfx_gpiote_pin_uninit	8	static
C:/ncs/v2.5.0/modules/hal/nordic/nrfx/drivers/src/nrfx_gpiote.c:670:13:pin_uninit	8	static
C:/ncs/v2.5.0/modules/hal/nordic/nrfx/drivers/src/nrfx_gpiote.c:678:6:nrfx_gpiote_uninit	16	static
C:/ncs/v2.5.0/modules/hal/nordic/nrfx/drivers/src/nrfx_gpiote.c:903:6:nrfx_gpiote_in_is_set	8	static
C:/ncs/v2.5.0/modules/hal/nordic/nrfx/drivers/src/nrfx_gpiote.c:910:20:nrfx_gpiote_in_event_get	8	static
C:/ncs/v2.5.0/modules/hal/nordic/nrfx/drivers/src/nrfx_gpiote.c:925:10:nrfx_gpiote_in_event_address_get	8	static
C:/ncs/v2.5.0/modules/hal/nordic/nrfx/drivers/src/nrfx_gpiote.c:1160:6:nrfx_gpiote_irq_handler	8	static
