C:/ncs/v2.5.0/modules/hal/nordic/nrfx/haly/nrfy_twim.h:694:10:__nrfy_internal_twim_events_process	0	static
C:/ncs/v2.5.0/modules/hal/nordic/nrfx/haly/nrfy_twim.h:292:25:nrfy_twim_rx_start	16	static
C:/ncs/v2.5.0/modules/hal/nordic/nrfx/haly/nrfy_twim.h:219:25:nrfy_twim_tx_start	16	static
C:/ncs/v2.5.0/modules/hal/nordic/nrfx/hal/nrf_gpio.h:1292:24:nrf_gpio_pin_present_check	0	static
C:/ncs/v2.5.0/modules/hal/nordic/nrfx/drivers/src/nrfx_twim.c:112:19:twi_process_error	0	static
C:/ncs/v2.5.0/modules/hal/nordic/nrfx/drivers/src/nrfx_twim.c:134:13:xfer_completeness_check	0	static
C:/ncs/v2.5.0/modules/hal/nordic/nrfx/hal/nrf_gpio.h:813:35:nrf_gpio_pin_port_decode	16	static
C:/ncs/v2.5.0/modules/hal/nordic/nrfx/hal/nrf_gpio.h:850:24:nrf_gpio_cfg	32	static
C:/ncs/v2.5.0/modules/hal/nordic/nrfx/hal/nrf_gpio.h:945:24:nrf_gpio_cfg_default	16	static
C:/ncs/v2.5.0/modules/hal/nordic/nrfx/drivers/src/nrfx_twim.c:209:13:pins_configure	24	static
C:/ncs/v2.5.0/modules/hal/nordic/nrfx/drivers/src/nrfx_twim.c:389:19:twim_xfer	24	static
C:/ncs/v2.5.0/modules/hal/nordic/nrfx/drivers/src/nrfx_twim.c:636:13:irq_handler	48	static
C:/ncs/v2.5.0/modules/hal/nordic/nrfx/drivers/src/nrfx_twim.c:189:13:twim_configure	32	static
C:/ncs/v2.5.0/modules/hal/nordic/nrfx/drivers/src/nrfx_twim.c:253:12:nrfx_twim_init	24	static
C:/ncs/v2.5.0/modules/hal/nordic/nrfx/drivers/src/nrfx_twim.c:315:12:nrfx_twim_reconfigure	8	static
C:/ncs/v2.5.0/modules/hal/nordic/nrfx/drivers/src/nrfx_twim.c:360:6:nrfx_twim_enable	8	static
C:/ncs/v2.5.0/modules/hal/nordic/nrfx/drivers/src/nrfx_twim.c:371:6:nrfx_twim_disable	16	static
C:/ncs/v2.5.0/modules/hal/nordic/nrfx/drivers/src/nrfx_twim.c:335:6:nrfx_twim_uninit	24	static
C:/ncs/v2.5.0/modules/hal/nordic/nrfx/drivers/src/nrfx_twim.c:383:6:nrfx_twim_is_busy	0	static
C:/ncs/v2.5.0/modules/hal/nordic/nrfx/drivers/src/nrfx_twim.c:589:12:nrfx_twim_xfer	16	static
C:/ncs/v2.5.0/modules/hal/nordic/nrfx/drivers/src/nrfx_twim.c:624:10:nrfx_twim_start_task_address_get	0	static
C:/ncs/v2.5.0/modules/hal/nordic/nrfx/drivers/src/nrfx_twim.c:631:10:nrfx_twim_stopped_event_address_get	0	static
C:/ncs/v2.5.0/modules/hal/nordic/nrfx/drivers/src/nrfx_twim.c:823:1:nrfx_twim_1_irq_handler	8	static
