C:/ncs/v2.5.0/modules/hal/nordic/nrfx/hal/nrf_spim.h:1325:24:nrf_spim_configure	0	static
C:/ncs/v2.5.0/modules/hal/nordic/nrfx/haly/nrfy_spim.h:211:25:nrfy_spim_periph_configure	16	static
C:/ncs/v2.5.0/modules/hal/nordic/nrfx/haly/nrfy_spim.h:829:10:__nrfy_internal_spim_events_process	12	static
C:/ncs/v2.5.0/modules/hal/nordic/nrfx/hal/nrf_gpio.h:1292:24:nrf_gpio_pin_present_check	0	static
C:/ncs/v2.5.0/modules/hal/nordic/nrfx/drivers/src/nrfx_spim.c:289:13:spim_frequency_valid_check	0	static
C:/ncs/v2.5.0/modules/hal/nordic/nrfx/drivers/src/nrfx_spim.c:372:19:spim_configuration_verify	16	static
C:/ncs/v2.5.0/modules/hal/nordic/nrfx/drivers/src/nrfx_spim.c:321:29:spim_frequency_bit_decode	8	static
C:/ncs/v2.5.0/modules/hal/nordic/nrfx/hal/nrf_gpio.h:813:35:nrf_gpio_pin_port_decode	16	static
C:/ncs/v2.5.0/modules/hal/nordic/nrfx/hal/nrf_gpio.h:1013:24:nrf_gpio_pin_set	16	static
C:/ncs/v2.5.0/modules/hal/nordic/nrfx/hal/nrf_gpio.h:1021:24:nrf_gpio_pin_clear	16	static
C:/ncs/v2.5.0/modules/hal/nordic/nrfx/drivers/src/nrfx_spim.c:655:13:set_ss_pin_state	8	static
C:/ncs/v2.5.0/modules/hal/nordic/nrfx/hal/nrf_gpio.h:850:24:nrf_gpio_cfg	32	static
C:/ncs/v2.5.0/modules/hal/nordic/nrfx/drivers/src/nrfx_spim.c:213:13:pin_init	32	static
C:/ncs/v2.5.0/modules/hal/nordic/nrfx/drivers/src/nrfx_spim.c:246:13:configure_pins	24	static
C:/ncs/v2.5.0/modules/hal/nordic/nrfx/hal/nrf_gpio.h:945:24:nrf_gpio_cfg_default	16	static
C:/ncs/v2.5.0/modules/hal/nordic/nrfx/drivers/src/nrfx_spim.c:584:13:spim_pin_uninit	8	static
C:/ncs/v2.5.0/modules/hal/nordic/nrfx/drivers/src/nrfx_spim.c:438:13:spim_configure	64	static
C:/ncs/v2.5.0/modules/hal/nordic/nrfx/drivers/src/nrfx_spim.c:199:13:spim_abort	16	static
C:/ncs/v2.5.0/modules/hal/nordic/nrfx/drivers/src/nrfx_spim.c:700:19:spim_xfer	32	static
C:/ncs/v2.5.0/modules/hal/nordic/nrfx/drivers/src/nrfx_spim.c:684:13:finish_transfer	16	static
C:/ncs/v2.5.0/modules/hal/nordic/nrfx/drivers/src/nrfx_spim.c:842:13:irq_handler	16	static
C:/ncs/v2.5.0/modules/hal/nordic/nrfx/drivers/src/nrfx_spim.c:506:12:nrfx_spim_init	24	static
C:/ncs/v2.5.0/modules/hal/nordic/nrfx/drivers/src/nrfx_spim.c:559:12:nrfx_spim_reconfigure	16	static
C:/ncs/v2.5.0/modules/hal/nordic/nrfx/drivers/src/nrfx_spim.c:594:6:nrfx_spim_uninit	48	static
C:/ncs/v2.5.0/modules/hal/nordic/nrfx/drivers/src/nrfx_spim.c:783:12:nrfx_spim_xfer	24	static
C:/ncs/v2.5.0/modules/hal/nordic/nrfx/drivers/src/nrfx_spim.c:642:12:nrfx_spim_xfer_dcx	8	static
C:/ncs/v2.5.0/modules/hal/nordic/nrfx/drivers/src/nrfx_spim.c:834:6:nrfx_spim_abort	8	static
C:/ncs/v2.5.0/modules/hal/nordic/nrfx/drivers/src/nrfx_spim.c:881:1:nrfx_spim_4_irq_handler	8	static
