C:/ncs/v2.5.0/modules/hal/nordic/nrfx/haly/nrfy_timer.h:414:25:__nrfy_internal_timer_event_handle	4	static
C:/ncs/v2.5.0/modules/hal/nordic/nrfx/haly/nrfy_timer.h:431:29:__nrfy_internal_timer_events_process	24	static
C:/ncs/v2.5.0/modules/hal/nordic/nrfx/drivers/src/nrfx_timer.c:334:13:irq_handler	24	static
C:/ncs/v2.5.0/modules/hal/nordic/nrfx/hal/nrf_timer.h:865:24:nrf_timer_prescaler_set	8	static
C:/ncs/v2.5.0/modules/hal/nordic/nrfx/haly/nrfy_timer.h:84:25:nrfy_timer_periph_configure	8	static
C:/ncs/v2.5.0/modules/hal/nordic/nrfx/drivers/src/nrfx_timer.c:81:17:prescaler_calculate	0	static
C:/ncs/v2.5.0/modules/hal/nordic/nrfx/haly/nrfy_timer.h:101:25:nrfy_timer_int_init	16	static
C:/ncs/v2.5.0/modules/hal/nordic/nrfx/drivers/src/nrfx_timer.c:93:19:timer_configure	24	static
C:/ncs/v2.5.0/modules/hal/nordic/nrfx/drivers/src/nrfx_timer.c:120:12:nrfx_timer_init	16	static
C:/ncs/v2.5.0/modules/hal/nordic/nrfx/drivers/src/nrfx_timer.c:158:12:nrfx_timer_reconfigure	8	static
C:/ncs/v2.5.0/modules/hal/nordic/nrfx/drivers/src/nrfx_timer.c:192:6:nrfx_timer_enable	8	static
C:/ncs/v2.5.0/modules/hal/nordic/nrfx/drivers/src/nrfx_timer.c:200:6:nrfx_timer_disable	8	static
C:/ncs/v2.5.0/modules/hal/nordic/nrfx/drivers/src/nrfx_timer.c:179:6:nrfx_timer_uninit	16	static
C:/ncs/v2.5.0/modules/hal/nordic/nrfx/drivers/src/nrfx_timer.c:208:6:nrfx_timer_is_enabled	8	static
C:/ncs/v2.5.0/modules/hal/nordic/nrfx/drivers/src/nrfx_timer.c:214:6:nrfx_timer_resume	8	static
C:/ncs/v2.5.0/modules/hal/nordic/nrfx/drivers/src/nrfx_timer.c:221:6:nrfx_timer_pause	8	static
C:/ncs/v2.5.0/modules/hal/nordic/nrfx/drivers/src/nrfx_timer.c:228:6:nrfx_timer_clear	8	static
C:/ncs/v2.5.0/modules/hal/nordic/nrfx/drivers/src/nrfx_timer.c:234:6:nrfx_timer_increment	8	static
C:/ncs/v2.5.0/modules/hal/nordic/nrfx/drivers/src/nrfx_timer.c:242:10:nrfx_timer_capture	8	static
C:/ncs/v2.5.0/modules/hal/nordic/nrfx/drivers/src/nrfx_timer.c:251:10:nrfx_timer_us_to_ticks	0	static
C:/ncs/v2.5.0/modules/hal/nordic/nrfx/drivers/src/nrfx_timer.c:260:10:nrfx_timer_ms_to_ticks	4	static
C:/ncs/v2.5.0/modules/hal/nordic/nrfx/drivers/src/nrfx_timer.c:269:6:nrfx_timer_compare	12	static
C:/ncs/v2.5.0/modules/hal/nordic/nrfx/drivers/src/nrfx_timer.c:293:6:nrfx_timer_extended_compare	16	static
C:/ncs/v2.5.0/modules/hal/nordic/nrfx/drivers/src/nrfx_timer.c:315:6:nrfx_timer_compare_int_enable	8	static
C:/ncs/v2.5.0/modules/hal/nordic/nrfx/drivers/src/nrfx_timer.c:325:6:nrfx_timer_compare_int_disable	8	static
C:/ncs/v2.5.0/modules/hal/nordic/nrfx/drivers/src/nrfx_timer.c:357:1:nrfx_timer_1_irq_handler	8	static
