C:/ncs/v2.5.0/zephyr/lib/os/fdtable.c:145:12:z_get_fd_by_obj_and_vtable	8	static
C:/ncs/v2.5.0/zephyr/lib/os/fdtable.c:110:12:_check_fd	8	static
C:/ncs/v2.5.0/zephyr/lib/os/fdtable.c:96:12:_find_fd_entry	8	static
C:/ncs/v2.5.0/zephyr/lib/os/fdtable.c:70:12:z_fd_unref	4	static
C:/ncs/v2.5.0/zephyr/include/zephyr/sys/fdtable.h:140:19:z_fdtable_call_ioctl	16	static
C:/ncs/v2.5.0/zephyr/lib/os/fdtable.c:65:12:z_fd_ref	0	static
C:/ncs/v2.5.0/zephyr/lib/os/fdtable.c:127:7:z_get_fd_obj	16	static
C:/ncs/v2.5.0/zephyr/lib/os/fdtable.c:159:6:z_get_obj_lock_and_cond	16	static
C:/ncs/v2.5.0/zephyr/lib/os/fdtable.c:183:7:z_get_fd_obj_and_vtable	16	static
C:/ncs/v2.5.0/zephyr/lib/os/fdtable.c:202:5:z_reserve_fd	16	static
C:/ncs/v2.5.0/zephyr/lib/os/fdtable.c:223:6:z_finalize_fd	8	static
C:/ncs/v2.5.0/zephyr/lib/os/fdtable.c:249:6:z_free_fd	8	static
C:/ncs/v2.5.0/zephyr/lib/os/fdtable.c:255:5:z_alloc_fd	16	static
