C:/ncs/v2.5.0/zephyr/include/zephyr/drivers/mbox.h:268:19:z_impl_mbox_send	8	static
C:/ncs/v2.5.0/zephyr/include/zephyr/drivers/mbox.h:294:19:mbox_register_callback	8	static
C:/ncs/v2.5.0/zephyr/include/zephyr/drivers/mbox.h:366:19:z_impl_mbox_set_enabled	8	static
C:/ncs/v2.5.0/zephyr/subsys/ipc/ipc_service/backends/ipc_rpmsg_static_vrings.h:149:22:shm_size	0	static
C:/ncs/v2.5.0/zephyr/subsys/ipc/ipc_service/backends/ipc_rpmsg_static_vrings.c:92:13:check_endpoints_freed	0	static
C:/ncs/v2.5.0/zephyr/subsys/ipc/ipc_service/backends/ipc_rpmsg_static_vrings.c:290:13:virtio_notify_cb	8	static
C:/ncs/v2.5.0/zephyr/subsys/ipc/ipc_service/backends/ipc_rpmsg_static_vrings.c:644:12:get_tx_buffer_size	0	static
C:/ncs/v2.5.0/zephyr/subsys/ipc/ipc_service/backends/ipc_rpmsg_static_vrings.c:734:12:drop_tx_buffer	0	static
C:/ncs/v2.5.0/zephyr/subsys/ipc/ipc_service/backends/ipc_rpmsg_static_vrings.c:717:12:release_rx_buffer	8	static
C:/ncs/v2.5.0/zephyr/subsys/ipc/ipc_service/backends/ipc_rpmsg_static_vrings.c:700:12:hold_rx_buffer	8	static
C:/ncs/v2.5.0/modules/lib/open-amp/open-amp/lib/include/openamp/rpmsg.h:485:19:rpmsg_send_nocopy	16	static
C:/ncs/v2.5.0/zephyr/subsys/ipc/ipc_service/backends/ipc_rpmsg_static_vrings.c:513:12:send_nocopy	8	static
C:/ncs/v2.5.0/zephyr/subsys/ipc/ipc_service/backends/ipc_rpmsg_static_vrings.c:651:12:get_tx_buffer	24	static
C:/ncs/v2.5.0/zephyr/subsys/ipc/ipc_service/backends/ipc_rpmsg_static_vrings.c:66:13:rpmsg_service_unbind	8	static
C:/ncs/v2.5.0/zephyr/subsys/ipc/ipc_service/backends/ipc_rpmsg_static_vrings.c:455:12:deregister_ept	8	static
C:/ncs/v2.5.0/zephyr/subsys/ipc/ipc_service/backends/ipc_rpmsg_static_vrings.c:813:12:shared_memory_prepare	56	static
C:/ncs/v2.5.0/zephyr/subsys/ipc/ipc_service/backends/ipc_rpmsg_static_vrings.c:71:30:get_ept_slot_with_name	16	static
C:/ncs/v2.5.0/zephyr/subsys/ipc/ipc_service/backends/ipc_rpmsg_static_vrings.c:87:30:get_available_ept_slot	8	static
C:/ncs/v2.5.0/zephyr/subsys/ipc/ipc_service/backends/ipc_rpmsg_static_vrings.c:118:13:get_ept	16	static
C:/ncs/v2.5.0/zephyr/subsys/ipc/ipc_service/backends/ipc_rpmsg_static_vrings.c:140:13:advertise_ept	32	static
C:/ncs/v2.5.0/zephyr/subsys/ipc/ipc_service/backends/ipc_rpmsg_static_vrings.c:360:30:register_ept_on_host	32	static
C:/ncs/v2.5.0/zephyr/subsys/ipc/ipc_service/backends/ipc_rpmsg_static_vrings.c:160:13:ns_bind_cb	32	static
C:/ncs/v2.5.0/zephyr/subsys/ipc/ipc_service/backends/ipc_rpmsg_static_vrings.c:398:30:register_ept_on_remote	16	static
C:/ncs/v2.5.0/zephyr/subsys/ipc/ipc_service/backends/ipc_rpmsg_static_vrings.c:424:12:register_ept	8	static
C:/ncs/v2.5.0/modules/lib/open-amp/open-amp/lib/include/openamp/rpmsg.h:169:19:rpmsg_send	16	static
C:/ncs/v2.5.0/zephyr/subsys/ipc/ipc_service/backends/ipc_rpmsg_static_vrings.c:479:12:send	8	static
C:/ncs/v2.5.0/zephyr/subsys/ipc/ipc_service/backends/ipc_rpmsg_static_vrings.c:203:13:bound_cb	8	static
C:/ncs/v2.5.0/zephyr/subsys/ipc/ipc_service/backends/ipc_rpmsg_static_vrings.c:212:12:ept_cb	8	static
C:/ncs/v2.5.0/zephyr/subsys/ipc/ipc_service/backends/ipc_rpmsg_static_vrings.c:340:12:mbox_deinit	16	static
C:/ncs/v2.5.0/zephyr/subsys/ipc/ipc_service/backends/ipc_rpmsg_static_vrings.c:600:12:close	24	static
C:/ncs/v2.5.0/zephyr/subsys/ipc/ipc_service/backends/ipc_rpmsg_static_vrings.h:155:28:optimal_num_desc	16	static
C:/ncs/v2.5.0/zephyr/subsys/ipc/ipc_service/backends/ipc_rpmsg_static_vrings.c:245:12:vr_shm_configure	24	static
C:/ncs/v2.5.0/zephyr/subsys/ipc/ipc_service/backends/ipc_rpmsg_static_vrings.c:318:12:mbox_init	32	static
C:/ncs/v2.5.0/zephyr/subsys/ipc/ipc_service/backends/ipc_rpmsg_static_vrings.c:539:12:open	48	static
C:/ncs/v2.5.0/zephyr/subsys/ipc/ipc_service/backends/ipc_rpmsg_static_vrings.c:310:13:mbox_callback	8	static
C:/ncs/v2.5.0/zephyr/subsys/ipc/ipc_service/backends/ipc_rpmsg_static_vrings.c:299:13:mbox_callback_process	8	static
C:/ncs/v2.5.0/zephyr/subsys/ipc/ipc_service/backends/ipc_rpmsg_static_vrings.c:755:12:backend_init	8	static
