../src/audio/audio_datapath.c:161:13:hfclkaudio_set	0	static
../src/audio/audio_datapath.c:509:12:alt_buffer_get	0	static
../src/audio/audio_datapath.c:530:13:alt_buffer_free	0	static
../src/audio/audio_datapath.c:542:13:alt_buffer_free_both	0	static
../src/audio/audio_datapath.c:765:13:audio_datapath_sdu_ref_update	0	static
../src/audio/audio_datapath.c:430:13:tone_stop_worker	8	static
../src/audio/audio_datapath.c:439:13:tone_stop_timer_handler	8	static
../src/audio/audio_datapath.c:171:13:drift_comp_state_set	80	dynamic,bounded
../src/audio/audio_datapath.c:191:13:audio_datapath_drift_compensation	8	static
../src/audio/audio_datapath.c:282:13:pres_comp_state_set	96	dynamic,bounded
../src/audio/audio_datapath.c:313:13:audio_datapath_presentation_compensation	104	dynamic,bounded
../src/audio/audio_datapath.c:671:13:audio_datapath_i2s_start	8	static
../src/audio/audio_datapath.c:715:13:audio_datapath_i2s_stop	8	static
../src/audio/audio_datapath.c:476:13:tone_mix	200	dynamic,bounded
../src/audio/audio_datapath.c:558:13:audio_datapath_i2s_blk_complete	128	dynamic,bounded
../src/audio/audio_datapath.c:1081:12:cmd_audio_pres_comp_disable	16	static
../src/audio/audio_datapath.c:1065:12:cmd_audio_pres_comp_enable	8	static
../src/audio/audio_datapath.c:1047:12:cmd_hfclkaudio_drift_comp_disable	8	static
../src/audio/audio_datapath.c:1034:12:cmd_hfclkaudio_drift_comp_enable	8	static
../src/audio/audio_datapath.c:446:5:audio_datapath_tone_play	24	static
../src/audio/audio_datapath.c:470:6:audio_datapath_tone_stop	8	static
../src/audio/audio_datapath.c:1022:12:cmd_i2s_tone_stop	8	static
../src/audio/audio_datapath.c:970:12:cmd_i2s_tone_play	56	static
../src/audio/audio_datapath.c:790:5:audio_datapath_pres_delay_us_set	56	dynamic,bounded
../src/audio/audio_datapath.c:804:6:audio_datapath_pres_delay_us_get	0	static
../src/audio/audio_datapath.c:809:6:audio_datapath_stream_out	248	dynamic,bounded
../src/audio/audio_datapath.c:918:5:audio_datapath_start	40	static
../src/audio/audio_datapath.c:942:5:audio_datapath_stop	16	static
../src/audio/audio_datapath.c:957:5:audio_datapath_init	8	static
