../src/audio/audio_system.c:74:13:audio_headset_configure	0	static
../src/audio/audio_system.c:97:13:encoder_thread	3192	dynamic,bounded
../src/audio/audio_system.c:172:5:audio_system_encode_test_tone_set	56	dynamic,bounded
../src/audio/audio_system.c:191:5:audio_system_encode_test_tone_step	104	dynamic,bounded
../src/audio/audio_system.c:225:5:audio_system_decode	112	static
../src/audio/audio_system.c:310:6:audio_system_start	352	dynamic,bounded
../src/audio/audio_system.c:432:12:cmd_audio_system_start	8	static
../src/audio/audio_system.c:359:6:audio_system_stop	192	dynamic,bounded
../src/audio/audio_system.c:444:12:cmd_audio_system_stop	8	static
../src/audio/audio_system.c:388:5:audio_system_fifo_rx_block_drop	56	static
../src/audio/audio_system.c:406:5:audio_system_init	96	dynamic,bounded
