C:/ncs/v2.5.0/zephyr/include/zephyr/drivers/regulator.h:418:19:regulator_list_voltage	8	static
C:/ncs/v2.5.0/zephyr/drivers/regulator/regulator_shell.c:416:13:device_name_get	8	static
C:/ncs/v2.5.0/zephyr/drivers/regulator/regulator_shell.c:74:13:microtoshell	16	static
C:/ncs/v2.5.0/zephyr/drivers/regulator/regulator_shell.c:394:12:cmd_shipmode	16	static
C:/ncs/v2.5.0/zephyr/drivers/regulator/regulator_shell.c:335:12:cmd_errors	24	static
C:/ncs/v2.5.0/zephyr/drivers/regulator/regulator_shell.c:310:12:cmd_modeget	24	static
C:/ncs/v2.5.0/zephyr/drivers/regulator/regulator_shell.c:260:12:cmd_iget	24	static
C:/ncs/v2.5.0/zephyr/drivers/regulator/regulator_shell.c:199:12:cmd_vget	24	static
C:/ncs/v2.5.0/zephyr/drivers/regulator/regulator_shell.c:130:12:cmd_vlist	32	static
C:/ncs/v2.5.0/zephyr/drivers/regulator/regulator_shell.c:367:12:cmd_dvsset	24	static
C:/ncs/v2.5.0/zephyr/drivers/regulator/regulator_shell.c:285:12:cmd_modeset	16	static
C:/ncs/v2.5.0/zephyr/drivers/regulator/regulator_shell.c:17:12:strtomicro	16	static
C:/ncs/v2.5.0/zephyr/drivers/regulator/regulator_shell.c:224:12:cmd_iset	32	static
C:/ncs/v2.5.0/zephyr/drivers/regulator/regulator_shell.c:162:12:cmd_vset	32	static
C:/ncs/v2.5.0/zephyr/drivers/regulator/regulator_shell.c:108:12:cmd_disable	16	static
C:/ncs/v2.5.0/zephyr/drivers/regulator/regulator_shell.c:86:12:cmd_enable	16	static
