C:/ncs/v2.5.0/zephyr/include/zephyr/drivers/gpio.h:1567:19:gpio_pin_set_raw	8	static
C:/ncs/v2.5.0/zephyr/include/zephyr/drivers/gpio.h:1607:19:gpio_pin_set	16	static
../src/modules/led.c:142:12:led_set_int	16	static
../src/modules/led.c:214:12:led_set	16	static
C:/ncs/v2.5.0/zephyr/include/zephyr/drivers/gpio.h:956:19:z_impl_gpio_pin_configure	24	static
C:/ncs/v2.5.0/zephyr/include/zephyr/drivers/gpio.h:1019:19:gpio_pin_configure_dt	8	static
../src/modules/led.c:194:13:led_blink_work_handler	96	dynamic,bounded
../src/modules/led.c:184:6:led_blink_timer_handler	8	static
../src/modules/led.c:62:12:configure_led_color	48	static
../src/modules/led.c:79:12:config_led_monochrome	48	static
../src/modules/led.c:95:12:led_device_tree_parse	88	dynamic,bounded
../src/modules/led.c:233:5:led_on	56	dynamic,bounded
../src/modules/led.c:253:5:led_blink	56	dynamic,bounded
../src/modules/led.c:275:5:led_off	8	static
../src/modules/led.c:280:5:led_init	16	static
