C:/ncs/v2.5.0/modules/hal/cmsis/CMSIS/Core/Include/core_cm33.h:2699:34:__NVIC_SystemReset	0	static
C:/ncs/v2.5.0/modules/hal/nordic/nrfx/mdk/nrf53_erratas.h:1940:13:nrf53_errata_42	0	static
C:/ncs/v2.5.0/modules/hal/nordic/nrfx/mdk/nrf53_erratas.h:2165:13:nrf53_errata_46	0	static
C:/ncs/v2.5.0/modules/hal/nordic/nrfx/mdk/nrf53_erratas.h:2281:13:nrf53_errata_49	0	static
C:/ncs/v2.5.0/modules/hal/nordic/nrfx/mdk/nrf53_erratas.h:2616:13:nrf53_errata_55	0	static
C:/ncs/v2.5.0/modules/hal/nordic/nrfx/mdk/nrf53_erratas.h:2900:13:nrf53_errata_64	0	static
C:/ncs/v2.5.0/modules/hal/nordic/nrfx/mdk/nrf53_erratas.h:3125:13:nrf53_errata_69	0	static
C:/ncs/v2.5.0/modules/hal/nordic/nrfx/mdk/nrf53_erratas.h:4336:13:nrf53_errata_97	0	static
C:/ncs/v2.5.0/modules/hal/nordic/nrfx/mdk/nrf53_erratas.h:5541:13:nrf53_errata_140	0	static
C:/ncs/v2.5.0/modules/hal/nordic/nrfx/mdk/nrf53_erratas.h:5922:13:nrf53_errata_160	0	static
C:/ncs/v2.5.0/modules/hal/nordic/nrfx/mdk/system_nrf5340_application.c:61:6:SystemCoreClockUpdate	0	static
C:/ncs/v2.5.0/modules/hal/nordic/nrfx/mdk/system_nrf5340_application.c:70:6:SystemInit	8	static
C:/ncs/v2.5.0/modules/hal/nordic/nrfx/mdk/system_nrf5340_application.c:285:6:SystemStoreFICRNS	0	static
C:/ncs/v2.5.0/modules/hal/nordic/nrfx/mdk/system_nrf5340_application.c:307:6:SystemLockFICRNS	0	static
