C:/ncs/v2.5.0/zephyr/arch/arm/core/aarch32/cortex_m/fault.c:188:13:memory_fault_recoverable	0	static
C:/ncs/v2.5.0/zephyr/arch/arm/core/aarch32/cortex_m/fault.c:690:20:z_arm_is_synchronous_svc	0	static
C:/ncs/v2.5.0/zephyr/arch/arm/core/aarch32/cortex_m/fault.c:950:29:get_esf	40	static
C:/ncs/v2.5.0/zephyr/arch/arm/core/aarch32/cortex_m/fault.c:231:17:mem_manage_fault	208	dynamic,bounded
C:/ncs/v2.5.0/zephyr/arch/arm/core/aarch32/cortex_m/fault.c:390:12:bus_fault	232	dynamic,bounded
C:/ncs/v2.5.0/zephyr/arch/arm/core/aarch32/cortex_m/fault.c:552:17:usage_fault	208	static
C:/ncs/v2.5.0/zephyr/arch/arm/core/aarch32/cortex_m/fault.c:765:17:hard_fault	160	dynamic,bounded
C:/ncs/v2.5.0/zephyr/arch/arm/core/aarch32/cortex_m/fault.c:664:13:debug_monitor	40	static
C:/ncs/v2.5.0/zephyr/arch/arm/core/aarch32/cortex_m/fault.c:832:13:reserved_exception	64	dynamic,bounded
C:/ncs/v2.5.0/zephyr/arch/arm/core/aarch32/cortex_m/fault.c:842:17:fault_handle	8	static
C:/ncs/v2.5.0/zephyr/arch/arm/core/aarch32/cortex_m/fault.c:1092:6:z_arm_fault	128	static
C:/ncs/v2.5.0/zephyr/arch/arm/core/aarch32/cortex_m/fault.c:1167:6:z_arm_fault_init	0	static
