C:/ncs/v2.5.0/zephyr/include/zephyr/sys/slist.h:408:1:sys_slist_remove	0	static
C:/ncs/v2.5.0/zephyr/include/zephyr/sys/slist.h:424:1:sys_slist_find_and_remove	8	static
C:/ncs/v2.5.0/zephyr/subsys/bluetooth/host/att.c:112:13:bt_att_is_enhanced	0	static
C:/ncs/v2.5.0/zephyr/subsys/bluetooth/host/att.c:122:17:bt_att_mtu	0	static
C:/ncs/v2.5.0/zephyr/subsys/bluetooth/host/att.c:380:27:get_first_req_matching_chan	0	static
C:/ncs/v2.5.0/zephyr/subsys/bluetooth/host/att.c:1014:13:range_is_valid	0	static
C:/ncs/v2.5.0/zephyr/subsys/bluetooth/host/att.c:1325:16:err_to_att	0	static
C:/ncs/v2.5.0/zephyr/subsys/bluetooth/host/att.c:1348:13:attr_read_type_cb	4	static
C:/ncs/v2.5.0/zephyr/subsys/bluetooth/host/att.c:1831:13:attr_read_group_cb	0	static
C:/ncs/v2.5.0/zephyr/subsys/bluetooth/host/att.c:2821:19:att_op_get_type	0	static
C:/ncs/v2.5.0/zephyr/subsys/bluetooth/host/att.c:635:24:att_cb	16	static
C:/ncs/v2.5.0/zephyr/include/zephyr/sys/atomic.h:131:20:atomic_test_bit	0	static
C:/ncs/v2.5.0/zephyr/subsys/bluetooth/host/att.c:181:36:tx_meta_data_alloc	16	static
C:/ncs/v2.5.0/zephyr/subsys/bluetooth/host/att.c:2955:23:att_get	88	static
C:/ncs/v2.5.0/zephyr/subsys/bluetooth/host/att.c:657:24:bt_att_chan_create_pdu	160	dynamic,bounded
C:/ncs/v2.5.0/zephyr/subsys/bluetooth/host/att.c:3114:13:att_chan_attach	16	static
C:/ncs/v2.5.0/zephyr/subsys/bluetooth/host/att.c:3307:28:att_chan_new	64	dynamic,bounded
C:/ncs/v2.5.0/zephyr/subsys/bluetooth/host/att.c:3410:12:bt_att_accept	64	dynamic,bounded
C:/ncs/v2.5.0/zephyr/subsys/bluetooth/host/att.c:3287:13:bt_att_released	8	static
C:/ncs/v2.5.0/zephyr/subsys/bluetooth/host/att.c:194:20:tx_meta_data_free	8	static
C:/ncs/v2.5.0/zephyr/subsys/bluetooth/host/att.c:544:13:chan_tx_complete	24	static
C:/ncs/v2.5.0/zephyr/subsys/bluetooth/host/att.c:501:13:chan_cfm_sent	8	static
C:/ncs/v2.5.0/zephyr/subsys/bluetooth/host/att.c:515:13:chan_rsp_sent	8	static
C:/ncs/v2.5.0/zephyr/subsys/bluetooth/host/att.c:245:12:chan_send	112	static
C:/ncs/v2.5.0/zephyr/subsys/bluetooth/host/att.c:753:12:bt_att_chan_send	8	static
C:/ncs/v2.5.0/zephyr/subsys/bluetooth/host/att.c:433:12:chan_req_send	16	static
C:/ncs/v2.5.0/zephyr/subsys/bluetooth/host/att.c:889:12:bt_att_chan_req_send	8	static
C:/ncs/v2.5.0/zephyr/subsys/bluetooth/host/att.c:3252:13:bt_att_status	16	static
C:/ncs/v2.5.0/zephyr/subsys/bluetooth/host/att.c:902:13:att_req_send_process	32	static
C:/ncs/v2.5.0/zephyr/subsys/bluetooth/host/att.c:3171:16:att_req_retry	16	static
C:/ncs/v2.5.0/zephyr/subsys/bluetooth/host/att.c:529:13:chan_req_sent	8	static
C:/ncs/v2.5.0/zephyr/subsys/bluetooth/host/att.c:348:24:get_first_buf_matching_chan	8	static
C:/ncs/v2.5.0/zephyr/subsys/bluetooth/host/att.c:412:12:process_queue	16	static
C:/ncs/v2.5.0/zephyr/subsys/bluetooth/host/att.c:460:13:bt_att_sent	24	static
C:/ncs/v2.5.0/zephyr/subsys/bluetooth/host/att.c:766:13:att_send_process	32	static
C:/ncs/v2.5.0/zephyr/subsys/bluetooth/host/att.c:2659:16:att_notify_mult	8	static
C:/ncs/v2.5.0/zephyr/subsys/bluetooth/host/att.c:2626:16:att_notify	16	static
C:/ncs/v2.5.0/zephyr/subsys/bluetooth/host/att.c:791:13:bt_att_chan_send_rsp	16	static
C:/ncs/v2.5.0/zephyr/subsys/bluetooth/host/att.c:2639:16:att_indicate	16	static
C:/ncs/v2.5.0/zephyr/subsys/bluetooth/host/att.c:802:13:send_err_rsp	56	static
C:/ncs/v2.5.0/zephyr/subsys/bluetooth/host/att.c:3809:13:att_chan_mtu_updated	16	static
C:/ncs/v2.5.0/zephyr/subsys/bluetooth/host/att.c:2427:12:att_change_security	8	static
C:/ncs/v2.5.0/zephyr/subsys/bluetooth/host/att.c:1999:16:write_cb	32	static
C:/ncs/v2.5.0/zephyr/include/zephyr/sys/atomic.h:176:20:atomic_test_and_set_bit	0	static
C:/ncs/v2.5.0/zephyr/subsys/bluetooth/host/att.c:2035:16:att_write_rsp	64	static
C:/ncs/v2.5.0/zephyr/subsys/bluetooth/host/att.c:2375:16:att_write_cmd	32	static
C:/ncs/v2.5.0/zephyr/subsys/bluetooth/host/att.c:2090:16:att_write_req	32	static
C:/ncs/v2.5.0/zephyr/subsys/bluetooth/host/att.c:2238:16:exec_write_reassemble	40	static
C:/ncs/v2.5.0/zephyr/subsys/bluetooth/host/att.c:1045:16:find_info_cb	32	static
C:/ncs/v2.5.0/zephyr/subsys/bluetooth/host/att.c:2112:16:prep_write_cb	32	static
C:/ncs/v2.5.0/zephyr/subsys/bluetooth/host/att.c:1366:16:att_chan_read	56	static
C:/ncs/v2.5.0/zephyr/subsys/bluetooth/host/att.c:1849:16:read_group_cb	40	static
C:/ncs/v2.5.0/zephyr/subsys/bluetooth/host/att.c:1729:16:read_vl_cb	32	static
C:/ncs/v2.5.0/zephyr/subsys/bluetooth/host/att.c:1563:16:read_cb	32	static
C:/ncs/v2.5.0/zephyr/subsys/bluetooth/host/att.c:1424:16:read_type_cb	40	static
C:/ncs/v2.5.0/zephyr/subsys/bluetooth/host/att.c:1156:16:find_type_cb	192	dynamic,bounded
C:/ncs/v2.5.0/zephyr/subsys/bluetooth/host/att.c:2870:12:bt_att_recv	128	dynamic,bounded
C:/ncs/v2.5.0/zephyr/subsys/bluetooth/host/att.c:3129:13:bt_att_connected	8	static
C:/ncs/v2.5.0/zephyr/include/zephyr/bluetooth/addr.h:242:19:bt_addr_le_to_str	64	static
C:/ncs/v2.5.0/zephyr/subsys/bluetooth/host/att.c:225:6:att_sent	8	static
C:/ncs/v2.5.0/zephyr/subsys/bluetooth/host/att.c:617:13:att_tx_complete	16	static
C:/ncs/v2.5.0/zephyr/subsys/bluetooth/host/att.c:608:13:att_req_sent	16	static
C:/ncs/v2.5.0/zephyr/subsys/bluetooth/host/att.c:590:13:att_cfm_sent	16	static
C:/ncs/v2.5.0/zephyr/subsys/bluetooth/host/att.c:599:13:att_rsp_sent	16	static
C:/ncs/v2.5.0/zephyr/subsys/bluetooth/host/att.c:2980:17:bt_att_create_pdu	72	dynamic,bounded
C:/ncs/v2.5.0/zephyr/subsys/bluetooth/host/att.c:3004:17:bt_att_create_rsp_pdu	72	dynamic,bounded
C:/ncs/v2.5.0/zephyr/subsys/bluetooth/host/att.c:2291:16:att_exec_write_rsp	40	static
C:/ncs/v2.5.0/zephyr/subsys/bluetooth/host/att.c:2360:16:att_exec_write_req	8	static
C:/ncs/v2.5.0/zephyr/subsys/bluetooth/host/att.c:2160:16:att_prep_write_rsp	72	static
C:/ncs/v2.5.0/zephyr/subsys/bluetooth/host/att.c:2218:16:att_prepare_write_req	24	static
C:/ncs/v2.5.0/zephyr/subsys/bluetooth/host/att.c:1903:16:att_read_group_rsp	64	static
C:/ncs/v2.5.0/zephyr/subsys/bluetooth/host/att.c:1938:16:att_read_group_req	56	static
C:/ncs/v2.5.0/zephyr/subsys/bluetooth/host/att.c:1772:16:att_read_mult_vl_req	48	static
C:/ncs/v2.5.0/zephyr/subsys/bluetooth/host/att.c:1673:16:att_read_mult_req	48	static
C:/ncs/v2.5.0/zephyr/subsys/bluetooth/host/att.c:1595:16:att_read_rsp	56	static
C:/ncs/v2.5.0/zephyr/subsys/bluetooth/host/att.c:1656:16:att_read_blob_req	16	static
C:/ncs/v2.5.0/zephyr/subsys/bluetooth/host/att.c:1641:16:att_read_req	16	static
C:/ncs/v2.5.0/zephyr/subsys/bluetooth/host/att.c:1483:16:att_read_type_rsp	64	static
C:/ncs/v2.5.0/zephyr/subsys/bluetooth/host/att.c:1520:16:att_read_type_req	48	static
C:/ncs/v2.5.0/zephyr/subsys/bluetooth/host/att.c:1251:16:att_find_type_rsp	64	static
C:/ncs/v2.5.0/zephyr/subsys/bluetooth/host/att.c:1289:16:att_find_type_req	56	static
C:/ncs/v2.5.0/zephyr/subsys/bluetooth/host/att.c:1097:16:att_find_info_rsp	48	static
C:/ncs/v2.5.0/zephyr/subsys/bluetooth/host/att.c:1126:16:att_find_info_req	24	static
C:/ncs/v2.5.0/zephyr/subsys/bluetooth/host/att.c:827:16:att_mtu_req	24	static
C:/ncs/v2.5.0/zephyr/subsys/bluetooth/host/att.c:3775:6:bt_att_init	8	static
C:/ncs/v2.5.0/zephyr/subsys/bluetooth/host/att.c:3789:10:bt_att_get_mtu	16	static
C:/ncs/v2.5.0/zephyr/subsys/bluetooth/host/att.c:3833:20:bt_att_req_alloc	24	static
C:/ncs/v2.5.0/zephyr/subsys/bluetooth/host/att.c:3857:6:bt_att_req_free	8	static
C:/ncs/v2.5.0/zephyr/subsys/bluetooth/host/att.c:938:16:att_handle_rsp	72	static
C:/ncs/v2.5.0/zephyr/subsys/bluetooth/host/att.c:2618:16:att_handle_exec_write_rsp	8	static
C:/ncs/v2.5.0/zephyr/subsys/bluetooth/host/att.c:2610:16:att_handle_prepare_write_rsp	8	static
C:/ncs/v2.5.0/zephyr/subsys/bluetooth/host/att.c:2602:16:att_handle_write_rsp	8	static
C:/ncs/v2.5.0/zephyr/subsys/bluetooth/host/att.c:2594:16:att_handle_read_group_rsp	8	static
C:/ncs/v2.5.0/zephyr/subsys/bluetooth/host/att.c:2585:16:att_handle_read_mult_vl_rsp	8	static
C:/ncs/v2.5.0/zephyr/subsys/bluetooth/host/att.c:2574:16:att_handle_read_mult_rsp	8	static
C:/ncs/v2.5.0/zephyr/subsys/bluetooth/host/att.c:2565:16:att_handle_read_blob_rsp	8	static
C:/ncs/v2.5.0/zephyr/subsys/bluetooth/host/att.c:2557:16:att_handle_read_rsp	8	static
C:/ncs/v2.5.0/zephyr/subsys/bluetooth/host/att.c:2549:16:att_handle_read_type_rsp	8	static
C:/ncs/v2.5.0/zephyr/subsys/bluetooth/host/att.c:2541:16:att_handle_find_type_rsp	8	static
C:/ncs/v2.5.0/zephyr/subsys/bluetooth/host/att.c:2533:16:att_handle_find_info_rsp	8	static
C:/ncs/v2.5.0/zephyr/subsys/bluetooth/host/att.c:980:16:att_mtu_rsp	16	static
C:/ncs/v2.5.0/zephyr/subsys/bluetooth/host/att.c:2488:16:att_error_rsp	16	static
C:/ncs/v2.5.0/zephyr/subsys/bluetooth/host/att.c:2669:16:att_confirm	8	static
C:/ncs/v2.5.0/zephyr/subsys/bluetooth/host/att.c:3203:13:bt_att_encrypt_change	16	static
C:/ncs/v2.5.0/zephyr/subsys/bluetooth/host/att.c:3060:13:att_chan_detach	16	static
C:/ncs/v2.5.0/zephyr/subsys/bluetooth/host/att.c:3015:13:att_reset	24	static
C:/ncs/v2.5.0/zephyr/subsys/bluetooth/host/att.c:3145:13:bt_att_disconnected	16	static
C:/ncs/v2.5.0/zephyr/subsys/bluetooth/host/att.c:3083:13:att_timeout	88	dynamic,bounded
C:/ncs/v2.5.0/zephyr/subsys/bluetooth/host/att.c:3910:13:bt_att_chan_req_cancel	8	static
C:/ncs/v2.5.0/zephyr/subsys/bluetooth/host/att.c:3870:5:bt_att_send	16	static
C:/ncs/v2.5.0/zephyr/subsys/bluetooth/host/att.c:3890:5:bt_att_req_send	8	static
C:/ncs/v2.5.0/zephyr/subsys/bluetooth/host/att.c:3924:6:bt_att_req_cancel	16	static
C:/ncs/v2.5.0/zephyr/subsys/bluetooth/host/att.c:3953:20:bt_att_find_req_by_user_data	8	static
C:/ncs/v2.5.0/zephyr/subsys/bluetooth/host/att.c:3979:6:bt_att_fixed_chan_only	0	static
C:/ncs/v2.5.0/zephyr/subsys/bluetooth/host/att.c:3988:6:bt_att_clear_out_of_sync_sent	8	static
C:/ncs/v2.5.0/zephyr/subsys/bluetooth/host/att.c:4002:6:bt_att_out_of_sync_sent_on_fixed	8	static
C:/ncs/v2.5.0/zephyr/subsys/bluetooth/host/att.c:4016:6:bt_att_set_tx_meta_data	0	static
C:/ncs/v2.5.0/zephyr/subsys/bluetooth/host/att.c:4027:6:bt_att_increment_tx_meta_data_attr_count	0	static
C:/ncs/v2.5.0/zephyr/subsys/bluetooth/host/att.c:4034:6:bt_att_tx_meta_data_match	4	static
C:/ncs/v2.5.0/zephyr/subsys/bluetooth/host/att.c:4042:6:bt_att_chan_opt_valid	8	static
