C:/ncs/v2.5.0/zephyr/include/zephyr/sys/slist.h:408:1:sys_slist_remove	0	static
C:/ncs/v2.5.0/zephyr/include/zephyr/sys/slist.h:424:1:sys_slist_find_and_remove	8	static
C:/ncs/v2.5.0/zephyr/subsys/bluetooth/host/conn_internal.h:302:20:bt_conn_is_handle_valid	0	static
C:/ncs/v2.5.0/zephyr/subsys/bluetooth/host/conn.c:175:27:state2str	0	static
C:/ncs/v2.5.0/zephyr/subsys/bluetooth/host/conn.c:2221:13:reset_pairing	0	static
C:/ncs/v2.5.0/zephyr/subsys/bluetooth/host/conn.c:201:13:tx_free	8	static
C:/ncs/v2.5.0/zephyr/subsys/bluetooth/host/conn.c:209:13:tx_notify	16	static
C:/ncs/v2.5.0/zephyr/subsys/bluetooth/host/conn.c:1421:13:tx_complete_work	8	static
C:/ncs/v2.5.0/zephyr/subsys/bluetooth/host/conn.c:1526:13:notify_disconnected	16	static
C:/ncs/v2.5.0/zephyr/subsys/bluetooth/host/conn.c:68:13:conn_tx_destroy	16	static
C:/ncs/v2.5.0/zephyr/subsys/bluetooth/host/conn.c:1511:13:notify_connected	16	static
C:/ncs/v2.5.0/zephyr/subsys/bluetooth/host/conn.c:2463:27:conn_internal_to_public_state	16	static
C:/ncs/v2.5.0/zephyr/include/zephyr/sys/atomic.h:152:20:atomic_test_and_clear_bit	4	static
C:/ncs/v2.5.0/zephyr/include/zephyr/sys/atomic.h:131:20:atomic_test_bit	0	static
C:/ncs/v2.5.0/zephyr/include/zephyr/sys/atomic.h:237:20:atomic_set_bit_to	0	static
C:/ncs/v2.5.0/zephyr/subsys/bluetooth/host/conn.c:393:27:conn_tx_alloc	8	static
C:/ncs/v2.5.0/zephyr/subsys/bluetooth/host/conn.c:522:12:send_iso	16	static
C:/ncs/v2.5.0/zephyr/subsys/bluetooth/host/conn.c:496:12:send_acl	16	static
C:/ncs/v2.5.0/zephyr/include/zephyr/bluetooth/addr.h:137:20:bt_addr_le_copy	0	static
C:/ncs/v2.5.0/zephyr/subsys/bluetooth/host/conn.c:2587:12:bt_conn_get_tx_power_level	32	static
C:/ncs/v2.5.0/zephyr/subsys/bluetooth/host/conn.c:2272:12:start_security	8	static
C:/ncs/v2.5.0/zephyr/subsys/bluetooth/host/conn.c:135:5:bt_conn_iso_init	8	static
C:/ncs/v2.5.0/zephyr/subsys/bluetooth/host/conn.c:145:15:bt_conn_get_pkts	0	static
C:/ncs/v2.5.0/zephyr/subsys/bluetooth/host/conn.c:578:12:do_send_frag	72	dynamic,bounded
C:/ncs/v2.5.0/zephyr/subsys/bluetooth/host/conn.c:658:12:send_frag	32	static
C:/ncs/v2.5.0/zephyr/subsys/bluetooth/host/conn.c:943:13:process_unack_tx	8	static
C:/ncs/v2.5.0/zephyr/subsys/bluetooth/host/conn.c:247:17:bt_conn_new	16	static
C:/ncs/v2.5.0/zephyr/subsys/bluetooth/host/conn.c:1843:24:acl_conn_new	8	static
C:/ncs/v2.5.0/zephyr/subsys/bluetooth/host/conn.c:275:6:bt_conn_reset_rx_state	8	static
C:/ncs/v2.5.0/zephyr/subsys/bluetooth/host/conn.c:285:13:bt_acl_recv	168	dynamic,bounded
C:/ncs/v2.5.0/zephyr/subsys/bluetooth/host/conn.c:768:13:conn_cleanup	16	static
C:/ncs/v2.5.0/zephyr/subsys/bluetooth/host/conn.c:810:12:conn_prepare_events	16	static
C:/ncs/v2.5.0/zephyr/subsys/bluetooth/host/conn.c:372:6:bt_conn_recv	16	static
C:/ncs/v2.5.0/zephyr/subsys/bluetooth/host/conn.c:440:5:bt_conn_send_cb	120	dynamic,bounded
C:/ncs/v2.5.0/zephyr/subsys/bluetooth/host/conn.c:416:5:bt_conn_send_iso_cb	64	dynamic,bounded
C:/ncs/v2.5.0/zephyr/subsys/bluetooth/host/conn.c:863:5:bt_conn_prepare_events	16	static
C:/ncs/v2.5.0/zephyr/subsys/bluetooth/host/conn.c:1285:17:bt_conn_ref	8	static
C:/ncs/v2.5.0/zephyr/subsys/bluetooth/host/conn.c:1309:6:bt_conn_unref	8	static
C:/ncs/v2.5.0/zephyr/subsys/bluetooth/host/conn.c:1715:24:conn_lookup_iso	16	static
C:/ncs/v2.5.0/zephyr/subsys/bluetooth/host/conn.c:980:17:conn_lookup_handle	24	static
C:/ncs/v2.5.0/zephyr/subsys/bluetooth/host/conn.c:1009:6:bt_conn_set_state	128	dynamic,bounded
C:/ncs/v2.5.0/zephyr/subsys/bluetooth/host/conn.c:795:13:conn_destroy	8	static
C:/ncs/v2.5.0/zephyr/subsys/bluetooth/host/conn.c:1441:12:conn_disconnect	16	static
C:/ncs/v2.5.0/zephyr/subsys/bluetooth/host/conn.c:1195:17:bt_conn_lookup_handle	64	dynamic,bounded
C:/ncs/v2.5.0/zephyr/subsys/bluetooth/host/conn.c:1231:6:bt_conn_foreach	24	static
C:/ncs/v2.5.0/zephyr/subsys/bluetooth/host/conn.c:805:6:bt_conn_cleanup_all	8	static
C:/ncs/v2.5.0/zephyr/subsys/bluetooth/host/conn.c:1325:9:bt_conn_index	8	static
C:/ncs/v2.5.0/zephyr/subsys/bluetooth/host/conn.c:1365:17:bt_conn_create_pdu_timeout	56	static
C:/ncs/v2.5.0/zephyr/subsys/bluetooth/host/conn.c:1435:6:bt_conn_connected	8	static
C:/ncs/v2.5.0/zephyr/subsys/bluetooth/host/conn.c:1457:5:bt_conn_disconnect	16	static
C:/ncs/v2.5.0/zephyr/subsys/bluetooth/host/conn.c:1567:6:notify_le_param_updated	16	static
C:/ncs/v2.5.0/zephyr/subsys/bluetooth/host/conn.c:1631:6:le_param_req	24	static
C:/ncs/v2.5.0/zephyr/subsys/bluetooth/host/conn.c:2105:6:bt_conn_ltk_present	8	static
C:/ncs/v2.5.0/zephyr/subsys/bluetooth/host/conn.c:2124:6:bt_conn_identity_resolved	16	static
C:/ncs/v2.5.0/zephyr/subsys/bluetooth/host/conn.c:2147:5:bt_conn_le_start_encryption	32	static
C:/ncs/v2.5.0/zephyr/subsys/bluetooth/host/conn.c:2177:9:bt_conn_enc_key_size	0	static
C:/ncs/v2.5.0/zephyr/subsys/bluetooth/host/conn.c:2235:6:bt_conn_security_changed	16	static
C:/ncs/v2.5.0/zephyr/subsys/bluetooth/host/conn.c:2285:5:bt_conn_set_security	16	static
C:/ncs/v2.5.0/zephyr/subsys/bluetooth/host/conn.c:2320:15:bt_conn_get_security	0	static
C:/ncs/v2.5.0/zephyr/subsys/bluetooth/host/conn.c:2331:6:bt_conn_cb_register	0	static
C:/ncs/v2.5.0/zephyr/subsys/bluetooth/host/conn.c:2357:17:bt_conn_add_le	16	static
C:/ncs/v2.5.0/zephyr/subsys/bluetooth/host/conn.c:2378:6:bt_conn_is_peer_addr_le	16	static
C:/ncs/v2.5.0/zephyr/subsys/bluetooth/host/conn.c:2398:17:bt_conn_lookup_addr_le	24	static
C:/ncs/v2.5.0/zephyr/subsys/bluetooth/host/conn.c:2337:6:bt_conn_exists_le	56	dynamic,bounded
C:/ncs/v2.5.0/zephyr/subsys/bluetooth/host/conn.c:2425:17:bt_conn_lookup_state_le	24	static
C:/ncs/v2.5.0/zephyr/subsys/bluetooth/host/conn.c:2458:21:bt_conn_get_dst	0	static
C:/ncs/v2.5.0/zephyr/subsys/bluetooth/host/conn.c:2485:5:bt_conn_get_info	16	static
C:/ncs/v2.5.0/zephyr/subsys/bluetooth/host/conn.c:2550:5:bt_conn_get_remote_info	16	static
C:/ncs/v2.5.0/zephyr/subsys/bluetooth/host/conn.c:2617:5:bt_conn_le_get_tx_power_level	16	static
C:/ncs/v2.5.0/zephyr/subsys/bluetooth/host/conn.c:3080:5:bt_conn_le_conn_update	16	static
C:/ncs/v2.5.0/zephyr/subsys/bluetooth/host/conn.c:1675:12:send_conn_le_param_update	16	static
C:/ncs/v2.5.0/zephyr/subsys/bluetooth/host/conn.c:1737:13:deferred_work	72	dynamic,bounded
C:/ncs/v2.5.0/zephyr/subsys/bluetooth/host/conn.c:2640:5:bt_conn_le_param_update	16	static
C:/ncs/v2.5.0/zephyr/subsys/bluetooth/host/conn.c:3108:17:bt_conn_create_frag_timeout	8	static
C:/ncs/v2.5.0/zephyr/subsys/bluetooth/host/conn.c:687:24:create_frag	16	static
C:/ncs/v2.5.0/zephyr/subsys/bluetooth/host/conn.c:719:12:send_buf	24	static
C:/ncs/v2.5.0/zephyr/subsys/bluetooth/host/conn.c:898:6:bt_conn_process_tx	16	static
C:/ncs/v2.5.0/zephyr/subsys/bluetooth/host/conn.c:3126:5:bt_conn_auth_cb_register	0	static
C:/ncs/v2.5.0/zephyr/subsys/bluetooth/host/conn.c:3154:5:bt_conn_auth_cb_overlay	8	static
C:/ncs/v2.5.0/zephyr/subsys/bluetooth/host/conn.c:3177:5:bt_conn_auth_info_cb_register	0	static
C:/ncs/v2.5.0/zephyr/subsys/bluetooth/host/conn.c:3188:5:bt_conn_auth_info_cb_unregister	8	static
C:/ncs/v2.5.0/zephyr/subsys/bluetooth/host/conn.c:3201:5:bt_conn_auth_passkey_entry	8	static
C:/ncs/v2.5.0/zephyr/subsys/bluetooth/host/conn.c:3231:5:bt_conn_auth_passkey_confirm	8	static
C:/ncs/v2.5.0/zephyr/subsys/bluetooth/host/conn.c:3248:5:bt_conn_auth_cancel	8	static
C:/ncs/v2.5.0/zephyr/subsys/bluetooth/host/conn.c:3265:5:bt_conn_auth_pairing_confirm	8	static
C:/ncs/v2.5.0/zephyr/subsys/bluetooth/host/conn.c:3283:17:bt_conn_lookup_index	8	static
C:/ncs/v2.5.0/zephyr/subsys/bluetooth/host/conn.c:3292:5:bt_conn_init	8	static
