C:/ncs/v2.5.0/zephyr/include/zephyr/sys/slist.h:365:1:sys_slist_insert	0	static
C:/ncs/v2.5.0/zephyr/include/zephyr/sys/slist.h:408:1:sys_slist_remove	0	static
C:/ncs/v2.5.0/zephyr/include/zephyr/sys/slist.h:424:1:sys_slist_find_and_remove	8	static
C:/ncs/v2.5.0/zephyr/include/zephyr/sys/byteorder.h:554:20:sys_mem_swap	4	static
C:/ncs/v2.5.0/zephyr/subsys/bluetooth/host/gatt.c:408:13:update_range	4	static
C:/ncs/v2.5.0/zephyr/subsys/bluetooth/host/gatt.c:631:13:cf_set_value	8	static
C:/ncs/v2.5.0/zephyr/subsys/bluetooth/host/gatt.c:1154:16:found_attr	0	static
C:/ncs/v2.5.0/zephyr/subsys/bluetooth/host/gatt.c:1173:13:gatt_insert	8	static
C:/ncs/v2.5.0/zephyr/subsys/bluetooth/host/gatt.c:2032:16:find_next	0	static
C:/ncs/v2.5.0/zephyr/subsys/bluetooth/host/gatt.c:2091:13:gatt_ccc_changed	8	static
C:/ncs/v2.5.0/zephyr/subsys/bluetooth/host/gatt.c:2475:13:gatt_indicate_rsp	8	static
C:/ncs/v2.5.0/zephyr/subsys/bluetooth/host/gatt.c:2745:16:match_uuid	0	static
C:/ncs/v2.5.0/zephyr/subsys/bluetooth/host/gatt.c:3411:13:gatt_sub_is_empty	0	static
C:/ncs/v2.5.0/zephyr/subsys/bluetooth/host/gatt.c:3505:13:check_subscribe_security_level	0	static
C:/ncs/v2.5.0/zephyr/subsys/bluetooth/host/gatt.c:3630:13:gatt_mtu_rsp	8	static
C:/ncs/v2.5.0/zephyr/subsys/bluetooth/host/gatt.c:4072:17:parse_read_std_char_desc	64	static
C:/ncs/v2.5.0/zephyr/subsys/bluetooth/host/gatt.c:4694:13:gatt_read_mult_rsp	24	static
C:/ncs/v2.5.0/zephyr/subsys/bluetooth/host/gatt.c:4861:13:gatt_write_rsp	8	static
C:/ncs/v2.5.0/zephyr/subsys/bluetooth/host/gatt.c:5630:12:ccc_set_cb	0	static
C:/ncs/v2.5.0/zephyr/subsys/bluetooth/host/gatt.c:735:16:gen_hash_m	56	static
C:/ncs/v2.5.0/zephyr/subsys/bluetooth/host/gatt.c:4215:17:parse_service	120	dynamic,bounded
C:/ncs/v2.5.0/zephyr/subsys/bluetooth/host/gatt.c:6090:12:db_hash_set	64	dynamic,bounded
C:/ncs/v2.5.0/zephyr/subsys/bluetooth/host/gatt.c:5820:28:find_cf_cfg_by_addr	16	static
C:/ncs/v2.5.0/zephyr/subsys/bluetooth/host/gatt.c:1339:24:gatt_delayed_store_find	24	static
C:/ncs/v2.5.0/zephyr/subsys/bluetooth/host/gatt.c:319:28:find_sc_cfg	16	static
C:/ncs/v2.5.0/zephyr/subsys/bluetooth/host/gatt.c:3474:25:gatt_sub_find_by_addr	24	static
C:/ncs/v2.5.0/zephyr/subsys/bluetooth/host/gatt.c:5465:32:ccc_find_cfg	24	static
C:/ncs/v2.5.0/zephyr/subsys/bluetooth/host/gatt.c:5845:16:ccc_save	16	static
C:/ncs/v2.5.0/zephyr/subsys/bluetooth/host/gatt.c:6181:25:find_gatt_sub	24	static
C:/ncs/v2.5.0/zephyr/include/zephyr/sys/atomic.h:176:20:atomic_test_and_set_bit	0	static
C:/ncs/v2.5.0/zephyr/subsys/bluetooth/host/gatt.c:1447:13:bt_gatt_service_init	8	static
C:/ncs/v2.5.0/zephyr/include/zephyr/sys/atomic.h:217:20:atomic_set_bit	0	static
C:/ncs/v2.5.0/zephyr/include/zephyr/sys/atomic.h:152:20:atomic_test_and_clear_bit	4	static
C:/ncs/v2.5.0/zephyr/subsys/bluetooth/host/gatt.c:545:13:set_change_aware_no_store	8	static
C:/ncs/v2.5.0/zephyr/subsys/bluetooth/host/gatt.c:810:13:db_hash_store	56	dynamic,bounded
C:/ncs/v2.5.0/zephyr/subsys/bluetooth/host/gatt.c:597:28:find_cf_cfg	16	static
C:/ncs/v2.5.0/zephyr/subsys/bluetooth/host/gatt.c:2052:32:find_ccc_cfg	24	static
C:/ncs/v2.5.0/zephyr/subsys/bluetooth/host/gatt.c:3441:25:gatt_sub_find	16	static
C:/ncs/v2.5.0/zephyr/include/zephyr/sys/atomic.h:131:20:atomic_test_bit	0	static
C:/ncs/v2.5.0/zephyr/subsys/bluetooth/host/gatt.c:1007:12:bt_gatt_store_cf	64	dynamic,bounded
C:/ncs/v2.5.0/zephyr/subsys/bluetooth/host/gatt.c:575:13:set_all_change_unaware	16	static
C:/ncs/v2.5.0/zephyr/include/zephyr/bluetooth/addr.h:137:20:bt_addr_le_copy	0	static
C:/ncs/v2.5.0/zephyr/subsys/bluetooth/host/gatt.c:1367:24:gatt_delayed_store_alloc	24	static
C:/ncs/v2.5.0/zephyr/subsys/bluetooth/host/gatt.c:1062:16:convert_to_id_on_match	24	static
C:/ncs/v2.5.0/zephyr/subsys/bluetooth/host/gatt.c:1316:13:clear_ccc_cfg	8	static
C:/ncs/v2.5.0/zephyr/subsys/bluetooth/host/gatt.c:5490:13:ccc_clear	8	static
C:/ncs/v2.5.0/zephyr/subsys/bluetooth/host/gatt.c:3458:25:gatt_sub_add	16	static
C:/ncs/v2.5.0/zephyr/subsys/bluetooth/host/gatt.c:3418:13:gatt_sub_free	8	static
C:/ncs/v2.5.0/zephyr/subsys/bluetooth/host/gatt.c:3424:13:gatt_sub_remove	24	static
C:/ncs/v2.5.0/zephyr/subsys/bluetooth/host/gatt.c:5107:13:gatt_write_ccc_rsp	56	static
C:/ncs/v2.5.0/zephyr/subsys/bluetooth/host/gatt.c:6195:13:bt_gatt_clear_subscriptions	16	static
C:/ncs/v2.5.0/zephyr/subsys/bluetooth/host/gatt.c:3488:25:gatt_sub_add_by_addr	16	static
C:/ncs/v2.5.0/zephyr/subsys/bluetooth/host/gatt.c:5505:16:ccc_load	24	static
C:/ncs/v2.5.0/zephyr/subsys/bluetooth/host/gatt.c:3592:13:gatt_sub_update	8	static
C:/ncs/v2.5.0/zephyr/subsys/bluetooth/host/gatt.c:3602:13:remove_subscriptions	32	static
C:/ncs/v2.5.0/zephyr/subsys/bluetooth/host/gatt.c:1390:13:gatt_delayed_store_enqueue	24	static
C:/ncs/v2.5.0/zephyr/subsys/bluetooth/host/gatt.c:560:13:set_change_aware	8	static
C:/ncs/v2.5.0/zephyr/subsys/bluetooth/host/gatt.c:658:16:cf_write	56	static
C:/ncs/v2.5.0/zephyr/subsys/bluetooth/host/gatt.c:2113:9:bt_gatt_attr_write_ccc	64	static
C:/ncs/v2.5.0/zephyr/subsys/bluetooth/host/gatt.c:1521:13:sc_indicate	8	static
C:/ncs/v2.5.0/zephyr/subsys/bluetooth/host/gatt.c:5985:12:sc_commit	8	static
C:/ncs/v2.5.0/zephyr/subsys/bluetooth/host/gatt.c:333:13:sc_store	56	dynamic,bounded
C:/ncs/v2.5.0/zephyr/subsys/bluetooth/host/gatt.c:431:13:sc_save	56	static
C:/ncs/v2.5.0/zephyr/subsys/bluetooth/host/gatt.c:347:13:clear_sc_cfg	0	static
C:/ncs/v2.5.0/zephyr/subsys/bluetooth/host/gatt.c:352:12:bt_gatt_clear_sc	64	dynamic,bounded
C:/ncs/v2.5.0/zephyr/subsys/bluetooth/host/gatt.c:378:13:sc_clear	64	dynamic,bounded
C:/ncs/v2.5.0/zephyr/subsys/bluetooth/host/gatt.c:468:16:sc_ccc_cfg_write	8	static
C:/ncs/v2.5.0/zephyr/subsys/bluetooth/host/gatt.c:397:13:sc_reset	8	static
C:/ncs/v2.5.0/zephyr/subsys/bluetooth/host/gatt.c:6123:16:remove_peer_from_attr	8	static
C:/ncs/v2.5.0/zephyr/subsys/bluetooth/host/gatt.c:1357:13:gatt_delayed_store_free	0	static
C:/ncs/v2.5.0/zephyr/subsys/bluetooth/host/gatt.c:526:13:clear_cf_cfg	8	static
C:/ncs/v2.5.0/zephyr/subsys/bluetooth/host/gatt.c:966:13:remove_cf_cfg	16	static
C:/ncs/v2.5.0/zephyr/subsys/bluetooth/host/gatt.c:1247:13:sc_indicate_rsp	8	static
C:/ncs/v2.5.0/zephyr/subsys/bluetooth/host/gatt.c:3137:13:sc_restore_rsp	16	static
C:/ncs/v2.5.0/zephyr/subsys/bluetooth/host/gatt.c:1783:16:get_service_handles	24	static
C:/ncs/v2.5.0/zephyr/subsys/bluetooth/host/gatt.c:1916:16:gatt_foreach_iter	16	static
C:/ncs/v2.5.0/zephyr/subsys/bluetooth/host/gatt.c:1956:13:foreach_attr_type_dyndb	64	static
C:/ncs/v2.5.0/zephyr/subsys/bluetooth/host/gatt.c:3991:17:parse_characteristic	128	dynamic,bounded
C:/ncs/v2.5.0/zephyr/subsys/bluetooth/host/gatt.c:1552:13:db_changed	16	static
C:/ncs/v2.5.0/zephyr/subsys/bluetooth/host/gatt.c:3277:16:disconnected_cb	40	static
C:/ncs/v2.5.0/zephyr/subsys/bluetooth/host/gatt.c:2490:27:gatt_req_alloc	24	static
C:/ncs/v2.5.0/zephyr/subsys/bluetooth/host/gatt.c:2515:12:gatt_req_send	40	static
C:/ncs/v2.5.0/zephyr/subsys/bluetooth/host/gatt.c:3802:12:gatt_find_type	72	dynamic,bounded
C:/ncs/v2.5.0/zephyr/subsys/bluetooth/host/gatt.c:4341:12:gatt_read_group	24	static
C:/ncs/v2.5.0/zephyr/subsys/bluetooth/host/gatt.c:4205:12:gatt_read_type	24	static
C:/ncs/v2.5.0/zephyr/subsys/bluetooth/host/gatt.c:3888:12:read_included_uuid	24	static
C:/ncs/v2.5.0/zephyr/subsys/bluetooth/host/gatt.c:3898:17:parse_include	128	dynamic,bounded
C:/ncs/v2.5.0/zephyr/subsys/bluetooth/host/gatt.c:4481:12:gatt_find_info	24	static
C:/ncs/v2.5.0/zephyr/subsys/bluetooth/host/gatt.c:4681:12:gatt_read_uuid	24	static
C:/ncs/v2.5.0/zephyr/subsys/bluetooth/host/gatt.c:4798:12:gatt_read_mult_vl	24	static
C:/ncs/v2.5.0/zephyr/subsys/bluetooth/host/gatt.c:4725:12:gatt_read_mult	24	static
C:/ncs/v2.5.0/zephyr/subsys/bluetooth/host/gatt.c:4651:12:gatt_read_blob	24	static
C:/ncs/v2.5.0/zephyr/subsys/bluetooth/host/gatt.c:4953:12:gatt_cancel_all_writes	24	static
C:/ncs/v2.5.0/zephyr/subsys/bluetooth/host/gatt.c:4932:12:gatt_exec_write	24	static
C:/ncs/v2.5.0/zephyr/subsys/bluetooth/host/gatt.c:5162:12:gatt_write_ccc	24	static
C:/ncs/v2.5.0/zephyr/subsys/bluetooth/host/gatt.c:5419:13:add_subscriptions	16	static
C:/ncs/v2.5.0/zephyr/subsys/bluetooth/host/gatt.c:3638:12:gatt_exchange_mtu_encode	8	static
C:/ncs/v2.5.0/zephyr/subsys/bluetooth/host/gatt.c:3876:12:read_included_uuid_encode	8	static
C:/ncs/v2.5.0/zephyr/subsys/bluetooth/host/gatt.c:4468:12:gatt_find_info_encode	8	static
C:/ncs/v2.5.0/zephyr/subsys/bluetooth/host/gatt.c:4818:12:gatt_read_encode	8	static
C:/ncs/v2.5.0/zephyr/subsys/bluetooth/host/gatt.c:4638:12:gatt_read_blob_encode	8	static
C:/ncs/v2.5.0/zephyr/subsys/bluetooth/host/gatt.c:4943:12:gatt_cancel_encode	8	static
C:/ncs/v2.5.0/zephyr/subsys/bluetooth/host/gatt.c:4922:12:gatt_exec_encode	8	static
C:/ncs/v2.5.0/zephyr/subsys/bluetooth/host/gatt.c:5047:12:gatt_prepare_write	32	static
C:/ncs/v2.5.0/zephyr/subsys/bluetooth/host/gatt.c:4745:13:gatt_read_mult_vl_rsp	48	static
C:/ncs/v2.5.0/zephyr/subsys/bluetooth/host/gatt.c:4322:12:gatt_read_group_encode	16	static
C:/ncs/v2.5.0/zephyr/subsys/bluetooth/host/gatt.c:4179:12:gatt_read_type_encode	16	static
C:/ncs/v2.5.0/zephyr/subsys/bluetooth/host/gatt.c:4785:12:gatt_read_mult_vl_encode	16	static
C:/ncs/v2.5.0/zephyr/subsys/bluetooth/host/gatt.c:4712:12:gatt_read_mult_encode	16	static
C:/ncs/v2.5.0/zephyr/subsys/bluetooth/host/gatt.c:5148:12:gatt_write_ccc_buf	16	static
C:/ncs/v2.5.0/zephyr/subsys/bluetooth/host/gatt.c:3768:12:gatt_find_type_encode	16	static
C:/ncs/v2.5.0/zephyr/subsys/bluetooth/host/gatt.c:4662:12:gatt_read_uuid_encode	16	static
C:/ncs/v2.5.0/zephyr/subsys/bluetooth/host/gatt.c:5064:12:gatt_write_encode	32	static
C:/ncs/v2.5.0/zephyr/subsys/bluetooth/host/gatt.c:5026:12:gatt_prepare_write_encode	32	static
C:/ncs/v2.5.0/zephyr/subsys/bluetooth/host/gatt.c:5916:12:sc_set	200	dynamic,bounded
C:/ncs/v2.5.0/zephyr/subsys/bluetooth/host/gatt.c:6002:12:cf_set	256	dynamic,bounded
C:/ncs/v2.5.0/zephyr/subsys/bluetooth/host/gatt.c:6163:12:bt_gatt_clear_cf	16	static
C:/ncs/v2.5.0/zephyr/subsys/bluetooth/host/gatt.c:1458:6:bt_gatt_init	8	static
C:/ncs/v2.5.0/zephyr/subsys/bluetooth/host/gatt.c:1546:6:bt_gatt_cb_register	0	static
C:/ncs/v2.5.0/zephyr/subsys/bluetooth/host/gatt.c:1722:6:bt_gatt_service_is_registered	8	static
C:/ncs/v2.5.0/zephyr/subsys/bluetooth/host/gatt.c:1741:9:bt_gatt_attr_read	8	static
C:/ncs/v2.5.0/zephyr/subsys/bluetooth/host/gatt.c:131:16:read_appearance	48	static
C:/ncs/v2.5.0/zephyr/subsys/bluetooth/host/gatt.c:97:16:read_name	40	static
C:/ncs/v2.5.0/zephyr/subsys/bluetooth/host/gatt.c:616:16:cf_read	48	static
C:/ncs/v2.5.0/zephyr/subsys/bluetooth/host/gatt.c:1760:9:bt_gatt_attr_read_service	40	static
C:/ncs/v2.5.0/zephyr/subsys/bluetooth/host/gatt.c:2071:9:bt_gatt_attr_read_ccc	48	static
C:/ncs/v2.5.0/zephyr/subsys/bluetooth/host/gatt.c:1799:10:bt_gatt_attr_get_handle	16	static
C:/ncs/v2.5.0/zephyr/subsys/bluetooth/host/gatt.c:1868:10:bt_gatt_attr_value_handle	16	static
C:/ncs/v2.5.0/zephyr/subsys/bluetooth/host/gatt.c:1885:9:bt_gatt_attr_read_chrc	64	static
C:/ncs/v2.5.0/zephyr/subsys/bluetooth/host/gatt.c:1993:6:bt_gatt_foreach_attr_type	72	static
C:/ncs/v2.5.0/zephyr/subsys/bluetooth/host/gatt.c:824:13:db_hash_gen	368	static
C:/ncs/v2.5.0/zephyr/subsys/bluetooth/host/gatt.c:931:16:db_hash_read	40	static
C:/ncs/v2.5.0/zephyr/subsys/bluetooth/host/gatt.c:860:13:do_db_hash	8	static
C:/ncs/v2.5.0/zephyr/subsys/bluetooth/host/gatt.c:926:13:db_hash_process	8	static
C:/ncs/v2.5.0/zephyr/subsys/bluetooth/host/gatt.c:6106:12:db_hash_commit	8	static
C:/ncs/v2.5.0/zephyr/subsys/bluetooth/host/gatt.c:1164:35:find_attr	32	static
C:/ncs/v2.5.0/zephyr/subsys/bluetooth/host/gatt.c:1197:12:gatt_register	72	dynamic,bounded
C:/ncs/v2.5.0/zephyr/subsys/bluetooth/host/gatt.c:1644:5:bt_gatt_service_register	56	static
C:/ncs/v2.5.0/zephyr/subsys/bluetooth/host/gatt.c:1829:9:bt_gatt_attr_read_included	56	static
C:/ncs/v2.5.0/zephyr/subsys/bluetooth/host/gatt.c:5564:12:ccc_set	392	dynamic,bounded
C:/ncs/v2.5.0/zephyr/subsys/bluetooth/host/gatt.c:5643:12:ccc_set_direct	48	static
C:/ncs/v2.5.0/zephyr/subsys/bluetooth/host/gatt.c:6146:12:bt_gatt_clear_ccc	40	static
C:/ncs/v2.5.0/zephyr/subsys/bluetooth/host/gatt.c:2756:13:gatt_find_by_uuid	24	static
C:/ncs/v2.5.0/zephyr/subsys/bluetooth/host/gatt.c:2042:22:bt_gatt_attr_next	32	static
C:/ncs/v2.5.0/zephyr/subsys/bluetooth/host/gatt.c:2195:9:bt_gatt_attr_read_cep	32	static
C:/ncs/v2.5.0/zephyr/subsys/bluetooth/host/gatt.c:2206:9:bt_gatt_attr_read_cud	40	static
C:/ncs/v2.5.0/zephyr/subsys/bluetooth/host/gatt.c:2224:9:bt_gatt_attr_read_cpf	32	static
C:/ncs/v2.5.0/zephyr/subsys/bluetooth/host/gatt.c:2767:22:bt_gatt_find_by_uuid	40	static
C:/ncs/v2.5.0/zephyr/subsys/bluetooth/host/gatt.c:3066:10:bt_gatt_get_mtu	8	static
C:/ncs/v2.5.0/zephyr/subsys/bluetooth/host/gatt.c:3071:9:bt_gatt_check_perm	16	static
C:/ncs/v2.5.0/zephyr/subsys/bluetooth/host/gatt.c:3348:6:bt_gatt_is_subscribed	56	static
C:/ncs/v2.5.0/zephyr/subsys/bluetooth/host/gatt.c:2559:12:gatt_indicate	120	static
C:/ncs/v2.5.0/zephyr/subsys/bluetooth/host/gatt.c:3007:5:bt_gatt_indicate	64	static
C:/ncs/v2.5.0/zephyr/subsys/bluetooth/host/gatt.c:1281:13:sc_process	24	static
C:/ncs/v2.5.0/zephyr/subsys/bluetooth/host/gatt.c:3175:13:sc_restore	48	static
C:/ncs/v2.5.0/zephyr/subsys/bluetooth/host/gatt.c:3213:16:update_ccc	80	dynamic,bounded
C:/ncs/v2.5.0/zephyr/subsys/bluetooth/host/gatt.c:2409:12:gatt_notify	112	static
C:/ncs/v2.5.0/zephyr/subsys/bluetooth/host/gatt.c:2782:5:bt_gatt_notify_cb	64	static
C:/ncs/v2.5.0/zephyr/subsys/bluetooth/host/gatt.c:2638:16:notify_cb	72	static
C:/ncs/v2.5.0/zephyr/subsys/bluetooth/host/gatt.c:3654:5:bt_gatt_exchange_mtu	32	static
C:/ncs/v2.5.0/zephyr/subsys/bluetooth/host/gatt.c:4492:5:bt_gatt_discover	96	dynamic,bounded
C:/ncs/v2.5.0/zephyr/subsys/bluetooth/host/gatt.c:3682:13:gatt_discover_next	16	static
C:/ncs/v2.5.0/zephyr/subsys/bluetooth/host/gatt.c:3712:13:gatt_find_type_rsp	64	static
C:/ncs/v2.5.0/zephyr/subsys/bluetooth/host/gatt.c:4300:13:gatt_read_group_rsp	16	static
C:/ncs/v2.5.0/zephyr/subsys/bluetooth/host/gatt.c:4150:13:gatt_read_type_rsp	16	static
C:/ncs/v2.5.0/zephyr/subsys/bluetooth/host/gatt.c:3826:13:read_included_uuid_cb	112	dynamic,bounded
C:/ncs/v2.5.0/zephyr/subsys/bluetooth/host/gatt.c:4353:13:gatt_find_info_rsp	136	dynamic,bounded
C:/ncs/v2.5.0/zephyr/subsys/bluetooth/host/gatt.c:5209:12:gatt_ccc_discover	16	static
C:/ncs/v2.5.0/zephyr/subsys/bluetooth/host/gatt.c:4829:5:bt_gatt_read	24	static
C:/ncs/v2.5.0/zephyr/subsys/bluetooth/host/gatt.c:4545:13:parse_read_by_uuid	72	static
C:/ncs/v2.5.0/zephyr/subsys/bluetooth/host/gatt.c:4598:13:gatt_read_rsp	32	static
C:/ncs/v2.5.0/zephyr/subsys/bluetooth/host/gatt.c:4871:5:bt_gatt_write_without_response_cb	88	dynamic,bounded
C:/ncs/v2.5.0/zephyr/subsys/bluetooth/host/gatt.c:5082:5:bt_gatt_write	32	static
C:/ncs/v2.5.0/zephyr/subsys/bluetooth/host/gatt.c:4964:13:gatt_prepare_write_rsp	88	static
C:/ncs/v2.5.0/zephyr/subsys/bluetooth/host/gatt.c:5238:5:bt_gatt_subscribe	24	static
C:/ncs/v2.5.0/zephyr/subsys/bluetooth/host/gatt.c:5180:16:gatt_ccc_discover_cb	24	static
C:/ncs/v2.5.0/zephyr/subsys/bluetooth/host/gatt.c:5305:5:bt_gatt_resubscribe	8	static
C:/ncs/v2.5.0/zephyr/subsys/bluetooth/host/gatt.c:5398:6:bt_gatt_cancel	24	static
C:/ncs/v2.5.0/zephyr/subsys/bluetooth/host/gatt.c:5333:5:bt_gatt_unsubscribe	24	static
C:/ncs/v2.5.0/zephyr/subsys/bluetooth/host/gatt.c:3514:6:bt_gatt_notification	32	static
C:/ncs/v2.5.0/zephyr/subsys/bluetooth/host/gatt.c:3541:6:bt_gatt_mult_notification	96	dynamic,bounded
C:/ncs/v2.5.0/zephyr/subsys/bluetooth/host/gatt.c:5662:6:bt_gatt_connected	120	dynamic,bounded
C:/ncs/v2.5.0/zephyr/subsys/bluetooth/host/gatt.c:5729:6:bt_gatt_att_max_mtu_changed	24	static
C:/ncs/v2.5.0/zephyr/subsys/bluetooth/host/gatt.c:5765:6:bt_gatt_change_aware	24	static
C:/ncs/v2.5.0/zephyr/subsys/bluetooth/host/gatt.c:5740:6:bt_gatt_encrypt_change	40	static
C:/ncs/v2.5.0/zephyr/subsys/bluetooth/host/gatt.c:5874:5:bt_gatt_store_ccc	280	dynamic,bounded
C:/ncs/v2.5.0/zephyr/subsys/bluetooth/host/gatt.c:1424:13:gatt_store_ccc_cf	24	static
C:/ncs/v2.5.0/zephyr/subsys/bluetooth/host/gatt.c:1409:13:delayed_store	16	static
C:/ncs/v2.5.0/zephyr/subsys/bluetooth/host/gatt.c:1115:13:bt_gatt_pairing_complete	16	static
C:/ncs/v2.5.0/zephyr/subsys/bluetooth/host/gatt.c:1087:13:bt_gatt_identity_resolved	48	static
C:/ncs/v2.5.0/zephyr/subsys/bluetooth/host/gatt.c:1592:13:gatt_unregister_ccc	32	static
C:/ncs/v2.5.0/zephyr/subsys/bluetooth/host/gatt.c:1627:12:gatt_unregister	16	static
C:/ncs/v2.5.0/zephyr/subsys/bluetooth/host/gatt.c:1692:5:bt_gatt_service_unregister	16	static
C:/ncs/v2.5.0/zephyr/subsys/bluetooth/host/gatt.c:6213:5:bt_gatt_clear	16	static
C:/ncs/v2.5.0/zephyr/subsys/bluetooth/host/gatt.c:6243:6:bt_gatt_disconnected	40	static
