C:/ncs/v2.5.0/zephyr/include/zephyr/sys/byteorder.h:359:20:sys_put_le64	0	static
C:/ncs/v2.5.0/zephyr/include/zephyr/sys/byteorder.h:510:24:sys_get_le64	4	static
C:/ncs/v2.5.0/zephyr/include/zephyr/drivers/bluetooth/hci_driver.h:60:23:bt_hci_evt_get_flags	0	static
C:/ncs/v2.5.0/zephyr/subsys/bluetooth/host/hci_core.c:788:13:disconnected_handles_reset	0	static
C:/ncs/v2.5.0/zephyr/subsys/bluetooth/host/hci_core.c:793:13:conn_handle_disconnected	0	static
C:/ncs/v2.5.0/zephyr/subsys/bluetooth/host/hci_core.c:805:13:conn_handle_is_disconnected	0	static
C:/ncs/v2.5.0/zephyr/subsys/bluetooth/host/hci_core.c:2008:13:update_sec_level	0	static
C:/ncs/v2.5.0/zephyr/subsys/bluetooth/host/hci_core.c:2407:13:hci_vendor_event	0	static
C:/ncs/v2.5.0/zephyr/subsys/bluetooth/host/hci_core.c:2794:13:read_local_ver_complete	0	static
C:/ncs/v2.5.0/zephyr/subsys/bluetooth/host/hci_core.c:2807:13:read_le_features_complete	0	static
C:/ncs/v2.5.0/zephyr/subsys/bluetooth/host/hci_core.c:2912:13:read_supported_commands_complete	12	static
C:/ncs/v2.5.0/zephyr/subsys/bluetooth/host/hci_core.c:2929:13:read_local_features_complete	0	static
C:/ncs/v2.5.0/zephyr/subsys/bluetooth/host/hci_core.c:2938:13:le_read_supp_states_complete	8	static
C:/ncs/v2.5.0/zephyr/subsys/bluetooth/host/hci_core.c:2948:13:le_read_resolving_list_size_complete	0	static
C:/ncs/v2.5.0/zephyr/include/zephyr/sys/atomic.h:131:20:atomic_test_bit	0	static
C:/ncs/v2.5.0/zephyr/subsys/bluetooth/host/hci_core.c:2263:13:hci_reset_complete	0	static
C:/ncs/v2.5.0/zephyr/subsys/bluetooth/host/hci_core.c:2840:13:le_read_buffer_size_complete	8	static
C:/ncs/v2.5.0/zephyr/subsys/bluetooth/host/hci_core.c:2818:13:read_buffer_size_complete	8	static
C:/ncs/v2.5.0/zephyr/subsys/bluetooth/host/hci_core.c:2861:13:read_buffer_size_v2_complete	48	static
C:/ncs/v2.5.0/zephyr/subsys/bluetooth/host/hci_core.c:540:13:hci_data_buf_overflow	64	dynamic,bounded
C:/ncs/v2.5.0/zephyr/subsys/bluetooth/host/hci_core.c:156:12:handle_event_common	64	dynamic,bounded
C:/ncs/v2.5.0/zephyr/include/zephyr/sys/atomic.h:176:20:atomic_test_and_set_bit	0	static
C:/ncs/v2.5.0/zephyr/include/zephyr/bluetooth/addr.h:137:20:bt_addr_le_copy	0	static
C:/ncs/v2.5.0/zephyr/subsys/bluetooth/host/hci_core.c:1252:13:update_conn	16	static
C:/ncs/v2.5.0/zephyr/include/zephyr/bluetooth/addr.h:127:20:bt_addr_copy	0	static
C:/ncs/v2.5.0/zephyr/subsys/bluetooth/host/hci_core.c:1238:13:translate_addrs	24	static
C:/ncs/v2.5.0/zephyr/subsys/bluetooth/host/hci_core.c:1010:24:find_pending_connect	8	static
C:/ncs/v2.5.0/zephyr/subsys/bluetooth/host/hci_core.c:1902:13:unpair	24	static
C:/ncs/v2.5.0/zephyr/subsys/bluetooth/host/hci_core.c:1952:13:unpair_remote	8	static
C:/ncs/v2.5.0/zephyr/subsys/bluetooth/host/hci_core.c:819:13:hci_disconn_complete_prio	16	static
C:/ncs/v2.5.0/zephyr/subsys/bluetooth/host/hci_core.c:844:13:hci_disconn_complete	64	dynamic,bounded
C:/ncs/v2.5.0/zephyr/subsys/bluetooth/host/hci_core.c:1683:13:le_phy_update_complete	64	dynamic,bounded
C:/ncs/v2.5.0/zephyr/subsys/bluetooth/host/hci_core.c:1650:13:le_data_len_change	64	dynamic,bounded
C:/ncs/v2.5.0/zephyr/subsys/bluetooth/host/hci_core.c:1622:13:le_remote_feat_complete	64	dynamic,bounded
C:/ncs/v2.5.0/zephyr/subsys/bluetooth/host/hci_core.c:433:13:hci_num_completed_packets	144	dynamic,bounded
C:/ncs/v2.5.0/zephyr/include/zephyr/sys/atomic.h:237:20:atomic_set_bit_to	0	static
C:/ncs/v2.5.0/zephyr/subsys/bluetooth/host/hci_core.c:2286:13:hci_cmd_done	104	dynamic,bounded
C:/ncs/v2.5.0/zephyr/subsys/bluetooth/host/hci_core.c:2345:13:hci_cmd_status	16	static
C:/ncs/v2.5.0/zephyr/subsys/bluetooth/host/hci_core.c:2320:13:hci_cmd_complete	16	static
C:/ncs/v2.5.0/zephyr/subsys/bluetooth/host/hci_core.c:2189:13:hci_hardware_error	64	dynamic,bounded
C:/ncs/v2.5.0/zephyr/subsys/bluetooth/host/hci_core.c:180:13:handle_event	72	dynamic,bounded
C:/ncs/v2.5.0/zephyr/subsys/bluetooth/host/hci_core.c:2649:13:hci_event	16	static
C:/ncs/v2.5.0/zephyr/subsys/bluetooth/host/hci_core.c:2565:13:hci_le_meta_event	8	static
C:/ncs/v2.5.0/zephyr/subsys/bluetooth/host/hci_core.c:3733:13:rx_queue_put	56	dynamic,bounded
C:/ncs/v2.5.0/zephyr/subsys/bluetooth/host/hci_core.c:503:13:hci_acl	96	dynamic,bounded
C:/ncs/v2.5.0/zephyr/subsys/bluetooth/host/hci_core.c:3888:13:rx_work_handler	96	dynamic,bounded
C:/ncs/v2.5.0/zephyr/subsys/bluetooth/host/hci_core.c:1805:13:le_conn_update_complete	64	dynamic,bounded
C:/ncs/v2.5.0/zephyr/subsys/bluetooth/host/hci_core.c:125:6:bt_hci_cmd_state_set_init	8	static
C:/ncs/v2.5.0/zephyr/subsys/bluetooth/host/hci_core.c:258:17:bt_hci_cmd_create	32	static
C:/ncs/v2.5.0/zephyr/subsys/bluetooth/host/hci_core.c:316:5:bt_hci_cmd_send_sync	88	dynamic,bounded
C:/ncs/v2.5.0/zephyr/subsys/bluetooth/host/hci_core.c:2958:12:common_init	16	static
C:/ncs/v2.5.0/zephyr/subsys/bluetooth/host/hci_core.c:2895:12:le_set_host_feature	16	static
C:/ncs/v2.5.0/zephyr/subsys/bluetooth/host/hci_core.c:3156:12:le_init_iso	40	static
C:/ncs/v2.5.0/zephyr/subsys/bluetooth/host/hci_core.c:3019:12:le_set_event_mask	16	static
C:/ncs/v2.5.0/zephyr/subsys/bluetooth/host/hci_core.c:3200:12:le_init	40	static
C:/ncs/v2.5.0/zephyr/subsys/bluetooth/host/hci_core.c:3346:12:bt_br_init	16	static
C:/ncs/v2.5.0/zephyr/subsys/bluetooth/host/hci_core.c:3370:12:set_event_mask	8	static
C:/ncs/v2.5.0/zephyr/subsys/bluetooth/host/hci_core.c:3623:12:hci_init	40	static
C:/ncs/v2.5.0/zephyr/subsys/bluetooth/host/hci_core.c:895:12:hci_le_read_remote_features	16	static
C:/ncs/v2.5.0/zephyr/subsys/bluetooth/host/hci_core.c:1067:13:conn_auto_initiate	64	dynamic,bounded
C:/ncs/v2.5.0/zephyr/subsys/bluetooth/host/hci_core.c:366:5:bt_hci_le_rand	24	static
C:/ncs/v2.5.0/zephyr/subsys/bluetooth/host/hci_core.c:418:9:bt_get_phy	0	static
C:/ncs/v2.5.0/zephyr/subsys/bluetooth/host/hci_core.c:770:5:bt_hci_disconnect	16	static
C:/ncs/v2.5.0/zephyr/subsys/bluetooth/host/hci_core.c:941:5:bt_le_set_data_len	24	static
C:/ncs/v2.5.0/zephyr/subsys/bluetooth/host/hci_core.c:989:5:bt_le_set_phy	24	static
C:/ncs/v2.5.0/zephyr/subsys/bluetooth/host/hci_core.c:1271:6:bt_hci_le_enh_conn_complete	112	dynamic,bounded
C:/ncs/v2.5.0/zephyr/subsys/bluetooth/host/hci_core.c:1207:13:enh_conn_complete	8	static
C:/ncs/v2.5.0/zephyr/subsys/bluetooth/host/hci_core.c:1548:13:le_enh_conn_complete	8	static
C:/ncs/v2.5.0/zephyr/subsys/bluetooth/host/hci_core.c:1593:13:le_legacy_conn_complete	40	static
C:/ncs/v2.5.0/zephyr/subsys/bluetooth/host/hci_core.c:1708:6:bt_le_conn_params_valid	0	static
C:/ncs/v2.5.0/zephyr/subsys/bluetooth/host/hci_core.c:1959:5:bt_unpair	24	static
C:/ncs/v2.5.0/zephyr/subsys/bluetooth/host/hci_core.c:1986:22:bt_security_err_get	0	static
C:/ncs/v2.5.0/zephyr/subsys/bluetooth/host/hci_core.c:2099:13:hci_encrypt_key_refresh_complete	88	dynamic,bounded
C:/ncs/v2.5.0/zephyr/subsys/bluetooth/host/hci_core.c:2026:13:hci_encrypt_change	88	dynamic,bounded
C:/ncs/v2.5.0/zephyr/subsys/bluetooth/host/hci_core.c:2365:5:bt_hci_get_conn_handle	0	static
C:/ncs/v2.5.0/zephyr/subsys/bluetooth/host/hci_core.c:2376:5:bt_hci_get_adv_handle	16	static
C:/ncs/v2.5.0/zephyr/subsys/bluetooth/host/hci_core.c:3677:5:bt_send	8	static
C:/ncs/v2.5.0/zephyr/subsys/bluetooth/host/hci_core.c:285:5:bt_hci_cmd_send	64	dynamic,bounded
C:/ncs/v2.5.0/zephyr/subsys/bluetooth/host/hci_core.c:2217:13:le_ltk_reply	48	static
C:/ncs/v2.5.0/zephyr/subsys/bluetooth/host/hci_core.c:2199:13:le_ltk_neg_reply	48	static
C:/ncs/v2.5.0/zephyr/subsys/bluetooth/host/hci_core.c:2236:13:le_ltk_request	88	dynamic,bounded
C:/ncs/v2.5.0/zephyr/subsys/bluetooth/host/hci_core.c:1734:13:le_conn_param_neg_reply	48	static
C:/ncs/v2.5.0/zephyr/subsys/bluetooth/host/hci_core.c:1753:12:le_conn_param_req_reply	16	static
C:/ncs/v2.5.0/zephyr/subsys/bluetooth/host/hci_core.c:1776:13:le_conn_param_req	72	dynamic,bounded
C:/ncs/v2.5.0/zephyr/subsys/bluetooth/host/hci_core.c:2664:13:send_cmd	88	dynamic,bounded
C:/ncs/v2.5.0/zephyr/subsys/bluetooth/host/hci_core.c:2698:13:process_events	64	dynamic,bounded
C:/ncs/v2.5.0/zephyr/subsys/bluetooth/host/hci_core.c:2757:13:hci_tx_thread	16	static
C:/ncs/v2.5.0/zephyr/subsys/bluetooth/host/hci_core.c:3709:6:hci_event_prio	24	static
C:/ncs/v2.5.0/zephyr/subsys/bluetooth/host/hci_core.c:3748:5:bt_recv	64	dynamic,bounded
C:/ncs/v2.5.0/zephyr/subsys/bluetooth/host/hci_core.c:3799:5:bt_recv_prio	8	static
C:/ncs/v2.5.0/zephyr/subsys/bluetooth/host/hci_core.c:3810:5:bt_hci_driver_register	0	static
C:/ncs/v2.5.0/zephyr/subsys/bluetooth/host/hci_core.c:3830:6:bt_finalize_init	0	static
C:/ncs/v2.5.0/zephyr/subsys/bluetooth/host/hci_core.c:3841:12:bt_init	8	static
C:/ncs/v2.5.0/zephyr/subsys/bluetooth/host/hci_core.c:3877:13:init_work	8	static
C:/ncs/v2.5.0/zephyr/subsys/bluetooth/host/hci_core.c:3941:5:bt_enable	120	dynamic,bounded
C:/ncs/v2.5.0/zephyr/subsys/bluetooth/host/hci_core.c:4013:5:bt_disable	88	dynamic,bounded
C:/ncs/v2.5.0/zephyr/subsys/bluetooth/host/hci_core.c:4087:6:bt_is_ready	0	static
C:/ncs/v2.5.0/zephyr/subsys/bluetooth/host/hci_core.c:4099:5:bt_set_name	0	static
C:/ncs/v2.5.0/zephyr/subsys/bluetooth/host/hci_core.c:4129:13:bt_get_name	0	static
C:/ncs/v2.5.0/zephyr/subsys/bluetooth/host/hci_core.c:4138:10:bt_get_appearance	0	static
C:/ncs/v2.5.0/zephyr/subsys/bluetooth/host/hci_core.c:4166:6:bt_addr_le_is_bonded	8	static
C:/ncs/v2.5.0/zephyr/subsys/bluetooth/host/hci_core.c:4252:5:bt_le_set_chan_map	0	static
C:/ncs/v2.5.0/zephyr/subsys/bluetooth/host/hci_core.c:4300:5:bt_configure_data_path	32	static
