C:/ncs/v2.5.0/zephyr/subsys/bluetooth/host/id.c:67:13:adv_id_check_func	0	static
C:/ncs/v2.5.0/zephyr/include/zephyr/sys/atomic.h:131:20:atomic_test_bit	0	static
C:/ncs/v2.5.0/zephyr/subsys/bluetooth/host/id.c:97:13:adv_is_limited_enabled	16	static
C:/ncs/v2.5.0/zephyr/subsys/bluetooth/host/id.c:841:13:bt_id_pending_keys_update_set	0	static
C:/ncs/v2.5.0/zephyr/include/zephyr/bluetooth/addr.h:127:20:bt_addr_copy	0	static
C:/ncs/v2.5.0/zephyr/include/zephyr/bluetooth/addr.h:137:20:bt_addr_le_copy	0	static
C:/ncs/v2.5.0/zephyr/subsys/bluetooth/host/id.c:1044:12:hci_id_del	16	static
C:/ncs/v2.5.0/zephyr/subsys/bluetooth/host/id.c:797:12:hci_id_add	24	static
C:/ncs/v2.5.0/zephyr/subsys/bluetooth/host/id.c:1037:13:keys_add_id	8	static
C:/ncs/v2.5.0/zephyr/subsys/bluetooth/host/id.c:1178:12:id_find	16	static
C:/ncs/v2.5.0/zephyr/subsys/bluetooth/host/id.c:123:12:set_random_address	16	static
C:/ncs/v2.5.0/zephyr/subsys/bluetooth/host/id.c:279:13:le_rpa_timeout_submit	8	static
C:/ncs/v2.5.0/zephyr/subsys/bluetooth/host/id.c:870:6:find_rl_conflict	48	static
C:/ncs/v2.5.0/zephyr/subsys/bluetooth/host/id.c:748:12:le_set_privacy_mode	48	static
C:/ncs/v2.5.0/zephyr/subsys/bluetooth/host/id.c:201:13:adv_rpa_expired	16	static
C:/ncs/v2.5.0/zephyr/subsys/bluetooth/host/id.c:220:13:adv_rpa_invalidate	16	static
C:/ncs/v2.5.0/zephyr/include/zephyr/sys/atomic.h:152:20:atomic_test_and_clear_bit	4	static
C:/ncs/v2.5.0/zephyr/subsys/bluetooth/host/id.c:480:13:le_adv_rpa_timeout	16	static
C:/ncs/v2.5.0/zephyr/subsys/bluetooth/host/id.c:231:13:le_rpa_invalidate	8	static
C:/ncs/v2.5.0/zephyr/subsys/bluetooth/host/id.c:115:13:adv_unpause_enabled	8	static
C:/ncs/v2.5.0/zephyr/subsys/bluetooth/host/id.c:107:13:adv_pause_enabled	16	static
C:/ncs/v2.5.0/zephyr/subsys/bluetooth/host/id.c:780:12:addr_res_enable	16	static
C:/ncs/v2.5.0/zephyr/subsys/bluetooth/host/id.c:1191:12:id_create	40	static
C:/ncs/v2.5.0/zephyr/subsys/bluetooth/host/id.c:1399:13:bt_read_identity_root	0	static
C:/ncs/v2.5.0/zephyr/subsys/bluetooth/host/id.c:460:13:adv_pause_rpa	64	dynamic,bounded
C:/ncs/v2.5.0/zephyr/subsys/bluetooth/host/id.h:10:20:bt_id_rpa_is_new	8	static
C:/ncs/v2.5.0/zephyr/subsys/bluetooth/host/id.c:46:21:bt_lookup_id_addr	8	static
C:/ncs/v2.5.0/zephyr/subsys/bluetooth/host/id.c:152:5:bt_id_set_adv_random_addr	16	static
C:/ncs/v2.5.0/zephyr/subsys/bluetooth/host/id.c:289:5:bt_id_set_private_addr	16	static
C:/ncs/v2.5.0/zephyr/subsys/bluetooth/host/id.c:515:13:le_update_private_addr	56	dynamic,bounded
C:/ncs/v2.5.0/zephyr/subsys/bluetooth/host/id.c:583:13:le_force_rpa_timeout	48	static
C:/ncs/v2.5.0/zephyr/subsys/bluetooth/host/id.c:596:13:rpa_timeout	8	static
C:/ncs/v2.5.0/zephyr/subsys/bluetooth/host/id.c:324:5:bt_id_set_adv_private_addr	56	static
C:/ncs/v2.5.0/zephyr/subsys/bluetooth/host/id.c:498:13:adv_enable_rpa	96	dynamic,bounded
C:/ncs/v2.5.0/zephyr/subsys/bluetooth/host/id.c:628:6:bt_id_scan_random_addr_check	0	static
C:/ncs/v2.5.0/zephyr/subsys/bluetooth/host/id.c:675:6:bt_id_adv_random_addr_check	0	static
C:/ncs/v2.5.0/zephyr/subsys/bluetooth/host/id.c:742:6:bt_id_adv_limited_stopped	8	static
C:/ncs/v2.5.0/zephyr/subsys/bluetooth/host/id.c:847:6:bt_id_pending_keys_update	8	static
C:/ncs/v2.5.0/zephyr/subsys/bluetooth/host/id.c:902:17:bt_id_find_conflict	16	static
C:/ncs/v2.5.0/zephyr/subsys/bluetooth/host/id.c:913:6:bt_id_add	144	static
C:/ncs/v2.5.0/zephyr/subsys/bluetooth/host/id.c:1062:6:bt_id_del	88	dynamic,bounded
C:/ncs/v2.5.0/zephyr/subsys/bluetooth/host/id.c:826:13:pending_id_update	8	static
C:/ncs/v2.5.0/zephyr/subsys/bluetooth/host/id.c:1166:6:bt_id_get	16	static
C:/ncs/v2.5.0/zephyr/subsys/bluetooth/host/id.c:1249:5:bt_id_create	56	static
C:/ncs/v2.5.0/zephyr/subsys/bluetooth/host/id.c:1297:5:bt_id_reset	48	static
C:/ncs/v2.5.0/zephyr/subsys/bluetooth/host/id.c:1349:5:bt_id_delete	32	static
C:/ncs/v2.5.0/zephyr/subsys/bluetooth/host/id.c:1435:9:bt_id_read_public_addr	72	static
C:/ncs/v2.5.0/zephyr/subsys/bluetooth/host/id.c:1469:5:bt_setup_public_id_addr	48	static
C:/ncs/v2.5.0/zephyr/subsys/bluetooth/host/id.c:1557:5:bt_setup_random_id_addr	8	static
C:/ncs/v2.5.0/zephyr/subsys/bluetooth/host/id.c:1754:5:bt_id_set_adv_own_addr	56	static
C:/ncs/v2.5.0/zephyr/subsys/bluetooth/host/id.c:1880:5:bt_le_oob_get_local	24	static
C:/ncs/v2.5.0/zephyr/subsys/bluetooth/host/id.c:1959:5:bt_le_ext_adv_oob_get_local	16	static
C:/ncs/v2.5.0/zephyr/subsys/bluetooth/host/id.c:2019:5:bt_le_oob_set_legacy_tk	8	static
C:/ncs/v2.5.0/zephyr/subsys/bluetooth/host/id.c:2030:5:bt_le_oob_set_sc_data	8	static
C:/ncs/v2.5.0/zephyr/subsys/bluetooth/host/id.c:2045:5:bt_le_oob_get_sc_data	8	static
C:/ncs/v2.5.0/zephyr/subsys/bluetooth/host/id.c:2062:5:bt_id_init	8	static
