C:/ncs/v2.5.0/zephyr/subsys/bluetooth/host/iso.c:250:13:bt_iso_chan_add	0	static
C:/ncs/v2.5.0/zephyr/subsys/bluetooth/host/iso.c:728:17:iso_chan_max_data_len	0	static
C:/ncs/v2.5.0/zephyr/subsys/bluetooth/host/iso.c:1240:16:iso_server_check_security	0	static
C:/ncs/v2.5.0/zephyr/subsys/bluetooth/host/iso.c:83:13:bt_iso_send_cb	16	static
C:/ncs/v2.5.0/zephyr/subsys/bluetooth/host/iso.c:199:12:hci_le_setup_iso_data_path	40	static
C:/ncs/v2.5.0/zephyr/subsys/bluetooth/host/iso.c:259:12:bt_iso_setup_data_path	40	static
C:/ncs/v2.5.0/zephyr/subsys/bluetooth/host/iso.c:1218:12:hci_le_accept_cis	16	static
C:/ncs/v2.5.0/zephyr/subsys/bluetooth/host/iso.c:1195:12:hci_le_reject_cis	16	static
C:/ncs/v2.5.0/zephyr/subsys/bluetooth/host/iso.c:991:13:store_cis_info	16	static
C:/ncs/v2.5.0/zephyr/subsys/bluetooth/host/iso.c:140:24:iso_new	8	static
C:/ncs/v2.5.0/zephyr/subsys/bluetooth/host/iso.c:1345:24:bt_conn_add_iso	48	static
C:/ncs/v2.5.0/zephyr/subsys/bluetooth/host/iso.c:99:6:hci_iso	96	dynamic,bounded
C:/ncs/v2.5.0/zephyr/subsys/bluetooth/host/iso.c:159:17:bt_iso_create_pdu_timeout	8	static
C:/ncs/v2.5.0/zephyr/subsys/bluetooth/host/iso.c:182:17:bt_iso_create_frag_timeout	8	static
C:/ncs/v2.5.0/zephyr/subsys/bluetooth/host/iso.c:539:6:bt_iso_chan_set_state	0	static
C:/ncs/v2.5.0/zephyr/subsys/bluetooth/host/iso.c:355:6:bt_iso_connected	48	static
C:/ncs/v2.5.0/zephyr/subsys/bluetooth/host/iso.c:1162:12:iso_accept	72	dynamic,bounded
C:/ncs/v2.5.0/zephyr/subsys/bluetooth/host/iso.c:545:5:bt_iso_chan_get_info	8	static
C:/ncs/v2.5.0/zephyr/subsys/bluetooth/host/iso.c:569:17:bt_iso_get_rx	8	static
C:/ncs/v2.5.0/zephyr/subsys/bluetooth/host/iso.c:581:6:bt_iso_recv	280	dynamic,bounded
C:/ncs/v2.5.0/zephyr/subsys/bluetooth/host/iso.c:749:5:bt_iso_chan_send	24	static
C:/ncs/v2.5.0/zephyr/subsys/bluetooth/host/iso.c:878:5:bt_iso_chan_get_tx_sync	24	static
C:/ncs/v2.5.0/zephyr/subsys/bluetooth/host/iso.c:935:5:bt_iso_chan_disconnect	16	static
C:/ncs/v2.5.0/zephyr/subsys/bluetooth/host/iso.c:981:6:bt_iso_cleanup_acl	8	static
C:/ncs/v2.5.0/zephyr/subsys/bluetooth/host/iso.c:408:13:bt_iso_chan_disconnected	16	static
C:/ncs/v2.5.0/zephyr/subsys/bluetooth/host/iso.c:462:6:bt_iso_disconnected	40	static
C:/ncs/v2.5.0/zephyr/subsys/bluetooth/host/iso.c:1019:6:hci_le_cis_established	64	dynamic,bounded
C:/ncs/v2.5.0/zephyr/subsys/bluetooth/host/iso.c:1110:5:bt_iso_server_register	0	static
C:/ncs/v2.5.0/zephyr/subsys/bluetooth/host/iso.c:1146:5:bt_iso_server_unregister	0	static
C:/ncs/v2.5.0/zephyr/subsys/bluetooth/host/iso.c:1257:6:hci_le_cis_req	160	dynamic,bounded
