C:/ncs/v2.5.0/zephyr/include/zephyr/sys/slist.h:408:1:sys_slist_remove	0	static
C:/ncs/v2.5.0/zephyr/subsys/bluetooth/host/l2cap.c:118:16:get_ident	0	static
C:/ncs/v2.5.0/zephyr/subsys/bluetooth/host/l2cap.c:2785:13:l2cap_connected	0	static
C:/ncs/v2.5.0/zephyr/subsys/bluetooth/host/l2cap.c:2790:13:l2cap_disconnected	0	static
C:/ncs/v2.5.0/zephyr/subsys/bluetooth/host/l2cap.c:2805:12:l2cap_accept	64	dynamic,bounded
C:/ncs/v2.5.0/zephyr/subsys/bluetooth/host/l2cap.c:686:13:le_conn_param_rsp	40	static
C:/ncs/v2.5.0/zephyr/subsys/bluetooth/host/l2cap.c:2697:13:l2cap_chan_recv	8	static
C:/ncs/v2.5.0/zephyr/subsys/bluetooth/host/l2cap.c:113:6:bt_l2cap_register_ecred_cb	0	static
C:/ncs/v2.5.0/zephyr/subsys/bluetooth/host/l2cap.c:178:6:bt_l2cap_chan_remove	8	static
C:/ncs/v2.5.0/zephyr/subsys/bluetooth/host/l2cap.c:193:13:bt_l2cap_chan_state_str	0	static
C:/ncs/v2.5.0/zephyr/subsys/bluetooth/host/l2cap.c:265:6:bt_l2cap_chan_del	16	static
C:/ncs/v2.5.0/zephyr/subsys/bluetooth/host/l2cap.c:329:6:bt_l2cap_chan_add	4	static
C:/ncs/v2.5.0/zephyr/subsys/bluetooth/host/l2cap.c:340:13:l2cap_chan_add	40	static
C:/ncs/v2.5.0/zephyr/subsys/bluetooth/host/l2cap.c:379:6:bt_l2cap_connected	24	static
C:/ncs/v2.5.0/zephyr/subsys/bluetooth/host/l2cap.c:421:6:bt_l2cap_disconnected	8	static
C:/ncs/v2.5.0/zephyr/subsys/bluetooth/host/l2cap.c:620:6:bt_l2cap_security_changed	16	static
C:/ncs/v2.5.0/zephyr/subsys/bluetooth/host/l2cap.c:641:17:bt_l2cap_create_pdu_timeout	8	static
C:/ncs/v2.5.0/zephyr/subsys/bluetooth/host/l2cap.c:430:24:l2cap_create_le_sig_pdu	64	dynamic,bounded
C:/ncs/v2.5.0/zephyr/subsys/bluetooth/host/l2cap.c:650:5:bt_l2cap_send_cb	24	static
C:/ncs/v2.5.0/zephyr/subsys/bluetooth/host/l2cap.c:464:20:l2cap_send	16	static
C:/ncs/v2.5.0/zephyr/subsys/bluetooth/host/l2cap.c:664:13:l2cap_send_reject	32	static
C:/ncs/v2.5.0/zephyr/subsys/bluetooth/host/l2cap.c:2150:12:l2cap_recv	152	dynamic,bounded
C:/ncs/v2.5.0/zephyr/subsys/bluetooth/host/l2cap.c:753:23:bt_l2cap_le_lookup_tx_cid	0	static
C:/ncs/v2.5.0/zephyr/subsys/bluetooth/host/l2cap.c:767:23:bt_l2cap_le_lookup_rx_cid	0	static
C:/ncs/v2.5.0/zephyr/subsys/bluetooth/host/l2cap.c:2724:6:bt_l2cap_recv	88	dynamic,bounded
C:/ncs/v2.5.0/zephyr/subsys/bluetooth/host/l2cap.c:2757:5:bt_l2cap_update_conn_param	24	static
C:/ncs/v2.5.0/zephyr/subsys/bluetooth/host/l2cap.c:2836:6:bt_l2cap_init	0	static
