C:/ncs/v2.5.0/zephyr/include/zephyr/drivers/adc.h:642:19:adc_channel_setup_dt	8	static
C:/ncs/v2.5.0/zephyr/include/zephyr/drivers/gpio.h:956:19:z_impl_gpio_pin_configure	24	static
C:/ncs/v2.5.0/zephyr/include/zephyr/drivers/gpio.h:1019:19:gpio_pin_configure_dt	8	static
C:/ncs/v2.5.0/zephyr/include/zephyr/drivers/gpio.h:1567:19:gpio_pin_set_raw	8	static
C:/ncs/v2.5.0/zephyr/include/zephyr/drivers/gpio.h:1607:19:gpio_pin_set	16	static
../src/utils/board_version.c:91:12:board_version_init	40	static
../src/utils/board_version.c:65:12:version_search	64	dynamic,bounded
../src/utils/board_version.c:37:12:divider_value_get	8	static
../src/utils/board_version.c:125:5:board_version_get	8	static
../src/utils/board_version.c:147:5:board_version_valid_check	152	dynamic,bounded
