C:/ncs/v2.5.0/modules/hal/nordic/nrfx/hal/nrf_dppi.h:356:24:nrf_dppi_channel_check	8	static
C:/ncs/v2.5.0/modules/hal/nordic/nrfx/helpers/nrfx_gppi_dppi.c:41:6:nrfx_gppi_channel_check	8	static
C:/ncs/v2.5.0/modules/hal/nordic/nrfx/helpers/nrfx_gppi_dppi.c:46:6:nrfx_gppi_channels_disable_all	0	static
C:/ncs/v2.5.0/modules/hal/nordic/nrfx/helpers/nrfx_gppi_dppi.c:51:6:nrfx_gppi_channels_enable	0	static
C:/ncs/v2.5.0/modules/hal/nordic/nrfx/helpers/nrfx_gppi_dppi.c:56:6:nrfx_gppi_channels_disable	0	static
C:/ncs/v2.5.0/modules/hal/nordic/nrfx/helpers/nrfx_gppi_dppi.c:61:6:nrfx_gppi_task_trigger	0	static
C:/ncs/v2.5.0/modules/hal/nordic/nrfx/helpers/nrfx_gppi_dppi.c:66:6:nrfx_gppi_event_endpoint_setup	8	static
C:/ncs/v2.5.0/modules/hal/nordic/nrfx/helpers/nrfx_gppi_dppi.c:72:6:nrfx_gppi_task_endpoint_setup	8	static
C:/ncs/v2.5.0/modules/hal/nordic/nrfx/helpers/nrfx_gppi_dppi.c:78:6:nrfx_gppi_channel_endpoints_setup	16	static
C:/ncs/v2.5.0/modules/hal/nordic/nrfx/helpers/nrfx_gppi_dppi.c:90:6:nrfx_gppi_event_endpoint_clear	8	static
C:/ncs/v2.5.0/modules/hal/nordic/nrfx/helpers/nrfx_gppi_dppi.c:97:6:nrfx_gppi_task_endpoint_clear	8	static
C:/ncs/v2.5.0/modules/hal/nordic/nrfx/helpers/nrfx_gppi_dppi.c:84:6:nrfx_gppi_channel_endpoints_clear	16	static
C:/ncs/v2.5.0/modules/hal/nordic/nrfx/helpers/nrfx_gppi_dppi.c:104:6:nrfx_gppi_fork_endpoint_setup	8	static
C:/ncs/v2.5.0/modules/hal/nordic/nrfx/helpers/nrfx_gppi_dppi.c:109:6:nrfx_gppi_fork_endpoint_clear	8	static
C:/ncs/v2.5.0/modules/hal/nordic/nrfx/helpers/nrfx_gppi_dppi.c:114:6:nrfx_gppi_channels_include_in_group	0	static
C:/ncs/v2.5.0/modules/hal/nordic/nrfx/helpers/nrfx_gppi_dppi.c:122:6:nrfx_gppi_channels_remove_from_group	0	static
C:/ncs/v2.5.0/modules/hal/nordic/nrfx/helpers/nrfx_gppi_dppi.c:130:6:nrfx_gppi_group_clear	0	static
C:/ncs/v2.5.0/modules/hal/nordic/nrfx/helpers/nrfx_gppi_dppi.c:135:6:nrfx_gppi_group_enable	0	static
C:/ncs/v2.5.0/modules/hal/nordic/nrfx/helpers/nrfx_gppi_dppi.c:140:6:nrfx_gppi_group_disable	0	static
C:/ncs/v2.5.0/modules/hal/nordic/nrfx/helpers/nrfx_gppi_dppi.c:145:10:nrfx_gppi_task_address_get	0	static
C:/ncs/v2.5.0/modules/hal/nordic/nrfx/helpers/nrfx_gppi_dppi.c:150:18:nrfx_gppi_group_disable_task_get	0	static
C:/ncs/v2.5.0/modules/hal/nordic/nrfx/helpers/nrfx_gppi_dppi.c:155:18:nrfx_gppi_group_enable_task_get	0	static
C:/ncs/v2.5.0/modules/hal/nordic/nrfx/helpers/nrfx_gppi_dppi.c:160:12:nrfx_gppi_channel_alloc	8	static
C:/ncs/v2.5.0/modules/hal/nordic/nrfx/helpers/nrfx_gppi_dppi.c:170:12:nrfx_gppi_channel_free	8	static
C:/ncs/v2.5.0/modules/hal/nordic/nrfx/helpers/nrfx_gppi_dppi.c:180:12:nrfx_gppi_group_alloc	8	static
C:/ncs/v2.5.0/modules/hal/nordic/nrfx/helpers/nrfx_gppi_dppi.c:190:12:nrfx_gppi_group_free	8	static
