C:/ncs/v2.5.0/modules/hal/nordic/nrfx/hal/nrf_gpio.h:1292:24:nrf_gpio_pin_present_check	0	static
C:/ncs/v2.5.0/zephyr/include/zephyr/sys/slist.h:408:1:sys_slist_remove	0	static
C:/ncs/v2.5.0/zephyr/include/zephyr/sys/slist.h:424:1:sys_slist_find_and_remove	8	static
C:/ncs/v2.5.0/zephyr/drivers/gpio/gpio_nrfx.c:40:12:get_drive	0	static
C:/ncs/v2.5.0/zephyr/drivers/gpio/gpio_nrfx.c:74:28:get_pull	0	static
C:/ncs/v2.5.0/zephyr/drivers/gpio/gpio_nrfx.c:167:12:gpio_nrfx_port_get_raw	0	static
C:/ncs/v2.5.0/zephyr/drivers/gpio/gpio_nrfx.c:177:12:gpio_nrfx_port_set_masked_raw	0	static
C:/ncs/v2.5.0/zephyr/drivers/gpio/gpio_nrfx.c:192:12:gpio_nrfx_port_set_bits_raw	0	static
C:/ncs/v2.5.0/zephyr/drivers/gpio/gpio_nrfx.c:202:12:gpio_nrfx_port_clear_bits_raw	0	static
C:/ncs/v2.5.0/zephyr/drivers/gpio/gpio_nrfx.c:212:12:gpio_nrfx_port_toggle_bits	0	static
C:/ncs/v2.5.0/zephyr/drivers/gpio/gpio_nrfx.c:227:30:get_trigger	0	static
C:/ncs/v2.5.0/zephyr/drivers/gpio/gpio_nrfx.c:333:29:get_dev	0	static
C:/ncs/v2.5.0/zephyr/include/zephyr/drivers/gpio/gpio_utils.h:54:19:gpio_manage_callback	16	static
C:/ncs/v2.5.0/zephyr/drivers/gpio/gpio_nrfx.c:286:12:gpio_nrfx_manage_callback	8	static
C:/ncs/v2.5.0/modules/hal/nordic/nrfx/hal/nrf_gpio.h:813:35:nrf_gpio_pin_port_decode	16	static
C:/ncs/v2.5.0/modules/hal/nordic/nrfx/hal/nrf_gpio.h:1077:38:nrf_gpio_pin_dir_get	16	static
C:/ncs/v2.5.0/zephyr/include/zephyr/drivers/gpio/gpio_utils.h:85:20:gpio_fire_callbacks	16	static
C:/ncs/v2.5.0/zephyr/drivers/gpio/gpio_nrfx.c:350:13:nrfx_gpio_handler	8	static
C:/ncs/v2.5.0/zephyr/drivers/gpio/gpio_nrfx.c:240:12:gpio_nrfx_pin_interrupt_configure	40	static
C:/ncs/v2.5.0/zephyr/drivers/gpio/gpio_nrfx.c:85:12:gpio_nrfx_pin_configure	40	static
C:/ncs/v2.5.0/zephyr/drivers/gpio/gpio_nrfx.c:372:12:gpio_nrfx_init	8	static
