C:/ncs/v2.5.0/zephyr/drivers/bluetooth/hci/rpmsg.c:32:13:is_hci_event_discardable	0	static
C:/ncs/v2.5.0/zephyr/drivers/bluetooth/hci/rpmsg.c:273:13:hci_ept_bound	8	static
C:/ncs/v2.5.0/zephyr/drivers/bluetooth/hci/rpmsg.c:330:12:bt_rpmsg_init	64	dynamic,bounded
C:/ncs/v2.5.0/zephyr/drivers/bluetooth/hci/rpmsg.c:239:12:bt_rpmsg_send	96	dynamic,bounded
C:/ncs/v2.5.0/zephyr/drivers/bluetooth/hci/rpmsg.c:291:12:bt_rpmsg_open	128	dynamic,bounded
C:/ncs/v2.5.0/zephyr/drivers/bluetooth/hci/rpmsg.c:68:24:bt_rpmsg_evt_recv	144	dynamic,bounded
C:/ncs/v2.5.0/zephyr/drivers/bluetooth/hci/rpmsg.c:117:24:bt_rpmsg_acl_recv	136	dynamic,bounded
C:/ncs/v2.5.0/zephyr/drivers/bluetooth/hci/rpmsg.c:159:24:bt_rpmsg_iso_recv	136	dynamic,bounded
C:/ncs/v2.5.0/zephyr/drivers/bluetooth/hci/rpmsg.c:201:13:bt_rpmsg_rx	56	dynamic,bounded
C:/ncs/v2.5.0/zephyr/drivers/bluetooth/hci/rpmsg.c:278:13:hci_ept_recv	8	static
