C:/ncs/v2.5.0/zephyr/subsys/bluetooth/audio/bap_endpoint.h:141:27:bt_bap_ep_state_str	0	static
C:/ncs/v2.5.0/zephyr/subsys/bluetooth/audio/ascs.c:104:13:is_valid_ase_id	0	static
C:/ncs/v2.5.0/zephyr/subsys/bluetooth/audio/ascs.c:109:29:ascs_ep_get_state	0	static
C:/ncs/v2.5.0/zephyr/subsys/bluetooth/audio/ascs.c:783:13:ascs_update_sdu_size	0	static
C:/ncs/v2.5.0/zephyr/subsys/bluetooth/audio/ascs.c:924:13:ascs_ase_cfg_changed	0	static
C:/ncs/v2.5.0/zephyr/subsys/bluetooth/audio/ascs.c:1125:13:bap_iso_find_func	0	static
C:/ncs/v2.5.0/zephyr/subsys/bluetooth/audio/ascs.c:1169:16:ase_attr_cb	0	static
C:/ncs/v2.5.0/zephyr/subsys/bluetooth/audio/ascs.c:1235:28:ase_find	4	static
C:/ncs/v2.5.0/zephyr/subsys/bluetooth/audio/ascs.c:1285:13:ascs_cp_cfg_changed	0	static
C:/ncs/v2.5.0/zephyr/subsys/bluetooth/audio/ascs.c:1297:13:codec_lookup_id	0	static
C:/ncs/v2.5.0/zephyr/subsys/bluetooth/audio/ascs.c:696:13:ascs_iso_recv	112	dynamic,bounded
C:/ncs/v2.5.0/zephyr/subsys/bluetooth/audio/ascs.c:656:12:ascs_iso_accept	96	dynamic,bounded
C:/ncs/v2.5.0/zephyr/subsys/bluetooth/audio/ascs.c:537:13:ascs_ep_get_status_config	16	static
C:/ncs/v2.5.0/zephyr/subsys/bluetooth/audio/ascs.c:566:13:ascs_ep_get_status_qos	8	static
C:/ncs/v2.5.0/zephyr/subsys/bluetooth/audio/ascs.c:588:13:ascs_ep_get_status_enable	16	static
C:/ncs/v2.5.0/zephyr/subsys/bluetooth/audio/ascs.c:616:12:ascs_ep_get_status	48	static
C:/ncs/v2.5.0/zephyr/subsys/bluetooth/audio/ascs.c:932:13:ascs_cp_rsp_init	16	static
C:/ncs/v2.5.0/zephyr/subsys/bluetooth/audio/ascs.c:944:13:ascs_cp_rsp_add	16	static
C:/ncs/v2.5.0/zephyr/subsys/bluetooth/audio/ascs.c:975:13:ascs_cp_rsp_success	8	static
C:/ncs/v2.5.0/zephyr/include/zephyr/bluetooth/gatt.h:1136:19:bt_gatt_notify	32	static
C:/ncs/v2.5.0/zephyr/include/zephyr/bluetooth/gatt.h:1173:19:bt_gatt_notify_uuid	32	static
C:/ncs/v2.5.0/zephyr/subsys/bluetooth/audio/ascs.c:2869:12:control_point_notify	24	static
C:/ncs/v2.5.0/zephyr/subsys/bluetooth/audio/ascs.c:126:13:ase_status_changed	96	dynamic,bounded
C:/ncs/v2.5.0/zephyr/subsys/bluetooth/audio/ascs.c:262:13:ase_set_state_codec_configured	16	static
C:/ncs/v2.5.0/zephyr/subsys/bluetooth/audio/ascs.c:279:13:ase_set_state_qos_configured	8	static
C:/ncs/v2.5.0/zephyr/subsys/bluetooth/audio/ascs.c:320:13:ase_set_state_streaming	16	static
C:/ncs/v2.5.0/zephyr/subsys/bluetooth/audio/ascs.c:114:13:ase_free	8	static
C:/ncs/v2.5.0/zephyr/subsys/bluetooth/audio/ascs.c:241:13:ase_set_state_idle	16	static
C:/ncs/v2.5.0/zephyr/subsys/bluetooth/audio/ascs.c:230:12:ascs_disconnect_stream	8	static
C:/ncs/v2.5.0/zephyr/subsys/bluetooth/audio/ascs.c:1311:12:ascs_ep_set_codec	48	static
C:/ncs/v2.5.0/zephyr/subsys/bluetooth/audio/ascs.c:174:13:ascs_disconnect_stream_work_handler	64	dynamic,bounded
C:/ncs/v2.5.0/zephyr/subsys/bluetooth/audio/ascs.c:603:16:ascs_ase_read_status_idle	32	static
C:/ncs/v2.5.0/zephyr/subsys/bluetooth/audio/ascs.c:1248:16:ascs_ase_read	48	static
C:/ncs/v2.5.0/zephyr/subsys/bluetooth/audio/ascs.c:1554:13:is_valid_config_len	168	dynamic,bounded
C:/ncs/v2.5.0/zephyr/subsys/bluetooth/audio/ascs.c:1797:13:is_valid_qos_len	136	dynamic,bounded
C:/ncs/v2.5.0/zephyr/subsys/bluetooth/audio/ascs.c:2167:13:is_valid_enable_len	168	dynamic,bounded
C:/ncs/v2.5.0/zephyr/subsys/bluetooth/audio/ascs.c:2310:13:is_valid_start_len	112	dynamic,bounded
C:/ncs/v2.5.0/zephyr/subsys/bluetooth/audio/ascs.c:2393:13:is_valid_disable_len	112	dynamic,bounded
C:/ncs/v2.5.0/zephyr/subsys/bluetooth/audio/ascs.c:2521:13:is_valid_stop_len	112	dynamic,bounded
C:/ncs/v2.5.0/zephyr/subsys/bluetooth/audio/ascs.c:2604:13:is_valid_metadata_len	168	dynamic,bounded
C:/ncs/v2.5.0/zephyr/subsys/bluetooth/audio/ascs.c:2698:13:is_valid_release_len	112	dynamic,bounded
C:/ncs/v2.5.0/zephyr/subsys/bluetooth/audio/ascs.c:1143:27:bap_iso_get_or_new	24	static
C:/ncs/v2.5.0/zephyr/subsys/bluetooth/audio/ascs.c:2014:12:ascs_verify_metadata	72	dynamic,bounded
C:/ncs/v2.5.0/zephyr/subsys/bluetooth/audio/ascs.c:1893:13:ascs_parse_metadata	144	dynamic,bounded
C:/ncs/v2.5.0/zephyr/subsys/bluetooth/audio/ascs.c:438:5:ascs_ep_set_state	64	dynamic,bounded
C:/ncs/v2.5.0/zephyr/subsys/bluetooth/audio/ascs.c:980:12:ase_release	112	dynamic,bounded
C:/ncs/v2.5.0/zephyr/subsys/bluetooth/audio/ascs.c:2726:16:ascs_release	80	dynamic,bounded
C:/ncs/v2.5.0/zephyr/subsys/bluetooth/audio/ascs.c:1025:12:ase_disable	112	dynamic,bounded
C:/ncs/v2.5.0/zephyr/subsys/bluetooth/audio/ascs.c:2421:16:ascs_disable	80	dynamic,bounded
C:/ncs/v2.5.0/zephyr/subsys/bluetooth/audio/ascs.c:296:13:ase_set_state_enabling	24	static
C:/ncs/v2.5.0/zephyr/subsys/bluetooth/audio/ascs.c:338:13:ase_set_state_disabling	16	static
C:/ncs/v2.5.0/zephyr/subsys/bluetooth/audio/ascs.c:359:13:ase_set_state_releasing	64	dynamic,bounded
C:/ncs/v2.5.0/zephyr/subsys/bluetooth/audio/ascs.c:384:13:state_transition_work_handler	48	static
C:/ncs/v2.5.0/zephyr/subsys/bluetooth/audio/ascs.c:1089:13:disconnected	16	static
C:/ncs/v2.5.0/zephyr/subsys/bluetooth/audio/ascs.c:1355:12:ase_config	304	dynamic,bounded
C:/ncs/v2.5.0/zephyr/subsys/bluetooth/audio/ascs.c:1662:12:ase_stream_qos	144	dynamic,bounded
C:/ncs/v2.5.0/zephyr/subsys/bluetooth/audio/ascs.c:1772:13:ase_qos	80	dynamic,bounded
C:/ncs/v2.5.0/zephyr/subsys/bluetooth/audio/ascs.c:1834:16:ascs_qos	104	dynamic,bounded
C:/ncs/v2.5.0/zephyr/subsys/bluetooth/audio/ascs.c:856:13:ascs_ep_iso_disconnected	64	dynamic,bounded
C:/ncs/v2.5.0/zephyr/subsys/bluetooth/audio/ascs.c:895:13:ascs_iso_disconnected	64	dynamic,bounded
C:/ncs/v2.5.0/zephyr/subsys/bluetooth/audio/ascs.c:800:13:ascs_ep_iso_connected	64	dynamic,bounded
C:/ncs/v2.5.0/zephyr/subsys/bluetooth/audio/ascs.c:838:13:ascs_iso_connected	64	dynamic,bounded
C:/ncs/v2.5.0/zephyr/subsys/bluetooth/audio/ascs.c:2109:12:ase_enable	120	dynamic,bounded
C:/ncs/v2.5.0/zephyr/subsys/bluetooth/audio/ascs.c:2212:16:ascs_enable	80	dynamic,bounded
C:/ncs/v2.5.0/zephyr/subsys/bluetooth/audio/ascs.c:2253:13:ase_start	144	dynamic,bounded
C:/ncs/v2.5.0/zephyr/subsys/bluetooth/audio/ascs.c:2338:16:ascs_start	112	dynamic,bounded
C:/ncs/v2.5.0/zephyr/subsys/bluetooth/audio/ascs.c:2465:13:ase_stop	144	dynamic,bounded
C:/ncs/v2.5.0/zephyr/subsys/bluetooth/audio/ascs.c:2549:16:ascs_stop	112	dynamic,bounded
C:/ncs/v2.5.0/zephyr/subsys/bluetooth/audio/ascs.c:2048:13:ase_metadata	120	dynamic,bounded
C:/ncs/v2.5.0/zephyr/subsys/bluetooth/audio/ascs.c:2649:16:ascs_metadata	80	dynamic,bounded
C:/ncs/v2.5.0/zephyr/subsys/bluetooth/audio/ascs.c:1018:5:bt_ascs_release_ase	16	static
C:/ncs/v2.5.0/zephyr/subsys/bluetooth/audio/ascs.c:1082:5:bt_ascs_disable_ase	16	static
C:/ncs/v2.5.0/zephyr/subsys/bluetooth/audio/ascs.c:1183:6:ascs_ep_init	16	static
C:/ncs/v2.5.0/zephyr/subsys/bluetooth/audio/ascs.c:1193:13:ase_init	40	static
C:/ncs/v2.5.0/zephyr/subsys/bluetooth/audio/ascs.c:1211:28:ase_new	16	static
C:/ncs/v2.5.0/zephyr/subsys/bluetooth/audio/ascs.c:1599:16:ascs_config	120	dynamic,bounded
C:/ncs/v2.5.0/zephyr/subsys/bluetooth/audio/ascs.c:2771:16:ascs_cp_write	32	static
C:/ncs/v2.5.0/zephyr/subsys/bluetooth/audio/ascs.c:1488:5:bt_ascs_config_ase	72	static
C:/ncs/v2.5.0/zephyr/subsys/bluetooth/audio/ascs.c:1651:6:bt_ascs_foreach_ep	24	static
C:/ncs/v2.5.0/zephyr/subsys/bluetooth/audio/ascs.c:2879:5:bt_ascs_init	64	dynamic,bounded
C:/ncs/v2.5.0/zephyr/subsys/bluetooth/audio/ascs.c:2898:6:bt_ascs_cleanup	8	static
