C:/ncs/v2.5.0/zephyr/subsys/bluetooth/audio/bap_iso.c:147:31:bap_iso_get_iso_dir	0	static
C:/ncs/v2.5.0/zephyr/subsys/bluetooth/audio/bap_iso.c:167:13:is_unicast_client_ep	0	static
C:/ncs/v2.5.0/zephyr/subsys/bluetooth/audio/bap_iso.c:23:20:bt_bap_iso_new	8	static
C:/ncs/v2.5.0/zephyr/subsys/bluetooth/audio/bap_iso.c:43:20:bt_bap_iso_ref	8	static
C:/ncs/v2.5.0/zephyr/subsys/bluetooth/audio/bap_iso.c:101:13:bt_bap_iso_find_cb	16	static
C:/ncs/v2.5.0/zephyr/subsys/bluetooth/audio/bap_iso.c:65:6:bt_bap_iso_unref	8	static
C:/ncs/v2.5.0/zephyr/subsys/bluetooth/audio/bap_iso.c:76:6:bt_bap_iso_foreach	24	static
C:/ncs/v2.5.0/zephyr/subsys/bluetooth/audio/bap_iso.c:114:20:bt_bap_iso_find	24	static
C:/ncs/v2.5.0/zephyr/subsys/bluetooth/audio/bap_iso.c:127:6:bt_bap_iso_init	0	static
C:/ncs/v2.5.0/zephyr/subsys/bluetooth/audio/bap_iso.c:172:6:bt_bap_iso_bind_ep	16	static
C:/ncs/v2.5.0/zephyr/subsys/bluetooth/audio/bap_iso.c:191:6:bt_bap_iso_unbind_ep	16	static
C:/ncs/v2.5.0/zephyr/subsys/bluetooth/audio/bap_iso.c:212:19:bt_bap_iso_get_ep	16	static
C:/ncs/v2.5.0/zephyr/subsys/bluetooth/audio/bap_iso.c:227:19:bt_bap_iso_get_paired_ep	0	static
