C:/ncs/v2.5.0/zephyr/subsys/bluetooth/audio/bap_endpoint.h:141:27:bt_bap_ep_state_str	0	static
C:/ncs/v2.5.0/zephyr/subsys/bluetooth/audio/bap_stream.c:334:13:bt_bap_stream_is_broadcast	0	static
C:/ncs/v2.5.0/zephyr/subsys/bluetooth/audio/bap_stream.c:411:16:conn_get_role	40	static
C:/ncs/v2.5.0/zephyr/subsys/bluetooth/audio/bap_stream.c:34:6:bt_audio_codec_cfg_to_iso_path	0	static
C:/ncs/v2.5.0/zephyr/subsys/bluetooth/audio/bap_stream.c:60:6:bt_bap_stream_init	16	static
C:/ncs/v2.5.0/zephyr/subsys/bluetooth/audio/bap_stream.c:76:6:bt_bap_stream_attach	16	static
C:/ncs/v2.5.0/zephyr/subsys/bluetooth/audio/bap_stream.c:93:21:bt_bap_stream_iso_chan_get	0	static
C:/ncs/v2.5.0/zephyr/subsys/bluetooth/audio/bap_stream.c:102:6:bt_bap_stream_cb_register	0	static
C:/ncs/v2.5.0/zephyr/subsys/bluetooth/audio/bap_stream.c:108:5:bt_bap_ep_get_info	8	static
C:/ncs/v2.5.0/zephyr/subsys/bluetooth/audio/bap_stream.c:149:25:bt_audio_verify_qos	0	static
C:/ncs/v2.5.0/zephyr/subsys/bluetooth/audio/bap_stream.c:191:6:bt_audio_valid_codec_cfg	0	static
C:/ncs/v2.5.0/zephyr/subsys/bluetooth/audio/bap_stream.c:301:6:bt_bap_stream_can_disconnect	8	static
C:/ncs/v2.5.0/zephyr/subsys/bluetooth/audio/bap_stream.c:341:25:bt_bap_stream_verify_qos	0	static
C:/ncs/v2.5.0/zephyr/subsys/bluetooth/audio/bap_stream.c:379:5:bt_bap_stream_disconnect	8	static
C:/ncs/v2.5.0/zephyr/subsys/bluetooth/audio/bap_stream.c:360:6:bt_bap_stream_detach	16	static
C:/ncs/v2.5.0/zephyr/subsys/bluetooth/audio/bap_stream.c:396:6:bt_bap_stream_reset	8	static
C:/ncs/v2.5.0/zephyr/subsys/bluetooth/audio/bap_stream.c:583:5:bt_bap_stream_reconfig	56	dynamic,bounded
C:/ncs/v2.5.0/zephyr/subsys/bluetooth/audio/bap_stream.c:634:5:bt_bap_stream_start	56	dynamic,bounded
C:/ncs/v2.5.0/zephyr/subsys/bluetooth/audio/bap_stream.c:674:5:bt_bap_stream_metadata	64	dynamic,bounded
C:/ncs/v2.5.0/zephyr/subsys/bluetooth/audio/bap_stream.c:721:5:bt_bap_stream_disable	56	dynamic,bounded
C:/ncs/v2.5.0/zephyr/subsys/bluetooth/audio/bap_stream.c:763:5:bt_bap_stream_release	56	dynamic,bounded
