C:/ncs/v2.5.0/zephyr/subsys/bluetooth/audio/csip_set_member.c:293:13:set_sirk_cfg_changed	0	static
C:/ncs/v2.5.0/zephyr/subsys/bluetooth/audio/csip_set_member.c:312:13:set_size_cfg_changed	0	static
C:/ncs/v2.5.0/zephyr/subsys/bluetooth/audio/csip_set_member.c:424:13:set_lock_cfg_changed	0	static
C:/ncs/v2.5.0/zephyr/subsys/bluetooth/audio/csip_set_member.c:682:13:valid_register_param	0	static
C:/ncs/v2.5.0/zephyr/include/zephyr/bluetooth/addr.h:137:20:bt_addr_le_copy	0	static
C:/ncs/v2.5.0/zephyr/subsys/bluetooth/audio/csip_set_member.c:177:12:generate_prand	16	static
C:/ncs/v2.5.0/zephyr/include/zephyr/bluetooth/gatt.h:1173:19:bt_gatt_notify_uuid	32	static
C:/ncs/v2.5.0/zephyr/subsys/bluetooth/audio/csip_set_member.c:77:13:notify_lock_value	24	static
C:/ncs/v2.5.0/zephyr/subsys/bluetooth/audio/csip_set_member.c:111:13:notify_clients	24	static
C:/ncs/v2.5.0/zephyr/subsys/bluetooth/audio/csip_set_member.c:443:13:set_lock_timer_handler	16	static
C:/ncs/v2.5.0/zephyr/subsys/bluetooth/audio/csip_set_member.c:86:13:notify_client	16	static
C:/ncs/v2.5.0/zephyr/subsys/bluetooth/audio/csip_set_member.c:535:13:handle_csip_auth_complete	56	static
C:/ncs/v2.5.0/zephyr/subsys/bluetooth/audio/csip_set_member.c:594:13:auth_pairing_complete	16	static
C:/ncs/v2.5.0/zephyr/subsys/bluetooth/audio/csip_set_member.c:65:13:is_last_client_to_write	8	static
C:/ncs/v2.5.0/zephyr/subsys/bluetooth/audio/csip_set_member.c:619:13:csip_bond_deleted	24	static
C:/ncs/v2.5.0/zephyr/subsys/bluetooth/audio/csip_set_member.c:492:13:handle_csip_disconnect	24	static
C:/ncs/v2.5.0/zephyr/subsys/bluetooth/audio/csip_set_member.c:463:13:csip_security_changed	24	static
C:/ncs/v2.5.0/zephyr/subsys/bluetooth/audio/csip_set_member.c:524:13:csip_disconnected	16	static
C:/ncs/v2.5.0/zephyr/subsys/bluetooth/audio/csip_set_member.c:430:16:read_rank	32	static
C:/ncs/v2.5.0/zephyr/subsys/bluetooth/audio/csip_set_member.c:318:16:read_set_lock	32	static
C:/ncs/v2.5.0/zephyr/subsys/bluetooth/audio/csip_set_member.c:299:16:read_set_size	32	static
C:/ncs/v2.5.0/zephyr/subsys/bluetooth/audio/csip_set_member.c:341:16:set_lock	24	static
C:/ncs/v2.5.0/zephyr/subsys/bluetooth/audio/csip_set_member.c:399:16:write_set_lock	24	static
C:/ncs/v2.5.0/zephyr/subsys/bluetooth/audio/csip_set_member.c:140:12:sirk_encrypt	8	static
C:/ncs/v2.5.0/zephyr/subsys/bluetooth/audio/csip_set_member.c:235:16:read_set_sirk	136	dynamic,bounded
C:/ncs/v2.5.0/zephyr/subsys/bluetooth/audio/csip_set_member.c:705:13:remove_csis_char	32	static
C:/ncs/v2.5.0/zephyr/subsys/bluetooth/audio/csip_set_member.c:204:5:bt_csip_set_member_generate_rsi	80	static
C:/ncs/v2.5.0/zephyr/subsys/bluetooth/audio/csip_set_member.c:677:7:bt_csip_set_member_svc_decl_get	0	static
C:/ncs/v2.5.0/zephyr/subsys/bluetooth/audio/csip_set_member.c:749:5:bt_csip_set_member_register	48	static
C:/ncs/v2.5.0/zephyr/subsys/bluetooth/audio/csip_set_member.c:831:5:bt_csip_set_member_lock	8	static
C:/ncs/v2.5.0/zephyr/subsys/bluetooth/audio/csip_set_member.c:861:6:bt_csip_set_member_print_sirk	0	static
