C:/ncs/v2.5.0/zephyr/include/zephyr/drivers/gpio.h:1706:19:gpio_add_callback	8	static
C:/ncs/v2.5.0/zephyr/include/zephyr/drivers/spi.h:766:19:spi_transceive_dt	8	static
C:/ncs/v2.5.0/zephyr/include/zephyr/drivers/spi.h:849:19:spi_write_dt	8	static
../src/drivers/cs47l63_comm.c:50:13:notification_callback	0	static
../src/drivers/cs47l63_comm.c:242:17:cs47l63_comm_set_supply	0	static
C:/ncs/v2.5.0/zephyr/include/zephyr/drivers/gpio.h:956:19:z_impl_gpio_pin_configure	24	static
C:/ncs/v2.5.0/zephyr/include/zephyr/drivers/gpio.h:1019:19:gpio_pin_configure_dt	8	static
C:/ncs/v2.5.0/zephyr/include/zephyr/drivers/gpio.h:861:19:z_impl_gpio_pin_interrupt_configure	16	static
../src/drivers/cs47l63_comm.c:208:17:cs47l63_comm_gpio_cb_register	8	static
C:/ncs/v2.5.0/zephyr/include/zephyr/drivers/gpio.h:1567:19:gpio_pin_set_raw	8	static
C:/ncs/v2.5.0/zephyr/include/zephyr/drivers/spi.h:699:20:spi_is_ready_dt	8	static
../src/drivers/cs47l63_comm.c:304:13:cs47l63_comm_thread	48	static
../src/drivers/cs47l63_comm.c:297:17:cs47l63_comm_spi_restore_speed	40	static
../src/drivers/cs47l63_comm.c:291:17:cs47l63_comm_spi_throttle_speed	40	static
../src/drivers/cs47l63_comm.c:285:17:cs47l63_comm_disable_irq	40	static
../src/drivers/cs47l63_comm.c:279:17:cs47l63_comm_enable_irq	40	static
../src/drivers/cs47l63_comm.c:271:17:cs47l63_comm_i2c_db_write	40	static
../src/drivers/cs47l63_comm.c:264:17:cs47l63_comm_i2c_write	40	static
../src/drivers/cs47l63_comm.c:255:17:cs47l63_comm_i2c_read_repeated_start	40	static
../src/drivers/cs47l63_comm.c:249:17:cs47l63_comm_i2c_reset	40	static
../src/drivers/cs47l63_comm.c:193:17:cs47l63_comm_gpio_set	56	dynamic,bounded
../src/drivers/cs47l63_comm.c:58:12:spi_mutex_lock	64	dynamic,bounded
../src/drivers/cs47l63_comm.c:80:12:spi_mutex_unlock	64	dynamic,bounded
../src/drivers/cs47l63_comm.c:153:17:cs47l63_comm_reg_write	128	dynamic,bounded
../src/drivers/cs47l63_comm.c:113:17:cs47l63_comm_reg_read	128	dynamic,bounded
C:/ncs/v2.5.0/zephyr/include/zephyr/kernel.h:501:23:k_msleep	8	static
../src/drivers/cs47l63_comm.c:230:17:cs47l63_comm_timer_set	40	static
../src/drivers/cs47l63_comm.c:102:13:cs47l63_comm_pin_int_handler	8	static
../src/drivers/cs47l63_comm.c:324:5:cs47l63_comm_init	304	dynamic,bounded
