C:/ncs/v2.5.0/modules/hal/nordic/nrfx/soc/nrfx_coredep.h:140:24:nrfx_coredep_delay_us	8	static
C:/ncs/v2.5.0/modules/hal/nordic/nrfx/hal/nrf_gpio.h:1292:24:nrf_gpio_pin_present_check	0	static
C:/ncs/v2.5.0/zephyr/soc/arm/nordic_nrf/nrf53/soc.c:97:13:nrf53_anomaly_160_check	16	static
C:/ncs/v2.5.0/modules/hal/nordic/nrfx/hal/nrf_gpio.h:813:35:nrf_gpio_pin_port_decode	16	static
C:/ncs/v2.5.0/modules/hal/nordic/nrfx/hal/nrf_gpio.h:1260:24:nrf_gpio_pin_control_select	16	static
C:/ncs/v2.5.0/zephyr/soc/arm/nordic_nrf/nrf53/soc.c:490:12:nordicsemi_nrf53_init	16	static
C:/ncs/v2.5.0/zephyr/soc/arm/nordic_nrf/nrf53/soc.c:397:12:rtc_pretick_cpuapp_init	16	static
C:/ncs/v2.5.0/zephyr/soc/arm/nordic_nrf/nrf53/soc.c:479:12:rtc_pretick_init	8	static
C:/ncs/v2.5.0/zephyr/soc/arm/nordic_nrf/nrf53/soc.c:343:6:z_arm_on_enter_cpu_idle	8	static
C:/ncs/v2.5.0/zephyr/soc/arm/nordic_nrf/nrf53/soc.c:584:6:arch_busy_wait	8	static
