modules/libmetal/libmetal/lib/include/metal/io.h:161:1:metal_io_phys	8	static
modules/libmetal/libmetal/lib/include/metal/io.h:182:1:metal_io_phys_to_offset	16	static
modules/libmetal/libmetal/lib/include/metal/io.h:206:1:metal_io_phys_to_virt	8	static
modules/libmetal/libmetal/lib/include/metal/io.h:219:1:metal_io_virt_to_phys	8	static
C:/ncs/v2.5.0/modules/lib/open-amp/open-amp/lib/virtio/virtqueue.c:395:17:vq_ring_add_buffer	40	static
C:/ncs/v2.5.0/modules/lib/open-amp/open-amp/lib/virtio/virtqueue.c:444:13:vq_ring_free_chain	8	static
C:/ncs/v2.5.0/modules/lib/open-amp/open-amp/lib/virtio/virtqueue.c:488:13:vq_ring_init	4	static
C:/ncs/v2.5.0/modules/lib/open-amp/open-amp/lib/virtio/virtqueue.c:627:12:vq_ring_must_notify	0	static
C:/ncs/v2.5.0/modules/lib/open-amp/open-amp/lib/virtio/virtqueue.c:679:13:vq_ring_notify	8	static
C:/ncs/v2.5.0/modules/lib/open-amp/open-amp/lib/virtio/virtqueue.c:691:12:virtqueue_nused	0	static
C:/ncs/v2.5.0/modules/lib/open-amp/open-amp/lib/virtio/virtqueue.c:712:12:virtqueue_navail	0	static
C:/ncs/v2.5.0/modules/lib/open-amp/open-amp/lib/virtio/virtqueue.c:514:13:vq_ring_update_avail	0	static
C:/ncs/v2.5.0/modules/lib/open-amp/open-amp/lib/virtio/virtqueue.c:549:12:vq_ring_enable_interrupt	16	static
C:/ncs/v2.5.0/modules/lib/open-amp/open-amp/lib/virtio/virtqueue.c:58:5:virtqueue_create	8	static
C:/ncs/v2.5.0/modules/lib/open-amp/open-amp/lib/virtio/virtqueue.c:93:5:virtqueue_add_buffer	32	static
C:/ncs/v2.5.0/modules/lib/open-amp/open-amp/lib/virtio/virtqueue.c:148:7:virtqueue_get_buffer	24	static
C:/ncs/v2.5.0/modules/lib/open-amp/open-amp/lib/virtio/virtqueue.c:186:10:virtqueue_get_buffer_length	0	static
C:/ncs/v2.5.0/modules/lib/open-amp/open-amp/lib/virtio/virtqueue.c:192:7:virtqueue_get_buffer_addr	8	static
C:/ncs/v2.5.0/modules/lib/open-amp/open-amp/lib/virtio/virtqueue.c:198:6:virtqueue_free	8	static
C:/ncs/v2.5.0/modules/lib/open-amp/open-amp/lib/virtio/virtqueue.c:211:7:virtqueue_get_available_buffer	16	static
C:/ncs/v2.5.0/modules/lib/open-amp/open-amp/lib/virtio/virtqueue.c:243:5:virtqueue_add_consumed_buffer	4	static
C:/ncs/v2.5.0/modules/lib/open-amp/open-amp/lib/virtio/virtqueue.c:279:5:virtqueue_enable_cb	8	static
C:/ncs/v2.5.0/modules/lib/open-amp/open-amp/lib/virtio/virtqueue.c:284:6:virtqueue_disable_cb	0	static
C:/ncs/v2.5.0/modules/lib/open-amp/open-amp/lib/virtio/virtqueue.c:321:6:virtqueue_kick	8	static
C:/ncs/v2.5.0/modules/lib/open-amp/open-amp/lib/virtio/virtqueue.c:336:6:virtqueue_dump	64	static
C:/ncs/v2.5.0/modules/lib/open-amp/open-amp/lib/virtio/virtqueue.c:355:10:virtqueue_get_desc_size	0	static
C:/ncs/v2.5.0/modules/lib/open-amp/open-amp/lib/virtio/virtqueue.c:615:6:virtqueue_notification	8	static
