C:/ncs/v2.5.0/modules/lib/open-amp/open-amp/lib/rpmsg/rpmsg_virtio.c:261:12:rpmsg_virtio_wait_remote_ready	8	static
C:/ncs/v2.5.0/modules/lib/open-amp/open-amp/lib/rpmsg/rpmsg_virtio.c:323:13:rpmsg_virtio_hold_rx_buffer	0	static
C:/ncs/v2.5.0/modules/lib/open-amp/open-amp/lib/rpmsg/rpmsg_virtio.c:532:13:rpmsg_virtio_tx_callback	0	static
modules/libmetal/libmetal/lib/include/metal/system/zephyr/mutex.h:74:20:__metal_mutex_acquire	8	static
C:/ncs/v2.5.0/modules/lib/open-amp/open-amp/lib/rpmsg/rpmsg_virtio.c:289:12:_rpmsg_virtio_get_buffer_size	8	static
C:/ncs/v2.5.0/modules/lib/open-amp/open-amp/lib/rpmsg/rpmsg_virtio.c:453:12:rpmsg_virtio_release_tx_buffer	24	static
C:/ncs/v2.5.0/modules/lib/open-amp/open-amp/lib/rpmsg/rpmsg_virtio.c:616:12:rpmsg_virtio_ns_callback	56	static
C:/ncs/v2.5.0/modules/lib/open-amp/open-amp/lib/rpmsg/rpmsg_virtio.c:90:13:rpmsg_virtio_return_buffer	40	static
C:/ncs/v2.5.0/modules/lib/open-amp/open-amp/lib/rpmsg/rpmsg_virtio.c:132:12:rpmsg_virtio_enqueue_buffer	24	static
C:/ncs/v2.5.0/modules/lib/open-amp/open-amp/lib/rpmsg/rpmsg_virtio.c:229:14:rpmsg_virtio_get_rx_buffer	24	static
C:/ncs/v2.5.0/modules/lib/open-amp/open-amp/lib/rpmsg/rpmsg_virtio.c:544:13:rpmsg_virtio_rx_callback	40	static
C:/ncs/v2.5.0/modules/lib/open-amp/open-amp/lib/rpmsg/rpmsg_virtio.c:401:12:rpmsg_virtio_send_offchannel_nocopy	40	static
C:/ncs/v2.5.0/modules/lib/open-amp/open-amp/lib/rpmsg/rpmsg_virtio.c:335:13:rpmsg_virtio_release_rx_buffer	24	static
modules/libmetal/libmetal/lib/include/metal/system/zephyr/sleep.h:25:19:__metal_sleep_usec	8	static
C:/ncs/v2.5.0/modules/lib/open-amp/open-amp/lib/rpmsg/rpmsg_virtio.c:56:1:rpmsg_virtio_shm_pool_get_buffer	4	static
C:/ncs/v2.5.0/modules/lib/open-amp/open-amp/lib/rpmsg/rpmsg_virtio.c:174:14:rpmsg_virtio_get_tx_buffer	24	static
C:/ncs/v2.5.0/modules/lib/open-amp/open-amp/lib/rpmsg/rpmsg_virtio.c:357:14:rpmsg_virtio_get_tx_payload_buffer	32	static
C:/ncs/v2.5.0/modules/lib/open-amp/open-amp/lib/rpmsg/rpmsg_virtio.c:494:12:rpmsg_virtio_send_offchannel_raw	48	static
C:/ncs/v2.5.0/modules/lib/open-amp/open-amp/lib/rpmsg/rpmsg_virtio.c:70:6:rpmsg_virtio_init_shm_pool	0	static
C:/ncs/v2.5.0/modules/lib/open-amp/open-amp/lib/rpmsg/rpmsg_virtio.c:671:5:rpmsg_virtio_get_buffer_size	16	static
C:/ncs/v2.5.0/modules/lib/open-amp/open-amp/lib/rpmsg/rpmsg_virtio.c:695:5:rpmsg_init_vdev_with_config	72	static
C:/ncs/v2.5.0/modules/lib/open-amp/open-amp/lib/rpmsg/rpmsg_virtio.c:685:5:rpmsg_init_vdev	40	static
C:/ncs/v2.5.0/modules/lib/open-amp/open-amp/lib/rpmsg/rpmsg_virtio.c:860:6:rpmsg_deinit_vdev	8	static
