C:/ncs/v2.5.0/zephyr/subsys/net/buf.c:57:12:pool_id	0	static
C:/ncs/v2.5.0/zephyr/subsys/net/buf.c:72:31:pool_get_uninit	16	static
C:/ncs/v2.5.0/zephyr/subsys/net/buf.c:96:17:generic_data_ref	0	static
C:/ncs/v2.5.0/zephyr/subsys/net/buf.c:159:13:fixed_data_unref	0	static
C:/ncs/v2.5.0/zephyr/subsys/net/buf.c:186:13:heap_data_unref	8	static
C:/ncs/v2.5.0/zephyr/subsys/net/buf.c:171:17:heap_data_alloc	8	static
C:/ncs/v2.5.0/zephyr/subsys/net/buf.c:48:22:net_buf_pool_get	0	static
C:/ncs/v2.5.0/zephyr/subsys/net/buf.c:127:13:mem_pool_data_unref	8	static
C:/ncs/v2.5.0/zephyr/subsys/net/buf.c:106:17:mem_pool_data_alloc	16	static
C:/ncs/v2.5.0/zephyr/subsys/net/buf.c:210:17:data_alloc	24	static
C:/ncs/v2.5.0/zephyr/include/zephyr/net/buf.h:1357:20:net_buf_destroy	8	static
C:/ncs/v2.5.0/zephyr/subsys/net/buf.c:224:13:data_unref	16	static
C:/ncs/v2.5.0/zephyr/subsys/net/buf.c:217:17:data_ref	16	static
C:/ncs/v2.5.0/zephyr/subsys/net/buf.c:62:5:net_buf_id	8	static
C:/ncs/v2.5.0/zephyr/subsys/net/buf.c:148:17:fixed_data_alloc	16	static
C:/ncs/v2.5.0/zephyr/subsys/net/buf.c:88:6:net_buf_reset	8	static
C:/ncs/v2.5.0/zephyr/subsys/net/buf.c:240:17:net_buf_alloc_len	56	static
C:/ncs/v2.5.0/zephyr/subsys/net/buf.c:365:17:net_buf_alloc_fixed	8	static
C:/ncs/v2.5.0/zephyr/subsys/net/buf.c:380:17:net_buf_alloc_with_data	16	static
C:/ncs/v2.5.0/zephyr/subsys/net/buf.c:406:17:net_buf_get	8	static
C:/ncs/v2.5.0/zephyr/subsys/net/buf.c:425:6:net_buf_slist_put	16	static
C:/ncs/v2.5.0/zephyr/subsys/net/buf.c:437:17:net_buf_slist_get	16	static
C:/ncs/v2.5.0/zephyr/subsys/net/buf.c:453:6:net_buf_put	8	static
C:/ncs/v2.5.0/zephyr/subsys/net/buf.c:464:6:net_buf_unref	16	static
C:/ncs/v2.5.0/zephyr/subsys/net/buf.c:512:17:net_buf_ref	8	static
C:/ncs/v2.5.0/zephyr/subsys/net/buf.c:522:17:net_buf_clone	48	static
C:/ncs/v2.5.0/zephyr/subsys/net/buf.c:564:17:net_buf_frag_last	8	static
C:/ncs/v2.5.0/zephyr/subsys/net/buf.c:575:6:net_buf_frag_insert	16	static
C:/ncs/v2.5.0/zephyr/subsys/net/buf.c:587:17:net_buf_frag_add	16	static
C:/ncs/v2.5.0/zephyr/subsys/net/buf.c:605:17:net_buf_frag_del	8	static
C:/ncs/v2.5.0/zephyr/subsys/net/buf.c:631:8:net_buf_linearize	24	static
C:/ncs/v2.5.0/zephyr/subsys/net/buf.c:671:8:net_buf_append_bytes	40	static
