C:/ncs/v2.5.0/zephyr/kernel/init.c:243:13:z_sys_init_run_level	16	static
C:/ncs/v2.5.0/zephyr/kernel/init.c:364:13:init_idle_thread	48	static
C:/ncs/v2.5.0/zephyr/kernel/init.c:302:13:bg_thread_main	8	static
C:/ncs/v2.5.0/zephyr/kernel/init.c:459:27:switch_to_main_thread	8	static
C:/ncs/v2.5.0/zephyr/kernel/init.c:117:13:z_early_memset	8	static
C:/ncs/v2.5.0/zephyr/kernel/init.c:130:13:z_early_memcpy	8	static
C:/ncs/v2.5.0/zephyr/kernel/init.c:141:6:z_bss_zero	8	static
C:/ncs/v2.5.0/zephyr/kernel/init.c:393:6:z_init_cpu	8	static
C:/ncs/v2.5.0/zephyr/kernel/init.c:426:14:prepare_multithreading	40	static
C:/ncs/v2.5.0/zephyr/kernel/init.c:529:20:z_cstart	272	static
