C:/ncs/v2.5.0/zephyr/kernel/mailbox.c:108:12:mbox_message_match	4	static
C:/ncs/v2.5.0/zephyr/kernel/mailbox.c:52:12:init_mbox_module	16	static
C:/ncs/v2.5.0/zephyr/kernel/mailbox.c:219:12:mbox_message_put	56	static
C:/ncs/v2.5.0/zephyr/kernel/mailbox.c:34:20:mbox_async_alloc	8	static
C:/ncs/v2.5.0/zephyr/kernel/include/ksched.h:73:20:z_reschedule_unlocked	8	static
C:/ncs/v2.5.0/zephyr/kernel/mailbox.c:160:13:mbox_message_dispose	8	static
C:/ncs/v2.5.0/zephyr/kernel/mailbox.c:87:6:k_mbox_init	0	static
C:/ncs/v2.5.0/zephyr/kernel/mailbox.c:304:5:k_mbox_put	8	static
C:/ncs/v2.5.0/zephyr/kernel/mailbox.c:320:6:k_mbox_async_put	32	static
C:/ncs/v2.5.0/zephyr/kernel/mailbox.c:344:6:k_mbox_data_get	8	static
C:/ncs/v2.5.0/zephyr/kernel/mailbox.c:376:12:mbox_message_data_check	8	static
C:/ncs/v2.5.0/zephyr/kernel/mailbox.c:391:5:k_mbox_get	48	static
