C:/ncs/v2.5.0/zephyr/kernel/sched.c:450:20:sliceable	0	static
C:/ncs/v2.5.0/zephyr/kernel/sched.c:592:13:thread_active_elsewhere	0	static
C:/ncs/v2.5.0/zephyr/kernel/sched.c:749:13:add_thread_timeout	8	static
C:/ncs/v2.5.0/zephyr/kernel/sched.c:465:13:slice_timeout	8	static
C:/ncs/v2.5.0/zephyr/kernel/sched.c:720:19:pended_on_thread	8	static
C:/ncs/v2.5.0/zephyr/kernel/include/ksched.h:251:20:z_sched_lock	8	static
C:/ncs/v2.5.0/zephyr/kernel/sched.c:99:9:z_sched_prio_cmp	0	static
C:/ncs/v2.5.0/zephyr/kernel/sched.c:480:6:z_reset_time_slice	16	static
C:/ncs/v2.5.0/zephyr/kernel/sched.c:492:6:k_sched_time_slice_set	24	static
C:/ncs/v2.5.0/zephyr/kernel/sched.c:782:20:z_unpend_thread_no_timeout	16	static
C:/ncs/v2.5.0/zephyr/kernel/sched.c:984:6:z_reschedule	16	static
C:/ncs/v2.5.0/zephyr/kernel/sched.c:994:6:z_reschedule_irqlock	8	static
C:/ncs/v2.5.0/zephyr/kernel/include/ksched.h:73:20:z_reschedule_unlocked	8	static
C:/ncs/v2.5.0/zephyr/kernel/sched.c:1004:6:k_sched_lock	16	static
C:/ncs/v2.5.0/zephyr/kernel/sched.c:1031:18:z_swap_next_thread	0	static
C:/ncs/v2.5.0/zephyr/kernel/sched.c:1154:6:z_priq_dumb_remove	8	static
C:/ncs/v2.5.0/zephyr/kernel/sched.c:775:20:unpend_thread_no_timeout	8	static
C:/ncs/v2.5.0/zephyr/kernel/sched.c:910:6:z_unpend_thread	16	static
C:/ncs/v2.5.0/zephyr/kernel/sched.c:1161:18:z_priq_dumb_best	0	static
C:/ncs/v2.5.0/zephyr/kernel/sched.c:564:13:update_cache	16	static
C:/ncs/v2.5.0/zephyr/kernel/sched.c:404:13:move_thread_to_end_of_prio_q	16	static
C:/ncs/v2.5.0/zephyr/kernel/sched.c:514:6:z_time_slice	16	static
C:/ncs/v2.5.0/zephyr/kernel/sched.c:640:6:z_move_thread_to_end_of_prio_q	16	static
C:/ncs/v2.5.0/zephyr/kernel/sched.c:613:13:ready_thread	16	static
C:/ncs/v2.5.0/zephyr/kernel/sched.c:631:6:z_ready_thread	16	static
C:/ncs/v2.5.0/zephyr/kernel/sched.c:647:6:z_sched_start	16	static
C:/ncs/v2.5.0/zephyr/kernel/sched.c:691:6:z_impl_k_thread_resume	16	static
C:/ncs/v2.5.0/zephyr/kernel/sched.c:791:6:z_sched_wake_thread	24	static
C:/ncs/v2.5.0/zephyr/kernel/sched.c:824:6:z_thread_timeout	8	static
C:/ncs/v2.5.0/zephyr/kernel/sched.c:1690:20:unpend_all	16	static
C:/ncs/v2.5.0/zephyr/kernel/sched.c:727:13:unready_thread	8	static
C:/ncs/v2.5.0/zephyr/kernel/sched.c:736:13:add_to_waitq_locked	16	static
C:/ncs/v2.5.0/zephyr/kernel/sched.c:756:13:pend_locked	16	static
C:/ncs/v2.5.0/zephyr/kernel/sched.c:766:6:z_pend_thread	32	static
C:/ncs/v2.5.0/zephyr/kernel/sched.c:833:5:z_pend_curr_irqlock	16	static
C:/ncs/v2.5.0/zephyr/kernel/sched.c:857:5:z_pend_curr	24	static
C:/ncs/v2.5.0/zephyr/kernel/sched.c:919:6:z_set_prio	32	static
C:/ncs/v2.5.0/zephyr/kernel/sched.c:946:6:z_thread_priority_set	8	static
C:/ncs/v2.5.0/zephyr/kernel/sched.c:661:6:z_impl_k_thread_suspend	16	static
C:/ncs/v2.5.0/zephyr/kernel/sched.c:1013:6:k_sched_unlock	16	static
C:/ncs/v2.5.0/zephyr/kernel/sched.c:1706:13:end_thread	8	static
C:/ncs/v2.5.0/zephyr/kernel/sched.c:879:18:z_unpend1_no_timeout	24	static
C:/ncs/v2.5.0/zephyr/kernel/sched.c:894:18:z_unpend_first_thread	24	static
C:/ncs/v2.5.0/zephyr/kernel/sched.c:1172:6:z_priq_rb_lessthan	16	static
C:/ncs/v2.5.0/zephyr/kernel/sched.c:1192:6:z_priq_rb_add	32	dynamic
C:/ncs/v2.5.0/zephyr/kernel/sched.c:1215:6:z_priq_rb_remove	8	static
C:/ncs/v2.5.0/zephyr/kernel/sched.c:1226:18:z_priq_rb_best	8	static
C:/ncs/v2.5.0/zephyr/kernel/sched.c:1263:18:z_priq_mq_best	0	static
C:/ncs/v2.5.0/zephyr/kernel/sched.c:1279:5:z_unpend_all	16	static
C:/ncs/v2.5.0/zephyr/kernel/sched.c:1293:6:init_ready_q	0	static
C:/ncs/v2.5.0/zephyr/kernel/sched.c:1310:6:z_sched_init	8	static
C:/ncs/v2.5.0/zephyr/kernel/sched.c:1321:5:z_impl_k_thread_priority_get	0	static
C:/ncs/v2.5.0/zephyr/kernel/sched.c:1335:6:z_impl_k_thread_priority_set	16	static
C:/ncs/v2.5.0/zephyr/kernel/sched.c:1394:6:k_can_yield	8	static
C:/ncs/v2.5.0/zephyr/kernel/sched.c:1400:6:z_impl_k_yield	16	static
C:/ncs/v2.5.0/zephyr/kernel/sched.c:1425:16:z_tick_sleep	32	static
C:/ncs/v2.5.0/zephyr/kernel/sched.c:1469:9:z_impl_k_sleep	8	static
C:/ncs/v2.5.0/zephyr/kernel/sched.c:1505:9:z_impl_k_usleep	8	static
C:/ncs/v2.5.0/zephyr/kernel/sched.c:1527:6:z_impl_k_wakeup	8	static
C:/ncs/v2.5.0/zephyr/kernel/sched.c:1583:9:z_impl_z_current_get	0	static
C:/ncs/v2.5.0/zephyr/kernel/sched.c:1609:5:z_impl_k_is_preempt_thread	0	static
C:/ncs/v2.5.0/zephyr/kernel/sched.c:1745:6:z_thread_abort	16	static
C:/ncs/v2.5.0/zephyr/kernel/sched.c:1821:5:z_impl_k_thread_join	24	static
C:/ncs/v2.5.0/zephyr/kernel/sched.c:1910:6:z_sched_wake	32	static
C:/ncs/v2.5.0/zephyr/kernel/sched.c:1932:5:z_sched_wait	16	static
C:/ncs/v2.5.0/zephyr/kernel/sched.c:1943:5:z_sched_waitq_walk	32	static
