C:/ncs/v2.5.0/zephyr/kernel/thread.c:263:15:copy_bytes	8	static
C:/ncs/v2.5.0/zephyr/kernel/thread.c:451:14:setup_thread_stack	24	static
C:/ncs/v2.5.0/zephyr/kernel/thread.c:99:6:k_is_in_isr	0	static
C:/ncs/v2.5.0/zephyr/kernel/thread.c:108:6:z_thread_essential_set	0	static
C:/ncs/v2.5.0/zephyr/kernel/thread.c:118:6:z_thread_essential_clear	0	static
C:/ncs/v2.5.0/zephyr/kernel/thread.c:128:6:z_is_thread_essential	0	static
C:/ncs/v2.5.0/zephyr/kernel/thread.c:189:5:z_impl_k_thread_name_set	8	static
C:/ncs/v2.5.0/zephyr/kernel/thread.c:240:13:k_thread_name_get	0	static
C:/ncs/v2.5.0/zephyr/kernel/thread.c:250:5:z_impl_k_thread_name_copy	8	static
C:/ncs/v2.5.0/zephyr/kernel/thread.c:273:13:k_thread_state_str	32	static
C:/ncs/v2.5.0/zephyr/kernel/thread.c:368:6:z_check_stack_sentinel	0	static
C:/ncs/v2.5.0/zephyr/kernel/thread.c:385:6:z_impl_k_thread_start	8	static
C:/ncs/v2.5.0/zephyr/kernel/thread.c:403:13:schedule_new_thread	8	static
C:/ncs/v2.5.0/zephyr/kernel/thread.c:796:6:z_init_thread_base	4	static
C:/ncs/v2.5.0/zephyr/kernel/thread.c:822:20:k_thread_user_mode_enter	8	static
C:/ncs/v2.5.0/zephyr/kernel/thread.c:858:6:z_spin_lock_valid	0	static
C:/ncs/v2.5.0/zephyr/kernel/thread.c:870:6:z_spin_unlock_valid	0	static
C:/ncs/v2.5.0/zephyr/kernel/thread.c:879:6:z_spin_lock_set_owner	0	static
C:/ncs/v2.5.0/zephyr/kernel/thread.c:47:6:k_thread_foreach	24	static
C:/ncs/v2.5.0/zephyr/kernel/thread.c:75:6:k_thread_foreach_unlocked	24	static
C:/ncs/v2.5.0/zephyr/kernel/thread.c:166:6:z_thread_monitor_exit	16	static
C:/ncs/v2.5.0/zephyr/kernel/thread.c:530:7:z_setup_new_thread	56	static
C:/ncs/v2.5.0/zephyr/kernel/thread.c:646:9:z_impl_k_thread_create	40	static
C:/ncs/v2.5.0/zephyr/kernel/thread.c:753:6:z_init_static_threads	40	static
C:/ncs/v2.5.0/zephyr/kernel/thread.c:893:5:z_impl_k_float_disable	8	static
C:/ncs/v2.5.0/zephyr/kernel/thread.c:902:5:z_impl_k_float_enable	8	static
C:/ncs/v2.5.0/zephyr/kernel/thread.c:943:5:z_stack_space_get	4	static
C:/ncs/v2.5.0/zephyr/kernel/thread.c:994:5:z_impl_k_thread_stack_space_get	8	static
C:/ncs/v2.5.0/zephyr/kernel/thread.c:1048:6:z_thread_mark_switched_in	8	static
C:/ncs/v2.5.0/zephyr/kernel/thread.c:1059:6:z_thread_mark_switched_out	8	static
C:/ncs/v2.5.0/zephyr/kernel/thread.c:1077:5:k_thread_runtime_stats_get	8	static
C:/ncs/v2.5.0/zephyr/kernel/thread.c:1093:5:k_thread_runtime_stats_all_get	40	static
