C:/ncs/v2.5.0/modules/hal/nordic/nrfx/hal/nrf_gpio.h:1292:24:nrf_gpio_pin_present_check	0	static
C:/ncs/v2.5.0/zephyr/drivers/spi/spi_context.h:271:21:spi_context_get_next_buf	8	static
C:/ncs/v2.5.0/zephyr/drivers/spi/spi_context.h:291:6:spi_context_buffers_setup	16	static
C:/ncs/v2.5.0/zephyr/drivers/spi/spi_nrfx_spim.c:68:24:get_nrf_spim_frequency	0	static
C:/ncs/v2.5.0/zephyr/include/zephyr/drivers/gpio.h:1567:19:gpio_pin_set_raw	8	static
C:/ncs/v2.5.0/zephyr/include/zephyr/drivers/gpio.h:1607:19:gpio_pin_set	16	static
C:/ncs/v2.5.0/zephyr/drivers/spi/spi_context.h:236:20:_spi_context_cs_control	8	static
C:/ncs/v2.5.0/modules/hal/nordic/nrfx/hal/nrf_gpio.h:813:35:nrf_gpio_pin_port_decode	16	static
C:/ncs/v2.5.0/modules/hal/nordic/nrfx/hal/nrf_gpio.h:1021:24:nrf_gpio_pin_clear	16	static
C:/ncs/v2.5.0/modules/hal/nordic/nrfx/hal/nrf_gpio.h:1013:24:nrf_gpio_pin_set	16	static
C:/ncs/v2.5.0/modules/hal/nordic/nrfx/hal/nrf_gpio.h:1039:24:nrf_gpio_pin_write	8	static
C:/ncs/v2.5.0/zephyr/include/zephyr/drivers/gpio.h:956:19:z_impl_gpio_pin_configure	24	static
C:/ncs/v2.5.0/zephyr/include/zephyr/drivers/gpio.h:1019:19:gpio_pin_configure_dt	8	static
C:/ncs/v2.5.0/zephyr/drivers/spi/spi_context.h:260:20:spi_context_unlock_unconditionally	8	static
C:/ncs/v2.5.0/zephyr/drivers/spi/spi_nrfx_spim.c:470:12:spi_nrfx_release	8	static
C:/ncs/v2.5.0/zephyr/drivers/spi/spi_nrfx_spim.c:287:13:finish_transaction	16	static
C:/ncs/v2.5.0/zephyr/drivers/spi/spi_context.h:111:20:spi_context_release	8	static
C:/ncs/v2.5.0/zephyr/drivers/spi/spi_context.h:89:20:spi_context_lock	16	static
C:/ncs/v2.5.0/zephyr/drivers/spi/spi_nrfx_spim.c:119:12:configure	232	dynamic,bounded
C:/ncs/v2.5.0/zephyr/drivers/spi/spi_context.h:135:19:spi_context_wait_for_completion	48	static
C:/ncs/v2.5.0/zephyr/drivers/spi/spi_nrfx_spim.c:300:13:transfer_next_chunk	40	static
C:/ncs/v2.5.0/zephyr/drivers/spi/spi_nrfx_spim.c:360:13:event_handler	64	static
C:/ncs/v2.5.0/zephyr/drivers/spi/spi_nrfx_spim.c:383:12:transceive	72	static
C:/ncs/v2.5.0/zephyr/drivers/spi/spi_nrfx_spim.c:450:12:spi_nrfx_transceive	24	static
C:/ncs/v2.5.0/zephyr/drivers/spi/spi_nrfx_spim.c:673:1:irq_connect4	8	static
C:/ncs/v2.5.0/zephyr/include/zephyr/drivers/pinctrl.h:342:19:pinctrl_apply_state	16	static
C:/ncs/v2.5.0/zephyr/drivers/spi/spi_context.h:215:19:spi_context_cs_configure_all	72	dynamic,bounded
C:/ncs/v2.5.0/zephyr/drivers/spi/spi_nrfx_spim.c:538:12:spi_nrfx_init	72	static
