C:/ncs/v2.5.0/zephyr/include/zephyr/sys/byteorder.h:554:20:sys_mem_swap	4	static
C:/ncs/v2.5.0/zephyr/include/zephyr/sys/byteorder.h:528:20:sys_memcpy_swap	8	static
C:/ncs/v2.5.0/zephyr/subsys/bluetooth/crypto/bt_crypto.c:21:5:bt_crypto_aes_cmac	280	static
C:/ncs/v2.5.0/zephyr/subsys/bluetooth/crypto/bt_crypto.c:41:5:bt_crypto_f4	112	static
C:/ncs/v2.5.0/zephyr/subsys/bluetooth/crypto/bt_crypto.c:78:5:bt_crypto_f5	128	static
C:/ncs/v2.5.0/zephyr/subsys/bluetooth/crypto/bt_crypto.c:139:5:bt_crypto_f6	120	static
C:/ncs/v2.5.0/zephyr/subsys/bluetooth/crypto/bt_crypto.c:182:5:bt_crypto_g2	120	static
C:/ncs/v2.5.0/zephyr/subsys/bluetooth/crypto/bt_crypto.c:214:5:bt_crypto_h6	40	static
C:/ncs/v2.5.0/zephyr/subsys/bluetooth/crypto/bt_crypto.c:238:5:bt_crypto_h7	48	static
C:/ncs/v2.5.0/zephyr/subsys/bluetooth/crypto/bt_crypto.c:262:5:bt_crypto_h8	72	static
