C:/ncs/v2.5.0/zephyr/drivers/adc/adc_shell.c:391:13:cmd_adc_dev_get	0	static
C:/ncs/v2.5.0/zephyr/drivers/adc/adc_shell.c:96:24:get_adc	16	static
C:/ncs/v2.5.0/zephyr/drivers/adc/adc_shell.c:323:12:cmd_adc_print	32	static
C:/ncs/v2.5.0/zephyr/drivers/adc/adc_shell.c:246:12:cmd_adc_reso	16	static
C:/ncs/v2.5.0/zephyr/drivers/adc/adc_shell.c:294:12:cmd_adc_read	40	static
C:/ncs/v2.5.0/zephyr/drivers/adc/adc_shell.c:159:12:cmd_adc_ch_pos	16	static
C:/ncs/v2.5.0/zephyr/drivers/adc/adc_shell.c:132:12:cmd_adc_ch_neg	16	static
C:/ncs/v2.5.0/zephyr/drivers/adc/adc_shell.c:109:12:cmd_adc_ch_id	16	static
C:/ncs/v2.5.0/zephyr/drivers/adc/adc_shell.c:210:12:cmd_adc_acq	16	static
C:/ncs/v2.5.0/zephyr/drivers/adc/adc_shell.c:268:12:cmd_adc_ref	24	static
C:/ncs/v2.5.0/zephyr/drivers/adc/adc_shell.c:343:1:cmd_dict_cmd_adc_ref_EXTERNAL_1	8	static
C:/ncs/v2.5.0/zephyr/drivers/adc/adc_shell.c:343:1:cmd_dict_cmd_adc_ref_EXTERNAL_0	8	static
C:/ncs/v2.5.0/zephyr/drivers/adc/adc_shell.c:343:1:cmd_dict_cmd_adc_ref_INTERNAL	8	static
C:/ncs/v2.5.0/zephyr/drivers/adc/adc_shell.c:343:1:cmd_dict_cmd_adc_ref_VDD_1_4	8	static
C:/ncs/v2.5.0/zephyr/drivers/adc/adc_shell.c:343:1:cmd_dict_cmd_adc_ref_VDD_1_3	8	static
C:/ncs/v2.5.0/zephyr/drivers/adc/adc_shell.c:343:1:cmd_dict_cmd_adc_ref_VDD_1_2	8	static
C:/ncs/v2.5.0/zephyr/drivers/adc/adc_shell.c:343:1:cmd_dict_cmd_adc_ref_VDD_1	8	static
C:/ncs/v2.5.0/zephyr/drivers/adc/adc_shell.c:186:12:cmd_adc_gain	24	static
C:/ncs/v2.5.0/zephyr/drivers/adc/adc_shell.c:353:1:cmd_dict_cmd_adc_gain_GAIN_64	8	static
C:/ncs/v2.5.0/zephyr/drivers/adc/adc_shell.c:353:1:cmd_dict_cmd_adc_gain_GAIN_32	8	static
C:/ncs/v2.5.0/zephyr/drivers/adc/adc_shell.c:353:1:cmd_dict_cmd_adc_gain_GAIN_16	8	static
C:/ncs/v2.5.0/zephyr/drivers/adc/adc_shell.c:353:1:cmd_dict_cmd_adc_gain_GAIN_8	8	static
C:/ncs/v2.5.0/zephyr/drivers/adc/adc_shell.c:353:1:cmd_dict_cmd_adc_gain_GAIN_4	8	static
C:/ncs/v2.5.0/zephyr/drivers/adc/adc_shell.c:353:1:cmd_dict_cmd_adc_gain_GAIN_3	8	static
C:/ncs/v2.5.0/zephyr/drivers/adc/adc_shell.c:353:1:cmd_dict_cmd_adc_gain_GAIN_2	8	static
C:/ncs/v2.5.0/zephyr/drivers/adc/adc_shell.c:353:1:cmd_dict_cmd_adc_gain_GAIN_1	8	static
C:/ncs/v2.5.0/zephyr/drivers/adc/adc_shell.c:353:1:cmd_dict_cmd_adc_gain_GAIN_2_3	8	static
C:/ncs/v2.5.0/zephyr/drivers/adc/adc_shell.c:353:1:cmd_dict_cmd_adc_gain_GAIN_1_2	8	static
C:/ncs/v2.5.0/zephyr/drivers/adc/adc_shell.c:353:1:cmd_dict_cmd_adc_gain_GAIN_1_3	8	static
C:/ncs/v2.5.0/zephyr/drivers/adc/adc_shell.c:353:1:cmd_dict_cmd_adc_gain_GAIN_1_4	8	static
C:/ncs/v2.5.0/zephyr/drivers/adc/adc_shell.c:353:1:cmd_dict_cmd_adc_gain_GAIN_1_5	8	static
C:/ncs/v2.5.0/zephyr/drivers/adc/adc_shell.c:353:1:cmd_dict_cmd_adc_gain_GAIN_1_6	8	static
